Archive member included to satisfy reference by file (symbol)

c:/program files (x86)/atmel/studio/7.0/toolchain/arm/arm-gnu-toolchain/bin/../lib/gcc/arm-none-eabi/6.3.1/../../../../arm-none-eabi/lib/thumb/v7e-m\libc_nano.a(lib_a-exit.o)
                              c:/program files (x86)/atmel/studio/7.0/toolchain/arm/arm-gnu-toolchain/bin/../lib/gcc/arm-none-eabi/6.3.1/../../../../arm-none-eabi/lib/thumb/v7e-m/crt0.o (exit)
c:/program files (x86)/atmel/studio/7.0/toolchain/arm/arm-gnu-toolchain/bin/../lib/gcc/arm-none-eabi/6.3.1/../../../../arm-none-eabi/lib/thumb/v7e-m\libc_nano.a(lib_a-impure.o)
                              c:/program files (x86)/atmel/studio/7.0/toolchain/arm/arm-gnu-toolchain/bin/../lib/gcc/arm-none-eabi/6.3.1/../../../../arm-none-eabi/lib/thumb/v7e-m\libc_nano.a(lib_a-exit.o) (_global_impure_ptr)
c:/program files (x86)/atmel/studio/7.0/toolchain/arm/arm-gnu-toolchain/bin/../lib/gcc/arm-none-eabi/6.3.1/../../../../arm-none-eabi/lib/thumb/v7e-m\libc_nano.a(lib_a-init.o)
                              c:/program files (x86)/atmel/studio/7.0/toolchain/arm/arm-gnu-toolchain/bin/../lib/gcc/arm-none-eabi/6.3.1/../../../../arm-none-eabi/lib/thumb/v7e-m/crt0.o (__libc_init_array)
c:/program files (x86)/atmel/studio/7.0/toolchain/arm/arm-gnu-toolchain/bin/../lib/gcc/arm-none-eabi/6.3.1/../../../../arm-none-eabi/lib/thumb/v7e-m\libc_nano.a(lib_a-memcpy-stub.o)
                              hpl/usbhs/hpl_usbhs.o (memcpy)
c:/program files (x86)/atmel/studio/7.0/toolchain/arm/arm-gnu-toolchain/bin/../lib/gcc/arm-none-eabi/6.3.1/../../../../arm-none-eabi/lib/thumb/v7e-m\libc_nano.a(lib_a-memset.o)
                              c:/program files (x86)/atmel/studio/7.0/toolchain/arm/arm-gnu-toolchain/bin/../lib/gcc/arm-none-eabi/6.3.1/../../../../arm-none-eabi/lib/thumb/v7e-m/crt0.o (memset)
c:/program files (x86)/atmel/studio/7.0/toolchain/arm/arm-gnu-toolchain/bin/../lib/gcc/arm-none-eabi/6.3.1/../../../../arm-none-eabi/lib/thumb/v7e-m\libc_nano.a(lib_a-printf.o)
                              hal/utils/src/utils_syscalls.o (printf)
c:/program files (x86)/atmel/studio/7.0/toolchain/arm/arm-gnu-toolchain/bin/../lib/gcc/arm-none-eabi/6.3.1/../../../../arm-none-eabi/lib/thumb/v7e-m\libc_nano.a(lib_a-findfp.o)
                              c:/program files (x86)/atmel/studio/7.0/toolchain/arm/arm-gnu-toolchain/bin/../lib/gcc/arm-none-eabi/6.3.1/../../../../arm-none-eabi/lib/thumb/v7e-m\libc_nano.a(lib_a-printf.o) (__sinit)
c:/program files (x86)/atmel/studio/7.0/toolchain/arm/arm-gnu-toolchain/bin/../lib/gcc/arm-none-eabi/6.3.1/../../../../arm-none-eabi/lib/thumb/v7e-m\libc_nano.a(lib_a-fwalk.o)
                              c:/program files (x86)/atmel/studio/7.0/toolchain/arm/arm-gnu-toolchain/bin/../lib/gcc/arm-none-eabi/6.3.1/../../../../arm-none-eabi/lib/thumb/v7e-m\libc_nano.a(lib_a-findfp.o) (_fwalk)
c:/program files (x86)/atmel/studio/7.0/toolchain/arm/arm-gnu-toolchain/bin/../lib/gcc/arm-none-eabi/6.3.1/../../../../arm-none-eabi/lib/thumb/v7e-m\libc_nano.a(lib_a-nano-mallocr.o)
                              c:/program files (x86)/atmel/studio/7.0/toolchain/arm/arm-gnu-toolchain/bin/../lib/gcc/arm-none-eabi/6.3.1/../../../../arm-none-eabi/lib/thumb/v7e-m\libc_nano.a(lib_a-findfp.o) (_malloc_r)
c:/program files (x86)/atmel/studio/7.0/toolchain/arm/arm-gnu-toolchain/bin/../lib/gcc/arm-none-eabi/6.3.1/../../../../arm-none-eabi/lib/thumb/v7e-m\libc_nano.a(lib_a-nano-vfprintf.o)
                              c:/program files (x86)/atmel/studio/7.0/toolchain/arm/arm-gnu-toolchain/bin/../lib/gcc/arm-none-eabi/6.3.1/../../../../arm-none-eabi/lib/thumb/v7e-m\libc_nano.a(lib_a-printf.o) (_vfprintf_r)
c:/program files (x86)/atmel/studio/7.0/toolchain/arm/arm-gnu-toolchain/bin/../lib/gcc/arm-none-eabi/6.3.1/../../../../arm-none-eabi/lib/thumb/v7e-m\libc_nano.a(lib_a-nano-vfprintf_i.o)
                              c:/program files (x86)/atmel/studio/7.0/toolchain/arm/arm-gnu-toolchain/bin/../lib/gcc/arm-none-eabi/6.3.1/../../../../arm-none-eabi/lib/thumb/v7e-m\libc_nano.a(lib_a-nano-vfprintf.o) (_printf_i)
c:/program files (x86)/atmel/studio/7.0/toolchain/arm/arm-gnu-toolchain/bin/../lib/gcc/arm-none-eabi/6.3.1/../../../../arm-none-eabi/lib/thumb/v7e-m\libc_nano.a(lib_a-sbrkr.o)
                              c:/program files (x86)/atmel/studio/7.0/toolchain/arm/arm-gnu-toolchain/bin/../lib/gcc/arm-none-eabi/6.3.1/../../../../arm-none-eabi/lib/thumb/v7e-m\libc_nano.a(lib_a-nano-mallocr.o) (_sbrk_r)
c:/program files (x86)/atmel/studio/7.0/toolchain/arm/arm-gnu-toolchain/bin/../lib/gcc/arm-none-eabi/6.3.1/../../../../arm-none-eabi/lib/thumb/v7e-m\libc_nano.a(lib_a-stdio.o)
                              c:/program files (x86)/atmel/studio/7.0/toolchain/arm/arm-gnu-toolchain/bin/../lib/gcc/arm-none-eabi/6.3.1/../../../../arm-none-eabi/lib/thumb/v7e-m\libc_nano.a(lib_a-findfp.o) (__sread)
[...]
Memory Configuration

Name             Origin             Length             Attributes
rom              0x00400000         0x00200000         xr
ram              0x20400000         0x00060000         xrw
*default*        0x00000000         0xffffffff

Linker script and memory map

LOAD c:/program files (x86)/atmel/studio/7.0/toolchain/arm/arm-gnu-toolchain/bin/../lib/gcc/arm-none-eabi/6.3.1/thumb/v7e-m/crti.o
LOAD c:/program files (x86)/atmel/studio/7.0/toolchain/arm/arm-gnu-toolchain/bin/../lib/gcc/arm-none-eabi/6.3.1/thumb/v7e-m/crtbegin.o
LOAD c:/program files (x86)/atmel/studio/7.0/toolchain/arm/arm-gnu-toolchain/bin/../lib/gcc/arm-none-eabi/6.3.1/../../../../arm-none-eabi/lib/thumb/v7e-m/crt0.o
LOAD AT86_Impl.o
LOAD atmel_start.o
LOAD Device_Startup/startup_sams70q21.o
LOAD Device_Startup/system_sams70q21.o
LOAD driver_init.o
LOAD examples/driver_examples.o
LOAD Glue.o
LOAD hal/src/hal_atomic.o
LOAD hal/src/hal_dac_sync.o
LOAD hal/src/hal_delay.o
LOAD hal/src/hal_ext_irq.o
LOAD hal/src/hal_gpio.o
LOAD hal/src/hal_i2c_m_sync.o
LOAD hal/src/hal_init.o
LOAD hal/src/hal_io.o
LOAD hal/src/hal_sleep.o
LOAD hal/src/hal_spi_m_dma.o
LOAD hal/src/hal_usart_async.o
LOAD hal/src/hal_usart_sync.o
LOAD hal/src/hal_usb_device.o
LOAD hal/utils/src/utils_assert.o
LOAD hal/utils/src/utils_event.o
LOAD hal/utils/src/utils_list.o
LOAD hal/utils/src/utils_ringbuffer.o
LOAD hal/utils/src/utils_syscalls.o
LOAD hpl/core/hpl_core_m7_base.o
LOAD hpl/core/hpl_init.o
LOAD hpl/dac/hpl_dac.o
LOAD hpl/pio/hpl_pio_ext.o
LOAD hpl/pmc/hpl_pmc.o
LOAD hpl/pmc/hpl_sleep.o
LOAD hpl/spi/hpl_spi.o
LOAD hpl/twihs/hpl_twihs.o
LOAD hpl/uart/hpl_uart.o
LOAD hpl/usbhs/hpl_usbhs.o
LOAD hpl/xdmac/hpl_xdmac.o
LOAD main.o
START GROUP
LOAD c:/program files (x86)/atmel/studio/7.0/toolchain/arm/arm-gnu-toolchain/bin/../lib/gcc/arm-none-eabi/6.3.1/../../../../arm-none-eabi/lib/thumb/v7e-m\libm.a
END GROUP
START GROUP
LOAD c:/program files (x86)/atmel/studio/7.0/toolchain/arm/arm-gnu-toolchain/bin/../lib/gcc/arm-none-eabi/6.3.1/thumb/v7e-m\libgcc.a
LOAD c:/program files (x86)/atmel/studio/7.0/toolchain/arm/arm-gnu-toolchain/bin/../lib/gcc/arm-none-eabi/6.3.1/../../../../arm-none-eabi/lib/thumb/v7e-m\libc_nano.a
END GROUP
START GROUP
LOAD c:/program files (x86)/atmel/studio/7.0/toolchain/arm/arm-gnu-toolchain/bin/../lib/gcc/arm-none-eabi/6.3.1/thumb/v7e-m\libgcc.a
LOAD c:/program files (x86)/atmel/studio/7.0/toolchain/arm/arm-gnu-toolchain/bin/../lib/gcc/arm-none-eabi/6.3.1/../../../../arm-none-eabi/lib/thumb/v7e-m\libc_nano.a
END GROUP
LOAD c:/program files (x86)/atmel/studio/7.0/toolchain/arm/arm-gnu-toolchain/bin/../lib/gcc/arm-none-eabi/6.3.1/thumb/v7e-m/crtend.o
LOAD c:/program files (x86)/atmel/studio/7.0/toolchain/arm/arm-gnu-toolchain/bin/../lib/gcc/arm-none-eabi/6.3.1/thumb/v7e-m/crtn.o
                0x00000400                STACK_SIZE = DEFINED (STACK_SIZE)?STACK_SIZE:DEFINED (__stack_size__)?__stack_size__:0x400
                0x00000200                HEAP_SIZE = DEFINED (HEAP_SIZE)?HEAP_SIZE:DEFINED (__heap_size__)?__heap_size__:0x200

.text           0x00400000     0x7df4
                0x00400000                . = ALIGN (0x4)
                0x00400000                _sfixed = .
 *(.vectors .vectors.*)
 .vectors       0x00400000      0x154 Device_Startup/startup_sams70q21.o
                0x00400000                exception_table
 *(.text .text.* .gnu.linkonce.t.*)
 .text          0x00400154       0x6c c:/program files (x86)/atmel/studio/7.0/toolchain/arm/arm-gnu-toolchain/bin/../lib/gcc/arm-none-eabi/6.3.1/thumb/v7e-m/crtbegin.o
 .text.AT86_Init
                0x004001c0      0x124 AT86_Impl.o
                0x004001c0                AT86_Init
 .text.AT86_Tick
                0x004002e4      0x218 AT86_Impl.o
                0x004002e4                AT86_Tick
 .text.AT86_FSM
                0x004004fc      0x1b0 AT86_Impl.o
                0x004004fc                AT86_FSM
 .text.AT86_BB_FSM
                0x004006ac      0x378 AT86_Impl.o
                0x004006ac                AT86_BB_FSM
 .text.AT86_IRQ_Handler
                0x00400a24       0x28 AT86_Impl.o
                0x00400a24                AT86_IRQ_Handler
 .text.AT86_write_reg
                0x00400a4c       0x68 AT86_Impl.o
                0x00400a4c                AT86_write_reg
 .text.AT86_read_bytes_from_reg
                0x00400ab4       0x60 AT86_Impl.o
                0x00400ab4                AT86_read_bytes_from_reg
 .text.atmel_start_init
                0x00400b14       0x10 atmel_start.o
                0x00400b14                atmel_start_init
 .text.Reset_Handler
                0x00400b24       0x84 Device_Startup/startup_sams70q21.o
                0x00400b24                Reset_Handler
 .text.Dummy_Handler
                0x00400ba8        0x6 Device_Startup/startup_sams70q21.o
                0x00400ba8                DACC_Handler
                0x00400ba8                SVCall_Handler
                0x00400ba8                UART3_Handler
                0x00400ba8                UART2_Handler
                0x00400ba8                TRNG_Handler
                0x00400ba8                HardFault_Handler
                0x00400ba8                TC2_Handler
                0x00400ba8                SysTick_Handler
                0x00400ba8                AFEC1_Handler
                0x00400ba8                PendSV_Handler
                0x00400ba8                TC7_Handler
                0x00400ba8                QSPI_Handler
                0x00400ba8                NonMaskableInt_Handler
                0x00400ba8                ISI_Handler
                0x00400ba8                TC9_Handler
                0x00400ba8                RSWDT_Handler
                0x00400ba8                USART0_Handler
                0x00400ba8                RTT_Handler
                0x00400ba8                IXC_Handler
                0x00400ba8                CCF_Handler
                0x00400ba8                RTC_Handler
                0x00400ba8                UsageFault_Handler
                0x00400ba8                TC6_Handler
                0x00400ba8                WDT_Handler
                0x00400ba8                TC4_Handler
                0x00400ba8                TC1_Handler
                0x00400ba8                HSMCI_Handler
                0x00400ba8                UART1_Handler
                0x00400ba8                TC3_Handler
                0x00400ba8                Dummy_Handler
                0x00400ba8                TWIHS1_Handler
                0x00400ba8                PWM1_Handler
                0x00400ba8                USART1_Handler
                0x00400ba8                PWM0_Handler
                0x00400ba8                PIOA_Handler
                0x00400ba8                AFEC0_Handler
                0x00400ba8                CCW_Handler
                0x00400ba8                TC11_Handler
                0x00400ba8                SSC_Handler
                0x00400ba8                ACC_Handler
                0x00400ba8                PMC_Handler
                0x00400ba8                SUPC_Handler
                0x00400ba8                TC8_Handler
                0x00400ba8                EFC_Handler
                0x00400ba8                USART2_Handler
                0x00400ba8                SDRAMC_Handler
                0x00400ba8                PIOE_Handler
                0x00400ba8                SPI1_Handler
                0x00400ba8                TC10_Handler
                0x00400ba8                TWIHS2_Handler
                0x00400ba8                UART0_Handler
                0x00400ba8                PIOC_Handler
                0x00400ba8                FPU_Handler
                0x00400ba8                BusFault_Handler
                0x00400ba8                RSTC_Handler
                0x00400ba8                TC0_Handler
                0x00400ba8                MemoryManagement_Handler
                0x00400ba8                DebugMonitor_Handler
                0x00400ba8                TC5_Handler
                0x00400ba8                AES_Handler
                0x00400ba8                ICM_Handler
                0x00400ba8                TWIHS0_Handler
                0x00400ba8                SPI0_Handler
 .text.hri_matrix_set_CCFG_SYSIO_reg
                0x00400bae       0x26 driver_init.o
 .text.hri_pio_set_PSR_reg
                0x00400bd4       0x1c driver_init.o
 .text.hri_pio_clear_PSR_reg
                0x00400bf0       0x1c driver_init.o
 .text.hri_pio_set_OSR_reg
                0x00400c0c       0x1c driver_init.o
 .text.hri_pio_clear_OSR_reg
                0x00400c28       0x1c driver_init.o
 .text.hri_pio_set_ODSR_reg
                0x00400c44       0x1c driver_init.o
 .text.hri_pio_clear_ODSR_reg
                0x00400c60       0x1c driver_init.o
 .text.hri_pio_set_PUSR_reg
                0x00400c7c       0x1c driver_init.o
 .text.hri_pio_clear_PUSR_reg
                0x00400c98       0x1c driver_init.o
 .text.hri_pio_set_PPDSR_reg
                0x00400cb4       0x1e driver_init.o
 .text.hri_pio_clear_PPDSR_reg
                0x00400cd2       0x1e driver_init.o
 .text.hri_pio_set_ABCDSR_reg
                0x00400cf0       0x32 driver_init.o
 .text.hri_pio_clear_ABCDSR_reg
                0x00400d22       0x34 driver_init.o
 .text.hri_pmc_set_PCSR0_reg
                0x00400d56       0x1c driver_init.o
 .text.hri_pmc_get_PCSR0_reg
                0x00400d72       0x26 driver_init.o
 .text.hri_pmc_set_PCSR1_reg
                0x00400d98       0x1e driver_init.o
 .text.hri_pmc_get_PCSR1_reg
                0x00400db6       0x28 driver_init.o
 .text.hri_pmc_write_PCR_reg
                0x00400dde       0x1e driver_init.o
 .text.hri_pmc_read_PCR_reg
                0x00400dfc       0x1a driver_init.o
 .text.hri_wdt_set_MR_WDDIS_bit
                0x00400e16       0x20 driver_init.o
 *fill*         0x00400e36        0x2 
 .text.port_to_reg
                0x00400e38       0x24 driver_init.o
 .text._gpio_set_direction
                0x00400e5c       0x64 driver_init.o
 .text._gpio_set_level
                0x00400ec0       0x48 driver_init.o
 .text._gpio_set_pin_pull_mode
                0x00400f08       0xc0 driver_init.o
 .text._gpio_set_pin_function
                0x00400fc8      0x108 driver_init.o
 .text.gpio_set_pin_pull_mode
                0x004010d0       0x34 driver_init.o
 .text.gpio_set_pin_function
                0x00401104       0x20 driver_init.o
 .text.gpio_set_pin_direction
                0x00401124       0x38 driver_init.o
 .text.gpio_set_pin_level
                0x0040115c       0x38 driver_init.o
 .text.init_mcu
                0x00401194       0x10 driver_init.o
 .text._pmc_enable_periph_clock
                0x004011a4       0xb4 driver_init.o
 .text.DAC_0_PORT_init
                0x00401258       0x20 driver_init.o
                0x00401258                DAC_0_PORT_init
 .text.DAC_0_CLOCK_init
                0x00401278       0x14 driver_init.o
                0x00401278                DAC_0_CLOCK_init
 .text.DAC_0_init
                0x0040128c       0x2c driver_init.o
                0x0040128c                DAC_0_init
 .text.EXTERNAL_IRQ_0_init
                0x004012b8       0x30 driver_init.o
                0x004012b8                EXTERNAL_IRQ_0_init
 .text.EXTERNAL_IRQ_1_init
                0x004012e8       0x30 driver_init.o
                0x004012e8                EXTERNAL_IRQ_1_init
 .text.SPI_1_PORT_init
                0x00401318       0x24 driver_init.o
                0x00401318                SPI_1_PORT_init
 .text.SPI_1_CLOCK_init
                0x0040133c       0x14 driver_init.o
                0x0040133c                SPI_1_CLOCK_init
 .text.SPI_1_init
                0x00401350       0x2c driver_init.o
                0x00401350                SPI_1_init
 .text.SPI_0_PORT_init
                0x0040137c       0x24 driver_init.o
                0x0040137c                SPI_0_PORT_init
 .text.SPI_0_CLOCK_init
                0x004013a0       0x14 driver_init.o
                0x004013a0                SPI_0_CLOCK_init
 .text.SPI_0_init
                0x004013b4       0x2c driver_init.o
                0x004013b4                SPI_0_init
 .text.I2C_0_PORT_init
                0x004013e0       0x1c driver_init.o
                0x004013e0                I2C_0_PORT_init
 .text.I2C_0_CLOCK_init
                0x004013fc       0x14 driver_init.o
                0x004013fc                I2C_0_CLOCK_init
 .text.I2C_0_init
                0x00401410       0x2c driver_init.o
                0x00401410                I2C_0_init
 .text.I2C_INSTANCE_PORT_init
                0x0040143c        0xe driver_init.o
                0x0040143c                I2C_INSTANCE_PORT_init
 *fill*         0x0040144a        0x2 
 .text.I2C_INSTANCE_CLOCK_init
                0x0040144c       0x14 driver_init.o
                0x0040144c                I2C_INSTANCE_CLOCK_init
 .text.I2C_INSTANCE_init
                0x00401460       0x2c driver_init.o
                0x00401460                I2C_INSTANCE_init
 .text.USART_0_PORT_init
                0x0040148c       0x1c driver_init.o
                0x0040148c                USART_0_PORT_init
 .text.USART_0_CLOCK_init
                0x004014a8       0x14 driver_init.o
                0x004014a8                USART_0_CLOCK_init
 .text.USART_0_init
                0x004014bc       0x38 driver_init.o
                0x004014bc                USART_0_init
 .text.USART_1_CLOCK_init
                0x004014f4       0x14 driver_init.o
                0x004014f4                USART_1_CLOCK_init
 .text.USART_1_PORT_init
                0x00401508       0x1c driver_init.o
                0x00401508                USART_1_PORT_init
 .text.USART_1_init
                0x00401524       0x48 driver_init.o
                0x00401524                USART_1_init
 .text.USB_0_CLOCK_init
                0x0040156c       0x14 driver_init.o
                0x0040156c                USB_0_CLOCK_init
 .text.USB_0_init
                0x00401580       0x18 driver_init.o
                0x00401580                USB_0_init
 .text.system_init
                0x00401598      0x124 driver_init.o
                0x00401598                system_init
 .text.hri_pio_set_ODSR_reg
                0x004016bc       0x1c Glue.o
 .text.hri_pio_get_ODSR_reg
                0x004016d8       0x26 Glue.o
 .text.hri_pio_clear_ODSR_reg
                0x004016fe       0x1c Glue.o
 *fill*         0x0040171a        0x2 
 .text.port_to_reg
                0x0040171c       0x24 Glue.o
 .text._gpio_set_level
                0x00401740       0x48 Glue.o
 .text._gpio_toggle_level
                0x00401788       0x54 Glue.o
 .text.gpio_set_pin_level
                0x004017dc       0x38 Glue.o
 .text.gpio_toggle_pin_level
                0x00401814       0x30 Glue.o
 .text.glue_crash_and_burn
                0x00401844       0x30 Glue.o
 .text.glue_init
                0x00401874      0x120 Glue.o
                0x00401874                glue_init
 .text.glue_set_peripherals_inited
                0x00401994       0x18 Glue.o
                0x00401994                glue_set_peripherals_inited
 .text.glue_enforce_driver_init
                0x004019ac       0x24 Glue.o
                0x004019ac                glue_enforce_driver_init
 .text.glue_spi0_dma_transfer
                0x004019d0       0x7c Glue.o
                0x004019d0                glue_spi0_dma_transfer
 .text.glue_spi1_dma_transfer
                0x00401a4c       0x7c Glue.o
                0x00401a4c                glue_spi1_dma_transfer
 .text.glue_spi_dma_transfer
                0x00401ac8       0x54 Glue.o
                0x00401ac8                glue_spi_dma_transfer
 .text.glue_spi_in_process
                0x00401b1c       0x74 Glue.o
                0x00401b1c                glue_spi_in_process
 .text.glue_spi0_cb_tx_done
                0x00401b90       0x54 Glue.o
 .text.glue_spi0_cb_rx_done
                0x00401be4       0x40 Glue.o
 .text.glue_spi0_cb_error
                0x00401c24       0x30 Glue.o
 .text.glue_spi1_cb_tx_done
                0x00401c54       0x54 Glue.o
 .text.glue_spi1_cb_rx_done
                0x00401ca8       0x40 Glue.o
 .text.glue_spi1_cb_error
                0x00401ce8       0x30 Glue.o
 .text.atomic_enter_critical
                0x00401d18       0x26 hal/src/hal_atomic.o
                0x00401d18                atomic_enter_critical
 .text.atomic_leave_critical
                0x00401d3e       0x24 hal/src/hal_atomic.o
                0x00401d3e                atomic_leave_critical
 *fill*         0x00401d62        0x2 
 .text.dac_sync_init
                0x00401d64       0x84 hal/src/hal_dac_sync.o
                0x00401d64                dac_sync_init
 .text.delay_us
                0x00401de8       0x34 hal/src/hal_delay.o
                0x00401de8                delay_us
 .text.delay_ms
                0x00401e1c       0x34 hal/src/hal_delay.o
                0x00401e1c                delay_ms
 .text.ext_irq_init
                0x00401e50       0x4c hal/src/hal_ext_irq.o
                0x00401e50                ext_irq_init
 .text.ext_irq_register
                0x00401e9c      0x158 hal/src/hal_ext_irq.o
                0x00401e9c                ext_irq_register
 .text.process_ext_irq
                0x00401ff4       0x84 hal/src/hal_ext_irq.o
 .text.i2c_m_sync_read
                0x00402078       0x50 hal/src/hal_i2c_m_sync.o
 .text.i2c_m_sync_write
                0x004020c8       0x50 hal/src/hal_i2c_m_sync.o
 .text.i2c_m_sync_init
                0x00402118       0x60 hal/src/hal_i2c_m_sync.o
                0x00402118                i2c_m_sync_init
 .text.spi_m_dma_init
                0x00402178       0x78 hal/src/hal_spi_m_dma.o
                0x00402178                spi_m_dma_init
 .text.spi_m_dma_enable
                0x004021f0       0x3c hal/src/hal_spi_m_dma.o
                0x004021f0                spi_m_dma_enable
 .text.spi_m_dma_set_baudrate
                0x0040222c       0x40 hal/src/hal_spi_m_dma.o
                0x0040222c                spi_m_dma_set_baudrate
 .text.spi_m_dma_set_mode
                0x0040226c       0x44 hal/src/hal_spi_m_dma.o
                0x0040226c                spi_m_dma_set_mode
 .text.spi_m_dma_set_char_size
                0x004022b0       0x44 hal/src/hal_spi_m_dma.o
                0x004022b0                spi_m_dma_set_char_size
 .text._spi_m_dma_io_read
                0x004022f4       0x4c hal/src/hal_spi_m_dma.o
 .text._spi_m_dma_io_write
                0x00402340       0x4c hal/src/hal_spi_m_dma.o
 .text.spi_m_dma_transfer
                0x0040238c       0x48 hal/src/hal_spi_m_dma.o
                0x0040238c                spi_m_dma_transfer
 .text.spi_m_dma_register_callback
                0x004023d4       0x44 hal/src/hal_spi_m_dma.o
                0x004023d4                spi_m_dma_register_callback
 .text.usart_async_init
                0x00402418       0xc4 hal/src/hal_usart_async.o
                0x00402418                usart_async_init
 .text.usart_async_write
                0x004024dc       0x90 hal/src/hal_usart_async.o
 .text.usart_async_read
                0x0040256c       0xb0 hal/src/hal_usart_async.o
 .text.usart_process_byte_sent
                0x0040261c       0x6c hal/src/hal_usart_async.o
 .text.usart_transmission_complete
                0x00402688       0x2c hal/src/hal_usart_async.o
 .text.usart_fill_rx_buffer
                0x004026b4       0x3c hal/src/hal_usart_async.o
 .text.usart_error
                0x004026f0       0x2c hal/src/hal_usart_async.o
 .text.usart_sync_init
                0x0040271c       0x70 hal/src/hal_usart_sync.o
                0x0040271c                usart_sync_init
 .text.usart_sync_write
                0x0040278c       0xc8 hal/src/hal_usart_sync.o
 .text.usart_sync_read
                0x00402854       0x94 hal/src/hal_usart_sync.o
 .text._usb_d_find_ep
                0x004028e8       0x80 hal/src/hal_usb_device.o
 .text._usb_d_trans
                0x00402968       0x54 hal/src/hal_usb_device.o
 .text.usb_d_dummy_cb_false
                0x004029bc       0x1a hal/src/hal_usb_device.o
 *fill*         0x004029d6        0x2 
 .text.usb_d_cb_trans_setup
                0x004029d8       0xc8 hal/src/hal_usb_device.o
 .text.usb_d_cb_trans_more
                0x00402aa0       0x50 hal/src/hal_usb_device.o
 .text.usb_d_ctrl_trans_done
                0x00402af0       0xc4 hal/src/hal_usb_device.o
 .text._usb_d_cb_trans_done
                0x00402bb4       0xe0 hal/src/hal_usb_device.o
 .text.usb_d_init
                0x00402c94       0xac hal/src/hal_usb_device.o
                0x00402c94                usb_d_init
 .text.assert   0x00402d40       0x28 hal/utils/src/utils_assert.o
                0x00402d40                assert
 .text.ringbuffer_init
                0x00402d68       0x74 hal/utils/src/utils_ringbuffer.o
                0x00402d68                ringbuffer_init
 .text.ringbuffer_get
                0x00402ddc       0x70 hal/utils/src/utils_ringbuffer.o
                0x00402ddc                ringbuffer_get
 .text.ringbuffer_put
                0x00402e4c       0x74 hal/utils/src/utils_ringbuffer.o
                0x00402e4c                ringbuffer_put
 .text.ringbuffer_num
                0x00402ec0       0x38 hal/utils/src/utils_ringbuffer.o
                0x00402ec0                ringbuffer_num
 .text._get_cycles_for_us_internal
                0x00402ef8       0xfc hpl/core/hpl_core_m7_base.o
 .text._get_cycles_for_us
                0x00402ff4       0x28 hpl/core/hpl_core_m7_base.o
                0x00402ff4                _get_cycles_for_us
 .text._get_cycles_for_ms_internal
                0x0040301c       0xe8 hpl/core/hpl_core_m7_base.o
 .text._get_cycles_for_ms
                0x00403104       0x28 hpl/core/hpl_core_m7_base.o
                0x00403104                _get_cycles_for_ms
 .text._delay_cycles
                0x0040312c       0x1a hpl/core/hpl_core_m7_base.o
                0x0040312c                _delay_cycles
 .text.hri_efc_write_EEFC_FMR_FWS_bf
                0x00403146       0x38 hpl/core/hpl_init.o
 .text.hri_pmc_set_PCSR0_reg
                0x0040317e       0x1c hpl/core/hpl_init.o
 .text.hri_pmc_get_PCSR0_reg
                0x0040319a       0x26 hpl/core/hpl_init.o
 .text.hri_pmc_set_PCSR1_reg
                0x004031c0       0x1e hpl/core/hpl_init.o
 .text.hri_pmc_get_PCSR1_reg
                0x004031de       0x28 hpl/core/hpl_init.o
 .text.hri_pmc_write_PCR_reg
                0x00403206       0x1e hpl/core/hpl_init.o
 .text.hri_pmc_read_PCR_reg
                0x00403224       0x1a hpl/core/hpl_init.o
 *fill*         0x0040323e        0x2 
 .text._pmc_enable_periph_clock
                0x00403240       0xb4 hpl/core/hpl_init.o
 .text._fpu_enable
                0x004032f4       0x44 hpl/core/hpl_init.o
 .text._init_chip
                0x00403338       0x3c hpl/core/hpl_init.o
                0x00403338                _init_chip
 .text.hri_dacc_write_CHDR_reg
                0x00403374       0x1c hpl/dac/hpl_dac.o
 .text.hri_dacc_write_MR_reg
                0x00403390       0x1c hpl/dac/hpl_dac.o
 .text.hri_dacc_write_TRIGR_reg
                0x004033ac       0x1c hpl/dac/hpl_dac.o
 .text.hri_dacc_write_WPMR_reg
                0x004033c8       0x1e hpl/dac/hpl_dac.o
 .text.hri_dacc_write_CR_reg
                0x004033e6       0x1c hpl/dac/hpl_dac.o
 *fill*         0x00403402        0x2 
 .text._dac_sync_init
                0x00403404       0x48 hpl/dac/hpl_dac.o
                0x00403404                _dac_sync_init
 .text._dac_init
                0x0040344c       0x78 hpl/dac/hpl_dac.o
 .text._dac_write_protection_disable
                0x004034c4       0x40 hpl/dac/hpl_dac.o
 .text.__NVIC_EnableIRQ
                0x00403504       0x3c hpl/pio/hpl_pio_ext.o
 .text.__NVIC_DisableIRQ
                0x00403540       0x44 hpl/pio/hpl_pio_ext.o
 .text.__NVIC_ClearPendingIRQ
                0x00403584       0x3c hpl/pio/hpl_pio_ext.o
 .text.hri_pio_read_ISR_reg
                0x004035c0       0x18 hpl/pio/hpl_pio_ext.o
 .text.hri_pio_set_IMR_reg
                0x004035d8       0x1c hpl/pio/hpl_pio_ext.o
 .text.hri_pio_read_IMR_reg
                0x004035f4       0x18 hpl/pio/hpl_pio_ext.o
 .text.hri_pio_clear_IMR_reg
                0x0040360c       0x1c hpl/pio/hpl_pio_ext.o
 .text.hri_pio_set_AIMMR_reg
                0x00403628       0x1e hpl/pio/hpl_pio_ext.o
 .text.hri_pio_set_ELSR_reg
                0x00403646       0x1e hpl/pio/hpl_pio_ext.o
 .text.hri_pio_clear_ELSR_reg
                0x00403664       0x1e hpl/pio/hpl_pio_ext.o
 .text.hri_pio_set_FRLHSR_reg
                0x00403682       0x1e hpl/pio/hpl_pio_ext.o
 .text.hri_pio_clear_FRLHSR_reg
                0x004036a0       0x1e hpl/pio/hpl_pio_ext.o
 .text._ffs     0x004036be       0x68 hpl/pio/hpl_pio_ext.o
 *fill*         0x00403726        0x2 
 .text._get_hardware_instance
                0x00403728       0x44 hpl/pio/hpl_pio_ext.o
 .text._pio_get_hardware_index
                0x0040376c       0x3c hpl/pio/hpl_pio_ext.o
 .text._pio_get_index
                0x004037a8       0x74 hpl/pio/hpl_pio_ext.o
 .text._ext_irq_handler
                0x0040381c      0x154 hpl/pio/hpl_pio_ext.o
 .text.PIOB_Handler
                0x00403970       0x10 hpl/pio/hpl_pio_ext.o
                0x00403970                PIOB_Handler
 .text.PIOD_Handler
                0x00403980       0x10 hpl/pio/hpl_pio_ext.o
                0x00403980                PIOD_Handler
 .text._pio_init
                0x00403990      0x134 hpl/pio/hpl_pio_ext.o
 .text._ext_irq_init
                0x00403ac4       0x34 hpl/pio/hpl_pio_ext.o
                0x00403ac4                _ext_irq_init
 .text._ext_irq_enable
                0x00403af8       0x8c hpl/pio/hpl_pio_ext.o
                0x00403af8                _ext_irq_enable
 .text.hri_pmc_get_SR_MOSCXTS_bit
                0x00403b84       0x26 hpl/pmc/hpl_pmc.o
 .text.hri_pmc_get_SR_LOCKA_bit
                0x00403baa       0x26 hpl/pmc/hpl_pmc.o
 .text.hri_pmc_get_SR_MCKRDY_bit
                0x00403bd0       0x26 hpl/pmc/hpl_pmc.o
 .text.hri_pmc_get_SR_LOCKU_bit
                0x00403bf6       0x26 hpl/pmc/hpl_pmc.o
 .text.hri_pmc_write_CKGR_UCKR_reg
                0x00403c1c       0x1c hpl/pmc/hpl_pmc.o
 .text.hri_pmc_set_CKGR_MOR_reg
                0x00403c38       0x22 hpl/pmc/hpl_pmc.o
 .text.hri_pmc_write_CKGR_MOR_reg
                0x00403c5a       0x1c hpl/pmc/hpl_pmc.o
 .text.hri_pmc_read_CKGR_MOR_reg
                0x00403c76       0x18 hpl/pmc/hpl_pmc.o
 *fill*         0x00403c8e        0x2 
 .text.hri_pmc_write_CKGR_PLLAR_MULA_bf
                0x00403c90       0x40 hpl/pmc/hpl_pmc.o
 .text.hri_pmc_write_CKGR_PLLAR_reg
                0x00403cd0       0x1c hpl/pmc/hpl_pmc.o
 .text.hri_pmc_write_MCKR_UPLLDIV2_bit
                0x00403cec       0x38 hpl/pmc/hpl_pmc.o
 .text.hri_pmc_write_MCKR_CSS_bf
                0x00403d24       0x36 hpl/pmc/hpl_pmc.o
 .text.hri_pmc_write_MCKR_PRES_bf
                0x00403d5a       0x38 hpl/pmc/hpl_pmc.o
 .text.hri_pmc_write_MCKR_MDIV_bf
                0x00403d92       0x38 hpl/pmc/hpl_pmc.o
 *fill*         0x00403dca        0x2 
 .text._pmc_init_sources
                0x00403dcc       0xd8 hpl/pmc/hpl_pmc.o
 .text._pmc_init_master_clock
                0x00403ea4       0x90 hpl/pmc/hpl_pmc.o
 .text._pmc_init_program_clock
                0x00403f34        0xe hpl/pmc/hpl_pmc.o
 .text._pmc_init_fs_clock
                0x00403f42        0xe hpl/pmc/hpl_pmc.o
 .text._pmc_init
                0x00403f50       0x28 hpl/pmc/hpl_pmc.o
                0x00403f50                _pmc_init
 .text.__NVIC_EnableIRQ
                0x00403f78       0x3c hpl/spi/hpl_spi.o
 .text.hri_spi_get_SR_SPIENS_bit
                0x00403fb4       0x26 hpl/spi/hpl_spi.o
 .text.hri_spi_write_MR_reg
                0x00403fda       0x1c hpl/spi/hpl_spi.o
 .text.hri_spi_write_CSR_BITS_bf
                0x00403ff6       0x46 hpl/spi/hpl_spi.o
 .text.hri_spi_write_CSR_SCBR_bf
                0x0040403c       0x46 hpl/spi/hpl_spi.o
 .text.hri_spi_write_CSR_reg
                0x00404082       0x26 hpl/spi/hpl_spi.o
 .text.hri_spi_read_CSR_reg
                0x004040a8       0x22 hpl/spi/hpl_spi.o
 .text.hri_spi_write_CR_reg
                0x004040ca       0x1c hpl/spi/hpl_spi.o
 *fill*         0x004040e6        0x2 
 .text._spi_get_irq_num
                0x004040e8       0x28 hpl/spi/hpl_spi.o
 .text._spi_sync_enable
                0x00404110       0x20 hpl/spi/hpl_spi.o
 .text._spi_async_enable
                0x00404130       0x34 hpl/spi/hpl_spi.o
 .text._spi_set_mode
                0x00404164       0x60 hpl/spi/hpl_spi.o
 .text._spi_set_baudrate
                0x004041c4       0x28 hpl/spi/hpl_spi.o
 .text._spi_get_hardware_index
                0x004041ec       0x30 hpl/spi/hpl_spi.o
 .text._spi_get_tx_dma_channel
                0x0040421c       0x28 hpl/spi/hpl_spi.o
 .text._spi_get_rx_dma_channel
                0x00404244       0x28 hpl/spi/hpl_spi.o
 .text._spi_get_regs
                0x0040426c       0x60 hpl/spi/hpl_spi.o
 .text._spi_dma_rx_complete
                0x004042cc       0x26 hpl/spi/hpl_spi.o
 .text._spi_dma_tx_complete
                0x004042f2       0x26 hpl/spi/hpl_spi.o
 .text._spi_dma_error_occured
                0x00404318       0x26 hpl/spi/hpl_spi.o
 .text._spi_m_get_source_for_dma
                0x0040433e       0x18 hpl/spi/hpl_spi.o
 .text._spi_m_get_destination_for_dma
                0x00404356       0x18 hpl/spi/hpl_spi.o
 *fill*         0x0040436e        0x2 
 .text._spi_m_dma_init
                0x00404370      0x11c hpl/spi/hpl_spi.o
                0x00404370                _spi_m_dma_init
 .text._spi_m_dma_enable
                0x0040448c       0x50 hpl/spi/hpl_spi.o
                0x0040448c                _spi_m_dma_enable
 .text._spi_m_dma_set_mode
                0x004044dc       0x58 hpl/spi/hpl_spi.o
                0x004044dc                _spi_m_dma_set_mode
 .text._spi_m_dma_set_baudrate
                0x00404534       0x54 hpl/spi/hpl_spi.o
                0x00404534                _spi_m_dma_set_baudrate
 .text._spi_m_dma_set_char_size
                0x00404588       0x60 hpl/spi/hpl_spi.o
                0x00404588                _spi_m_dma_set_char_size
 .text._spi_m_dma_register_callback
                0x004045e8       0xe4 hpl/spi/hpl_spi.o
                0x004045e8                _spi_m_dma_register_callback
 .text._spi_m_dma_transfer
                0x004046cc      0x124 hpl/spi/hpl_spi.o
                0x004046cc                _spi_m_dma_transfer
 .text.hri_twihs_get_SR_TXCOMP_bit
                0x004047f0       0x26 hpl/twihs/hpl_twihs.o
 .text.hri_twihs_get_SR_RXRDY_bit
                0x00404816       0x26 hpl/twihs/hpl_twihs.o
 .text.hri_twihs_read_SR_reg
                0x0040483c       0x18 hpl/twihs/hpl_twihs.o
 .text.hri_twihs_read_RHR_reg
                0x00404854       0x18 hpl/twihs/hpl_twihs.o
 .text.hri_twihs_write_MMR_reg
                0x0040486c       0x1c hpl/twihs/hpl_twihs.o
 .text.hri_twihs_write_IADR_reg
                0x00404888       0x1c hpl/twihs/hpl_twihs.o
 .text.hri_twihs_write_CWGR_reg
                0x004048a4       0x1c hpl/twihs/hpl_twihs.o
 .text.hri_twihs_write_SMBTR_reg
                0x004048c0       0x1c hpl/twihs/hpl_twihs.o
 .text.hri_twihs_write_FILTR_reg
                0x004048dc       0x1c hpl/twihs/hpl_twihs.o
 .text.hri_twihs_write_CR_reg
                0x004048f8       0x1c hpl/twihs/hpl_twihs.o
 .text.hri_twihs_write_THR_reg
                0x00404914       0x1c hpl/twihs/hpl_twihs.o
 .text._get_i2cm_sync_cfg
                0x00404930       0x54 hpl/twihs/hpl_twihs.o
 .text._i2c_m_sync_init
                0x00404984       0xa4 hpl/twihs/hpl_twihs.o
                0x00404984                _i2c_m_sync_init
 .text._i2c_m_sync_transfer
                0x00404a28       0x7c hpl/twihs/hpl_twihs.o
                0x00404a28                _i2c_m_sync_transfer
 .text._i2c_m_sync_write
                0x00404aa4      0x130 hpl/twihs/hpl_twihs.o
 .text._i2c_m_sync_read
                0x00404bd4      0x140 hpl/twihs/hpl_twihs.o
 .text.__NVIC_EnableIRQ
                0x00404d14       0x3c hpl/uart/hpl_uart.o
 .text.__NVIC_DisableIRQ
                0x00404d50       0x44 hpl/uart/hpl_uart.o
 .text.__NVIC_ClearPendingIRQ
                0x00404d94       0x3c hpl/uart/hpl_uart.o
 .text.hri_uart_get_IMR_RXRDY_bit
                0x00404dd0       0x26 hpl/uart/hpl_uart.o
 .text.hri_uart_set_IMR_TXRDY_bit
                0x00404df6       0x1a hpl/uart/hpl_uart.o
 .text.hri_uart_get_IMR_TXRDY_bit
                0x00404e10       0x28 hpl/uart/hpl_uart.o
 .text.hri_uart_clear_IMR_TXRDY_bit
                0x00404e38       0x1a hpl/uart/hpl_uart.o
 .text.hri_uart_set_IMR_TXEMPTY_bit
                0x00404e52       0x1c hpl/uart/hpl_uart.o
 .text.hri_uart_get_IMR_TXEMPTY_bit
                0x00404e6e       0x28 hpl/uart/hpl_uart.o
 .text.hri_uart_clear_IMR_TXEMPTY_bit
                0x00404e96       0x1c hpl/uart/hpl_uart.o
 .text.hri_uart_get_SR_RXRDY_bit
                0x00404eb2       0x26 hpl/uart/hpl_uart.o
 .text.hri_uart_get_SR_TXRDY_bit
                0x00404ed8       0x26 hpl/uart/hpl_uart.o
 .text.hri_uart_get_SR_TXEMPTY_bit
                0x00404efe       0x26 hpl/uart/hpl_uart.o
 .text.hri_uart_read_SR_reg
                0x00404f24       0x18 hpl/uart/hpl_uart.o
 .text.hri_uart_read_RHR_RXCHR_bf
                0x00404f3c       0x1a hpl/uart/hpl_uart.o
 .text.hri_uart_read_RHR_reg
                0x00404f56       0x18 hpl/uart/hpl_uart.o
 .text.hri_uart_write_MR_reg
                0x00404f6e       0x1c hpl/uart/hpl_uart.o
 .text.hri_uart_write_BRGR_reg
                0x00404f8a       0x1c hpl/uart/hpl_uart.o
 .text.hri_uart_write_WPMR_reg
                0x00404fa6       0x1e hpl/uart/hpl_uart.o
 .text.hri_uart_write_CR_reg
                0x00404fc4       0x1c hpl/uart/hpl_uart.o
 .text.hri_uart_write_THR_reg
                0x00404fe0       0x1c hpl/uart/hpl_uart.o
 .text._uart_get_irq_num
                0x00404ffc       0x7c hpl/uart/hpl_uart.o
 .text._uart_init_irq_param
                0x00405078       0x2c hpl/uart/hpl_uart.o
 .text._usart_sync_init
                0x004050a4       0x58 hpl/uart/hpl_uart.o
                0x004050a4                _usart_sync_init
 .text._usart_async_init
                0x004050fc       0x9c hpl/uart/hpl_uart.o
                0x004050fc                _usart_async_init
 .text._usart_sync_write_byte
                0x00405198       0x48 hpl/uart/hpl_uart.o
                0x00405198                _usart_sync_write_byte
 .text._usart_async_write_byte
                0x004051e0       0x48 hpl/uart/hpl_uart.o
                0x004051e0                _usart_async_write_byte
 .text._usart_sync_read_byte
                0x00405228       0x44 hpl/uart/hpl_uart.o
                0x00405228                _usart_sync_read_byte
 .text._usart_sync_is_ready_to_send
                0x0040526c       0x40 hpl/uart/hpl_uart.o
                0x0040526c                _usart_sync_is_ready_to_send
 .text._usart_sync_is_transmit_done
                0x004052ac       0x40 hpl/uart/hpl_uart.o
                0x004052ac                _usart_sync_is_transmit_done
 .text._usart_sync_is_byte_received
                0x004052ec       0x40 hpl/uart/hpl_uart.o
                0x004052ec                _usart_sync_is_byte_received
 .text._usart_async_enable_byte_sent_irq
                0x0040532c       0x40 hpl/uart/hpl_uart.o
                0x0040532c                _usart_async_enable_byte_sent_irq
 .text._usart_async_enable_tx_done_irq
                0x0040536c       0x40 hpl/uart/hpl_uart.o
                0x0040536c                _usart_async_enable_tx_done_irq
 .text._uart_get_hardware_index
                0x004053ac       0x84 hpl/uart/hpl_uart.o
 .text._uart_get_usart_sync
                0x00405430       0x10 hpl/uart/hpl_uart.o
                0x00405430                _uart_get_usart_sync
 .text._uart_get_usart_async
                0x00405440       0x10 hpl/uart/hpl_uart.o
                0x00405440                _uart_get_usart_async
 .text._uart_interrupt_handler
                0x00405450      0x128 hpl/uart/hpl_uart.o
 .text.UART4_Handler
                0x00405578       0x1c hpl/uart/hpl_uart.o
                0x00405578                UART4_Handler
 .text._get_uart_index
                0x00405594       0x7c hpl/uart/hpl_uart.o
 .text._uart_init
                0x00405610       0xa8 hpl/uart/hpl_uart.o
 .text.hri_usbhs_get_DEVEPTISR_RXSTPI_bit
                0x004056b8       0x32 hpl/usbhs/hpl_usbhs.o
 .text.hri_usbhs_get_DEVEPTISR_STALLEDI_bit
                0x004056ea       0x32 hpl/usbhs/hpl_usbhs.o
 .text.hri_usbhs_get_DEVEPTISR_RWALL_bit
                0x0040571c       0x32 hpl/usbhs/hpl_usbhs.o
 .text.hri_usbhs_get_DEVEPTISR_reg
                0x0040574e       0x30 hpl/usbhs/hpl_usbhs.o
 .text.hri_usbhs_read_DEVEPTISR_reg
                0x0040577e       0x22 hpl/usbhs/hpl_usbhs.o
 .text.hri_usbhs_write_DEVEPTICR_reg
                0x004057a0       0x26 hpl/usbhs/hpl_usbhs.o
 .text.hri_usbhs_set_DEVIMR_SUSPE_bit
                0x004057c6       0x1a hpl/usbhs/hpl_usbhs.o
 .text.hri_usbhs_set_DEVIMR_reg
                0x004057e0       0x1c hpl/usbhs/hpl_usbhs.o
 .text.hri_usbhs_read_DEVIMR_reg
                0x004057fc       0x18 hpl/usbhs/hpl_usbhs.o
 .text.hri_usbhs_clear_DEVIMR_reg
                0x00405814       0x1c hpl/usbhs/hpl_usbhs.o
 .text.hri_usbhs_read_DEVISR_reg
                0x00405830       0x18 hpl/usbhs/hpl_usbhs.o
 .text.hri_usbhs_read_DEVEPTIMR_reg
                0x00405848       0x22 hpl/usbhs/hpl_usbhs.o
 .text.hri_usbhs_set_DEVCTRL_ADDEN_bit
                0x0040586a       0x20 hpl/usbhs/hpl_usbhs.o
 .text.hri_usbhs_clear_DEVCTRL_ADDEN_bit
                0x0040588a       0x20 hpl/usbhs/hpl_usbhs.o
 .text.hri_usbhs_write_DEVCTRL_UADD_bf
                0x004058aa       0x36 hpl/usbhs/hpl_usbhs.o
 .text.hri_usbhs_write_DEVCTRL_reg
                0x004058e0       0x1c hpl/usbhs/hpl_usbhs.o
 .text.hri_usbhs_set_DEVEPT_reg
                0x004058fc       0x22 hpl/usbhs/hpl_usbhs.o
 .text.hri_usbhs_clear_DEVEPT_reg
                0x0040591e       0x24 hpl/usbhs/hpl_usbhs.o
 .text.hri_usbhs_set_DEVEPTCFG_AUTOSW_bit
                0x00405942       0x30 hpl/usbhs/hpl_usbhs.o
 .text.hri_usbhs_clear_DEVEPTCFG_AUTOSW_bit
                0x00405972       0x30 hpl/usbhs/hpl_usbhs.o
 .text.hri_usbhs_read_DEVEPTCFG_EPTYPE_bf
                0x004059a2       0x30 hpl/usbhs/hpl_usbhs.o
 .text.hri_usbhs_get_CTRL_USBE_bit
                0x004059d2       0x32 hpl/usbhs/hpl_usbhs.o
 .text.hri_usbhs_write_CTRL_reg
                0x00405a04       0x1e hpl/usbhs/hpl_usbhs.o
 .text.hri_usbhs_write_DEVICR_reg
                0x00405a22       0x1c hpl/usbhs/hpl_usbhs.o
 .text.hri_usbhs_write_DEVEPTIFR_reg
                0x00405a3e       0x26 hpl/usbhs/hpl_usbhs.o
 .text.hri_usbhs_write_DEVEPTIER_reg
                0x00405a64       0x26 hpl/usbhs/hpl_usbhs.o
 .text.hri_usbhs_write_DEVEPTIDR_reg
                0x00405a8a       0x26 hpl/usbhs/hpl_usbhs.o
 .text.hri_usbhs_write_DEVDMAADDRESS_reg
                0x00405ab0       0x2a hpl/usbhs/hpl_usbhs.o
 .text.hri_usbhs_write_DEVDMACONTROL_reg
                0x00405ada       0x2a hpl/usbhs/hpl_usbhs.o
 .text.hri_usbhs_get_DEVDMASTATUS_CHANN_ENB_bit
                0x00405b04       0x34 hpl/usbhs/hpl_usbhs.o
 .text.hri_usbhs_get_DEVDMASTATUS_END_TR_ST_bit
                0x00405b38       0x36 hpl/usbhs/hpl_usbhs.o
 .text.hri_usbhs_read_DEVDMASTATUS_BUFF_COUNT_bf
                0x00405b6e       0x2a hpl/usbhs/hpl_usbhs.o
 .text._dummy_func_no_return
                0x00405b98       0x16 hpl/usbhs/hpl_usbhs.o
 .text._dummy_func_return_false
                0x00405bae       0x18 hpl/usbhs/hpl_usbhs.o
 *fill*         0x00405bc6        0x2 
 .text._usbd_ep_int_ack
                0x00405bc8       0x28 hpl/usbhs/hpl_usbhs.o
 .text._usbd_ep_int_en
                0x00405bf0       0x40 hpl/usbhs/hpl_usbhs.o
 .text._usbd_ep_int_dis
                0x00405c30       0x28 hpl/usbhs/hpl_usbhs.o
 .text._usbd_ep_is_ctrl
                0x00405c58       0x30 hpl/usbhs/hpl_usbhs.o
 .text._usbd_ep_set_stall
                0x00405c88       0x4c hpl/usbhs/hpl_usbhs.o
 .text._usbd_ep_is_stall_sent
                0x00405cd4       0x28 hpl/usbhs/hpl_usbhs.o
 .text._usbd_ep_ack_stall
                0x00405cfc       0x20 hpl/usbhs/hpl_usbhs.o
 .text._usbd_ep_int_stall_en
                0x00405d1c       0x3c hpl/usbhs/hpl_usbhs.o
 .text._usbd_ep_stop_setup
                0x00405d58       0x28 hpl/usbhs/hpl_usbhs.o
 .text._usbd_ep_is_setup
                0x00405d80       0x28 hpl/usbhs/hpl_usbhs.o
 .text._usbd_ep_ack_setup
                0x00405da8       0x20 hpl/usbhs/hpl_usbhs.o
 .text._usbd_ep_reset
                0x00405dc8       0x48 hpl/usbhs/hpl_usbhs.o
 .text._usbd_ep_reset_toggle
                0x00405e10       0x2c hpl/usbhs/hpl_usbhs.o
 .text._usbd_ep_get_trans_count
                0x00405e3c       0x30 hpl/usbhs/hpl_usbhs.o
 .text._usbd_ep_send_zlp_in
                0x00405e6c       0x48 hpl/usbhs/hpl_usbhs.o
 .text._usbd_ep_set_in_rdy
                0x00405eb4       0x48 hpl/usbhs/hpl_usbhs.o
 .text._usbd_ep_set_out_rdy
                0x00405efc       0x48 hpl/usbhs/hpl_usbhs.o
 .text._usb_d_dev_sof
                0x00405f44       0x24 hpl/usbhs/hpl_usbhs.o
 .text._usb_d_dev_msof
                0x00405f68       0x24 hpl/usbhs/hpl_usbhs.o
 .text._usb_d_dev_wakeup
                0x00405f8c       0x48 hpl/usbhs/hpl_usbhs.o
 .text._usb_d_dev_reset
                0x00405fd4       0x50 hpl/usbhs/hpl_usbhs.o
 .text._usb_d_dev_suspend
                0x00406024       0x48 hpl/usbhs/hpl_usbhs.o
 .text._usb_d_dev_handle_nep
                0x0040606c       0xa8 hpl/usbhs/hpl_usbhs.o
 .text._usb_d_dev_in_next
                0x00406114      0x1c4 hpl/usbhs/hpl_usbhs.o
 .text._usb_d_dev_out_next
                0x004062d8      0x148 hpl/usbhs/hpl_usbhs.o
 .text._usb_d_dev_dma_next
                0x00406420      0x1b8 hpl/usbhs/hpl_usbhs.o
 .text._usb_d_dev_handle_setup
                0x004065d8       0xbc hpl/usbhs/hpl_usbhs.o
 .text._usb_d_dev_handle_stall
                0x00406694       0x34 hpl/usbhs/hpl_usbhs.o
 .text._usb_d_dev_handle_overflow
                0x004066c8       0x54 hpl/usbhs/hpl_usbhs.o
 .text._usb_d_dev_trans_setup_isr
                0x0040671c       0x40 hpl/usbhs/hpl_usbhs.o
 .text._usb_d_dev_trans_in_isr
                0x0040675c       0x4c hpl/usbhs/hpl_usbhs.o
 .text._usb_d_dev_trans_out_isr
                0x004067a8       0x64 hpl/usbhs/hpl_usbhs.o
 .text._usb_d_dev_handle_eps
                0x0040680c       0xc8 hpl/usbhs/hpl_usbhs.o
 .text._usb_d_dev_handle_dma
                0x004068d4       0xa4 hpl/usbhs/hpl_usbhs.o
 .text.USBHS_Handler
                0x00406978       0xc8 hpl/usbhs/hpl_usbhs.o
                0x00406978                USBHS_Handler
 .text._usb_d_dev_reset_epts
                0x00406a40       0x90 hpl/usbhs/hpl_usbhs.o
 .text._usb_d_dev_init
                0x00406ad0       0xa0 hpl/usbhs/hpl_usbhs.o
                0x00406ad0                _usb_d_dev_init
 .text._usb_d_dev_ep_stall_get
                0x00406b70       0x1e hpl/usbhs/hpl_usbhs.o
 *fill*         0x00406b8e        0x2 
 .text._usb_d_dev_ep_stall_set
                0x00406b90       0x5c hpl/usbhs/hpl_usbhs.o
 .text._usb_d_dev_ep_stall_clr
                0x00406bec       0xc0 hpl/usbhs/hpl_usbhs.o
 .text._usb_d_dev_ep_stall
                0x00406cac       0x7c hpl/usbhs/hpl_usbhs.o
                0x00406cac                _usb_d_dev_ep_stall
 .text._usb_d_dev_trans_done
                0x00406d28       0x48 hpl/usbhs/hpl_usbhs.o
 .text._usb_d_dev_trans_stop
                0x00406d70       0x68 hpl/usbhs/hpl_usbhs.o
 .text._usb_d_dev_ep_read_req
                0x00406dd8       0xa4 hpl/usbhs/hpl_usbhs.o
                0x00406dd8                _usb_d_dev_ep_read_req
 .text._usb_d_dev_ep_trans
                0x00406e7c      0x1c0 hpl/usbhs/hpl_usbhs.o
                0x00406e7c                _usb_d_dev_ep_trans
 .text._usb_d_dev_register_ep_callback
                0x0040703c       0x58 hpl/usbhs/hpl_usbhs.o
                0x0040703c                _usb_d_dev_register_ep_callback
 .text.__NVIC_EnableIRQ
                0x00407094       0x3c hpl/xdmac/hpl_xdmac.o
 .text.__NVIC_DisableIRQ
                0x004070d0       0x44 hpl/xdmac/hpl_xdmac.o
 .text.__NVIC_ClearPendingIRQ
                0x00407114       0x3c hpl/xdmac/hpl_xdmac.o
 .text.hri_xdmac_set_CIM_reg
                0x00407150       0x28 hpl/xdmac/hpl_xdmac.o
 .text.hri_xdmac_clear_CIM_reg
                0x00407178       0x28 hpl/xdmac/hpl_xdmac.o
 .text.hri_xdmac_read_CIS_reg
                0x004071a0       0x24 hpl/xdmac/hpl_xdmac.o
 .text.hri_xdmac_write_CSA_reg
                0x004071c4       0x28 hpl/xdmac/hpl_xdmac.o
 .text.hri_xdmac_write_CDA_reg
                0x004071ec       0x28 hpl/xdmac/hpl_xdmac.o
 .text.hri_xdmac_write_CNDC_reg
                0x00407214       0x28 hpl/xdmac/hpl_xdmac.o
 .text.hri_xdmac_write_CUBC_reg
                0x0040723c       0x28 hpl/xdmac/hpl_xdmac.o
 .text.hri_xdmac_write_CBC_reg
                0x00407264       0x28 hpl/xdmac/hpl_xdmac.o
 .text.hri_xdmac_get_CC_DWIDTH_bf
                0x0040728c       0x3a hpl/xdmac/hpl_xdmac.o
 .text.hri_xdmac_read_CC_DWIDTH_bf
                0x004072c6       0x32 hpl/xdmac/hpl_xdmac.o
 .text.hri_xdmac_write_CC_SAM_bf
                0x004072f8       0x4c hpl/xdmac/hpl_xdmac.o
 .text.hri_xdmac_write_CC_reg
                0x00407344       0x28 hpl/xdmac/hpl_xdmac.o
 .text.hri_xdmac_write_CDS_MSP_SDS_MSP_bf
                0x0040736c       0x4c hpl/xdmac/hpl_xdmac.o
 .text.hri_xdmac_write_CDS_MSP_reg
                0x004073b8       0x28 hpl/xdmac/hpl_xdmac.o
 .text.hri_xdmac_write_CSUS_reg
                0x004073e0       0x28 hpl/xdmac/hpl_xdmac.o
 .text.hri_xdmac_write_CDUS_reg
                0x00407408       0x2a hpl/xdmac/hpl_xdmac.o
 .text.hri_xdmac_set_GIM_reg
                0x00407432       0x1c hpl/xdmac/hpl_xdmac.o
 .text.hri_xdmac_clear_GIM_reg
                0x0040744e       0x1c hpl/xdmac/hpl_xdmac.o
 .text.hri_xdmac_set_GS_reg
                0x0040746a       0x1c hpl/xdmac/hpl_xdmac.o
 .text.hri_xdmac_read_GIS_reg
                0x00407486       0x18 hpl/xdmac/hpl_xdmac.o
 .text.hri_xdmac_write_GSWR_reg
                0x0040749e       0x1c hpl/xdmac/hpl_xdmac.o
 *fill*         0x004074ba        0x2 
 .text._dma_init
                0x004074bc       0xd8 hpl/xdmac/hpl_xdmac.o
                0x004074bc                _dma_init
 .text._dma_set_destination_address
                0x00407594       0x2c hpl/xdmac/hpl_xdmac.o
                0x00407594                _dma_set_destination_address
 .text._dma_set_source_address
                0x004075c0       0x2c hpl/xdmac/hpl_xdmac.o
                0x004075c0                _dma_set_source_address
 .text._dma_srcinc_enable
                0x004075ec       0x70 hpl/xdmac/hpl_xdmac.o
                0x004075ec                _dma_srcinc_enable
 .text._dma_set_data_amount
                0x0040765c       0x44 hpl/xdmac/hpl_xdmac.o
                0x0040765c                _dma_set_data_amount
 .text._dma_enable_transaction
                0x004076a0       0x4c hpl/xdmac/hpl_xdmac.o
                0x004076a0                _dma_enable_transaction
 .text._dma_get_channel_resource
                0x004076ec       0x30 hpl/xdmac/hpl_xdmac.o
                0x004076ec                _dma_get_channel_resource
 .text._dma_set_irq_state
                0x0040771c       0xa4 hpl/xdmac/hpl_xdmac.o
                0x0040771c                _dma_set_irq_state
 .text.XDMAC_Handler
                0x004077c0       0xa0 hpl/xdmac/hpl_xdmac.o
                0x004077c0                XDMAC_Handler
 .text.SCB_EnableICache
                0x00407860       0x40 main.o
 .text.SCB_EnableDCache
                0x004078a0       0x80 main.o
 .text.hri_pio_set_ODSR_reg
                0x00407920       0x1c main.o
 .text.hri_pio_clear_ODSR_reg
                0x0040793c       0x1c main.o
 .text.port_to_reg
                0x00407958       0x24 main.o
 .text._gpio_set_level
                0x0040797c       0x48 main.o
 .text.gpio_set_pin_level
                0x004079c4       0x38 main.o
 .text.main     0x004079fc       0x90 main.o
                0x004079fc                main
 .text.__libc_init_array
                0x00407a8c       0x48 c:/program files (x86)/atmel/studio/7.0/toolchain/arm/arm-gnu-toolchain/bin/../lib/gcc/arm-none-eabi/6.3.1/../../../../arm-none-eabi/lib/thumb/v7e-m\libc_nano.a(lib_a-init.o)
                0x00407a8c                __libc_init_array
 .text.memcpy   0x00407ad4       0x16 c:/program files (x86)/atmel/studio/7.0/toolchain/arm/arm-gnu-toolchain/bin/../lib/gcc/arm-none-eabi/6.3.1/../../../../arm-none-eabi/lib/thumb/v7e-m\libc_nano.a(lib_a-memcpy-stub.o)
                0x00407ad4                memcpy
 .text.memset   0x00407aea       0x10 c:/program files (x86)/atmel/studio/7.0/toolchain/arm/arm-gnu-toolchain/bin/../lib/gcc/arm-none-eabi/6.3.1/../../../../arm-none-eabi/lib/thumb/v7e-m\libc_nano.a(lib_a-memset.o)
                0x00407aea                memset
 *(.glue_7t)
 .glue_7t       0x00407afa        0x0 linker stubs
 *(.glue_7)
 .glue_7        0x00407afa        0x0 linker stubs
 *(.rodata .rodata* .gnu.linkonce.r.*)
 *fill*         0x00407afa        0x2 
 .rodata        0x00407afc       0x1b driver_init.o
 *fill*         0x00407b17        0x1 
 .rodata        0x00407b18       0x1a hal/src/hal_dac_sync.o
 *fill*         0x00407b32        0x2 
 .rodata        0x00407b34       0x1c hal/src/hal_i2c_m_sync.o
 .rodata        0x00407b50       0x1b hal/src/hal_spi_m_dma.o
 *fill*         0x00407b6b        0x1 
 .rodata        0x00407b6c       0x1d hal/src/hal_usart_async.o
 *fill*         0x00407b89        0x3 
 .rodata        0x00407b8c       0x1c hal/src/hal_usart_sync.o
 .rodata        0x00407ba8       0x24 hal/utils/src/utils_ringbuffer.o
 .rodata        0x00407bcc       0x15 hpl/dac/hpl_dac.o
 *fill*         0x00407be1        0x3 
 .rodata        0x00407be4       0x59 hpl/pio/hpl_pio_ext.o
 *fill*         0x00407c3d        0x3 
 .rodata        0x00407c40       0x3d hpl/spi/hpl_spi.o
 *fill*         0x00407c7d        0x3 
 .rodata        0x00407c80       0x49 hpl/twihs/hpl_twihs.o
 *fill*         0x00407cc9        0x3 
 .rodata        0x00407ccc       0x17 hpl/uart/hpl_uart.o
 *fill*         0x00407ce3        0x1 
 .rodata        0x00407ce4       0x2d hpl/usbhs/hpl_usbhs.o
 *fill*         0x00407d11        0x3 
 .rodata        0x00407d14       0xc0 hpl/xdmac/hpl_xdmac.o
 *(.ARM.extab* .gnu.linkonce.armextab.*)
                0x00407dd4                . = ALIGN (0x4)
 *(.init)
 .init          0x00407dd4        0x4 c:/program files (x86)/atmel/studio/7.0/toolchain/arm/arm-gnu-toolchain/bin/../lib/gcc/arm-none-eabi/6.3.1/thumb/v7e-m/crti.o
                0x00407dd4                _init
 .init          0x00407dd8        0x8 c:/program files (x86)/atmel/studio/7.0/toolchain/arm/arm-gnu-toolchain/bin/../lib/gcc/arm-none-eabi/6.3.1/thumb/v7e-m/crtn.o
                0x00407de0                . = ALIGN (0x4)
                0x00407de0                __preinit_array_start = .
 *(.preinit_array)
                0x00407de0                __preinit_array_end = .
                0x00407de0                . = ALIGN (0x4)
                0x00407de0                __init_array_start = .
 *(SORT(.init_array.*))
 *(.init_array)
 .init_array    0x00407de0        0x4 c:/program files (x86)/atmel/studio/7.0/toolchain/arm/arm-gnu-toolchain/bin/../lib/gcc/arm-none-eabi/6.3.1/thumb/v7e-m/crtbegin.o
                0x00407de4                __init_array_end = .
                0x00407de4                . = ALIGN (0x4)
 *crtbegin.o(.ctors)
 *(EXCLUDE_FILE(*crtend.o) .ctors)
 *(SORT(.ctors.*))
 *crtend.o(.ctors)
                0x00407de4                . = ALIGN (0x4)
 *(.fini)
 .fini          0x00407de4        0x4 c:/program files (x86)/atmel/studio/7.0/toolchain/arm/arm-gnu-toolchain/bin/../lib/gcc/arm-none-eabi/6.3.1/thumb/v7e-m/crti.o
                0x00407de4                _fini
 .fini          0x00407de8        0x8 c:/program files (x86)/atmel/studio/7.0/toolchain/arm/arm-gnu-toolchain/bin/../lib/gcc/arm-none-eabi/6.3.1/thumb/v7e-m/crtn.o
                0x00407df0                . = ALIGN (0x4)
                0x00407df0                __fini_array_start = .
 *(.fini_array)
 .fini_array    0x00407df0        0x4 c:/program files (x86)/atmel/studio/7.0/toolchain/arm/arm-gnu-toolchain/bin/../lib/gcc/arm-none-eabi/6.3.1/thumb/v7e-m/crtbegin.o
 *(SORT(.fini_array.*))
                0x00407df4                __fini_array_end = .
 *crtbegin.o(.dtors)
 *(EXCLUDE_FILE(*crtend.o) .dtors)
 *(SORT(.dtors.*))
 *crtend.o(.dtors)
                0x00407df4                . = ALIGN (0x4)
                0x00407df4                _efixed = .
                [!provide]                PROVIDE (__exidx_start, .)

.vfp11_veneer   0x00407df4        0x0
 .vfp11_veneer  0x00407df4        0x0 linker stubs

.v4_bx          0x00407df4        0x0
 .v4_bx         0x00407df4        0x0 linker stubs

.iplt           0x00407df4        0x0
 .iplt          0x00407df4        0x0 c:/program files (x86)/atmel/studio/7.0/toolchain/arm/arm-gnu-toolchain/bin/../lib/gcc/arm-none-eabi/6.3.1/thumb/v7e-m/crtbegin.o

.eh_frame       0x00407df4        0x0
 .eh_frame      0x00407df4        0x0 c:/program files (x86)/atmel/studio/7.0/toolchain/arm/arm-gnu-toolchain/bin/../lib/gcc/arm-none-eabi/6.3.1/thumb/v7e-m/crtbegin.o

.rel.dyn        0x00407df4        0x0
 .rel.iplt      0x00407df4        0x0 c:/program files (x86)/atmel/studio/7.0/toolchain/arm/arm-gnu-toolchain/bin/../lib/gcc/arm-none-eabi/6.3.1/thumb/v7e-m/crtbegin.o

.jcr            0x00407df4        0x0
 .jcr           0x00407df4        0x0 c:/program files (x86)/atmel/studio/7.0/toolchain/arm/arm-gnu-toolchain/bin/../lib/gcc/arm-none-eabi/6.3.1/thumb/v7e-m/crtbegin.o

.igot.plt       0x00407df4        0x0
 .igot.plt      0x00407df4        0x0 c:/program files (x86)/atmel/studio/7.0/toolchain/arm/arm-gnu-toolchain/bin/../lib/gcc/arm-none-eabi/6.3.1/thumb/v7e-m/crtbegin.o

.ARM.exidx
 *(.ARM.exidx* .gnu.linkonce.armexidx.*)
                [!provide]                PROVIDE (__exidx_end, .)
                0x00407df4                . = ALIGN (0x4)
                0x00407df4                _etext = .

.relocate       0x20400000       0x20 load address 0x00407df4
                0x20400000                . = ALIGN (0x4)
                0x20400000                _srelocate = .
 *(.ramfunc .ramfunc.*)
 *(.data .data.*)
 .data          0x20400000        0x8 hpl/dac/hpl_dac.o
 .data          0x20400008       0x18 hpl/uart/hpl_uart.o
                0x20400020                . = ALIGN (0x4)
                0x20400020                _erelocate = .

.bss            0x20400020     0x142c load address 0x00407e14
                0x20400020                . = ALIGN (0x4)
                0x20400020                _sbss = .
                0x20400020                _szero = .
 *(.bss .bss.*)
 .bss           0x20400020       0x1c c:/program files (x86)/atmel/studio/7.0/toolchain/arm/arm-gnu-toolchain/bin/../lib/gcc/arm-none-eabi/6.3.1/thumb/v7e-m/crtbegin.o
 .bss           0x2040003c     0x1094 AT86_Impl.o
 .bss           0x204010d0       0x10 driver_init.o
 .bss           0x204010e0       0x4c Glue.o
                0x204010fc                txInts
                0x204010fe                rxInts
                0x20401128                spi0RxBufBytesAvail
                0x2040112a                spi1RxBufBytesAvail
 .bss           0x2040112c        0x4 hal/src/hal_delay.o
 .bss           0x20401130       0x10 hal/src/hal_ext_irq.o
 .bss           0x20401140       0x80 hal/src/hal_usb_device.o
 .bss           0x204011c0        0x4 hpl/pio/hpl_pio_ext.o
 .bss           0x204011c4        0x4 hpl/uart/hpl_uart.o
 .bss           0x204011c8       0x64 hpl/usbhs/hpl_usbhs.o
 .bss           0x2040122c      0x120 hpl/xdmac/hpl_xdmac.o
 *(COMMON)
 COMMON         0x2040134c      0x100 driver_init.o
                0x2040134c                SPI_1
                0x20401374                DAC_0
                0x20401388                SPI_0
                0x204013b0                USART_0
                0x204013bc                I2C_INSTANCE
                0x204013dc                USART_1
                0x2040142c                I2C_0
                0x2040144c                . = ALIGN (0x4)
                0x2040144c                _ebss = .
                0x2040144c                _ezero = .

.heap           0x2040144c      0x204 load address 0x00409240
                0x20401450                . = ALIGN (0x8)
 *fill*         0x2040144c        0x4 
                0x20401450                _sheap = .
                0x20401650                . = (. + HEAP_SIZE)
 *fill*         0x20401450      0x200 
                0x20401650                . = ALIGN (0x8)
                0x20401650                _eheap = .

.stack          0x20401650      0x400 load address 0x00409444
                0x20401650                . = ALIGN (0x8)
                0x20401650                _sstack = .
                0x20401a50                . = (. + STACK_SIZE)
 *fill*         0x20401650      0x400 
                0x20401a50                . = ALIGN (0x8)
                0x20401a50                _estack = .
                0x20401a50                . = ALIGN (0x4)
                0x20401a50                _end = .
                0x2045ffff                _ram_end_ = ((ORIGIN (ram) + LENGTH (ram)) - 0x1)
OUTPUT(BBRadio.elf elf32-littlearm)

.ARM.attributes
                0x00000000       0x2e
 .ARM.attributes
                0x00000000       0x1e c:/program files (x86)/atmel/studio/7.0/toolchain/arm/arm-gnu-toolchain/bin/../lib/gcc/arm-none-eabi/6.3.1/thumb/v7e-m/crti.o
 .ARM.attributes
                0x0000001e       0x2e c:/program files (x86)/atmel/studio/7.0/toolchain/arm/arm-gnu-toolchain/bin/../lib/gcc/arm-none-eabi/6.3.1/thumb/v7e-m/crtbegin.o
 .ARM.attributes
                0x0000004c       0x37 AT86_Impl.o
 .ARM.attributes
                0x00000083       0x37 atmel_start.o
 .ARM.attributes
                0x000000ba       0x37 Device_Startup/startup_sams70q21.o
 .ARM.attributes
                0x000000f1       0x37 driver_init.o
 .ARM.attributes
                0x00000128       0x37 Glue.o
 .ARM.attributes
                0x0000015f       0x37 hal/src/hal_atomic.o
 .ARM.attributes
                0x00000196       0x37 hal/src/hal_dac_sync.o
 .ARM.attributes
                0x000001cd       0x37 hal/src/hal_delay.o
 .ARM.attributes
                0x00000204       0x37 hal/src/hal_ext_irq.o
 .ARM.attributes
                0x0000023b       0x37 hal/src/hal_i2c_m_sync.o
 .ARM.attributes
                0x00000272       0x37 hal/src/hal_spi_m_dma.o
 .ARM.attributes
                0x000002a9       0x37 hal/src/hal_usart_async.o
 .ARM.attributes
                0x000002e0       0x37 hal/src/hal_usart_sync.o
 .ARM.attributes
                0x00000317       0x37 hal/src/hal_usb_device.o
 .ARM.attributes
                0x0000034e       0x37 hal/utils/src/utils_assert.o
 .ARM.attributes
                0x00000385       0x37 hal/utils/src/utils_ringbuffer.o
 .ARM.attributes
                0x000003bc       0x37 hpl/core/hpl_core_m7_base.o
 .ARM.attributes
                0x000003f3       0x37 hpl/core/hpl_init.o
 .ARM.attributes
                0x0000042a       0x37 hpl/dac/hpl_dac.o
 .ARM.attributes
                0x00000461       0x37 hpl/pio/hpl_pio_ext.o
 .ARM.attributes
                0x00000498       0x37 hpl/pmc/hpl_pmc.o
 .ARM.attributes
                0x000004cf       0x37 hpl/spi/hpl_spi.o
 .ARM.attributes
                0x00000506       0x37 hpl/twihs/hpl_twihs.o
 .ARM.attributes
                0x0000053d       0x37 hpl/uart/hpl_uart.o
 .ARM.attributes
                0x00000574       0x37 hpl/usbhs/hpl_usbhs.o
 .ARM.attributes
                0x000005ab       0x37 hpl/xdmac/hpl_xdmac.o
 .ARM.attributes
                0x000005e2       0x37 main.o
 .ARM.attributes
                0x00000619       0x2e c:/program files (x86)/atmel/studio/7.0/toolchain/arm/arm-gnu-toolchain/bin/../lib/gcc/arm-none-eabi/6.3.1/../../../../arm-none-eabi/lib/thumb/v7e-m\libc_nano.a(lib_a-init.o)
 .ARM.attributes
                0x00000647       0x2e c:/program files (x86)/atmel/studio/7.0/toolchain/arm/arm-gnu-toolchain/bin/../lib/gcc/arm-none-eabi/6.3.1/../../../../arm-none-eabi/lib/thumb/v7e-m\libc_nano.a(lib_a-memcpy-stub.o)
 .ARM.attributes
                0x00000675       0x2e c:/program files (x86)/atmel/studio/7.0/toolchain/arm/arm-gnu-toolchain/bin/../lib/gcc/arm-none-eabi/6.3.1/../../../../arm-none-eabi/lib/thumb/v7e-m\libc_nano.a(lib_a-memset.o)
 .ARM.attributes
                0x000006a3       0x1e c:/program files (x86)/atmel/studio/7.0/toolchain/arm/arm-gnu-toolchain/bin/../lib/gcc/arm-none-eabi/6.3.1/thumb/v7e-m/crtn.o

.comment        0x00000000       0x59
 .comment       0x00000000       0x59 AT86_Impl.o
                                 0x5a (size before relaxing)
 .comment       0x00000059       0x5a atmel_start.o
 .comment       0x00000059       0x5a Device_Startup/startup_sams70q21.o
 .comment       0x00000059       0x5a driver_init.o
 .comment       0x00000059       0x5a Glue.o
 .comment       0x00000059       0x5a hal/src/hal_atomic.o
 .comment       0x00000059       0x5a hal/src/hal_dac_sync.o
 .comment       0x00000059       0x5a hal/src/hal_delay.o
 .comment       0x00000059       0x5a hal/src/hal_ext_irq.o
 .comment       0x00000059       0x5a hal/src/hal_i2c_m_sync.o
 .comment       0x00000059       0x5a hal/src/hal_spi_m_dma.o
 .comment       0x00000059       0x5a hal/src/hal_usart_async.o
 .comment       0x00000059       0x5a hal/src/hal_usart_sync.o
 .comment       0x00000059       0x5a hal/src/hal_usb_device.o
 .comment       0x00000059       0x5a hal/utils/src/utils_assert.o
 .comment       0x00000059       0x5a hal/utils/src/utils_ringbuffer.o
 .comment       0x00000059       0x5a hpl/core/hpl_core_m7_base.o
 .comment       0x00000059       0x5a hpl/core/hpl_init.o
 .comment       0x00000059       0x5a hpl/dac/hpl_dac.o
 .comment       0x00000059       0x5a hpl/pio/hpl_pio_ext.o
 .comment       0x00000059       0x5a hpl/pmc/hpl_pmc.o
 .comment       0x00000059       0x5a hpl/spi/hpl_spi.o
 .comment       0x00000059       0x5a hpl/twihs/hpl_twihs.o
 .comment       0x00000059       0x5a hpl/uart/hpl_uart.o
 .comment       0x00000059       0x5a hpl/usbhs/hpl_usbhs.o
 .comment       0x00000059       0x5a hpl/xdmac/hpl_xdmac.o
 .comment       0x00000059       0x5a main.o

.debug_info     0x00000000    0x1aed5
 .debug_info    0x00000000      0xeab AT86_Impl.o
 .debug_info    0x00000eab      0x6f6 atmel_start.o
 .debug_info    0x000015a1      0xac6 Device_Startup/startup_sams70q21.o
 .debug_info    0x00002067     0x25e9 driver_init.o
 .debug_info    0x00004650     0x1584 Glue.o
 .debug_info    0x00005bd4      0x1f4 hal/src/hal_atomic.o
 .debug_info    0x00005dc8      0x3a1 hal/src/hal_dac_sync.o
 .debug_info    0x00006169      0x1e0 hal/src/hal_delay.o
 .debug_info    0x00006349      0x337 hal/src/hal_ext_irq.o
 .debug_info    0x00006680      0x77c hal/src/hal_i2c_m_sync.o
 .debug_info    0x00006dfc      0x8c3 hal/src/hal_spi_m_dma.o
 .debug_info    0x000076bf      0xef9 hal/src/hal_usart_async.o
 .debug_info    0x000085b8      0x9bb hal/src/hal_usart_sync.o
 .debug_info    0x00008f73     0x1ab6 hal/src/hal_usb_device.o
 .debug_info    0x0000aa29      0x111 hal/utils/src/utils_assert.o
 .debug_info    0x0000ab3a      0x286 hal/utils/src/utils_ringbuffer.o
 .debug_info    0x0000adc0      0xd23 hpl/core/hpl_core_m7_base.o
 .debug_info    0x0000bae3      0xbfa hpl/core/hpl_init.o
 .debug_info    0x0000c6dd     0x10a3 hpl/dac/hpl_dac.o
 .debug_info    0x0000d780     0x1080 hpl/pio/hpl_pio_ext.o
 .debug_info    0x0000e800      0x8e2 hpl/pmc/hpl_pmc.o
 .debug_info    0x0000f0e2     0x2c2f hpl/spi/hpl_spi.o
 .debug_info    0x00011d11      0xae6 hpl/twihs/hpl_twihs.o
 .debug_info    0x000127f7     0x21a4 hpl/uart/hpl_uart.o
 .debug_info    0x0001499b     0x3f3e hpl/usbhs/hpl_usbhs.o
 .debug_info    0x000188d9     0x12aa hpl/xdmac/hpl_xdmac.o
 .debug_info    0x00019b83     0x1352 main.o

.debug_abbrev   0x00000000     0x342b
 .debug_abbrev  0x00000000      0x225 AT86_Impl.o
 .debug_abbrev  0x00000225      0x10d atmel_start.o
 .debug_abbrev  0x00000332      0x153 Device_Startup/startup_sams70q21.o
 .debug_abbrev  0x00000485      0x286 driver_init.o
 .debug_abbrev  0x0000070b      0x28f Glue.o
 .debug_abbrev  0x0000099a      0x146 hal/src/hal_atomic.o
 .debug_abbrev  0x00000ae0      0x12a hal/src/hal_dac_sync.o
 .debug_abbrev  0x00000c0a       0xd1 hal/src/hal_delay.o
 .debug_abbrev  0x00000cdb      0x13e hal/src/hal_ext_irq.o
 .debug_abbrev  0x00000e19      0x153 hal/src/hal_i2c_m_sync.o
 .debug_abbrev  0x00000f6c      0x181 hal/src/hal_spi_m_dma.o
 .debug_abbrev  0x000010ed      0x26c hal/src/hal_usart_async.o
 .debug_abbrev  0x00001359      0x205 hal/src/hal_usart_sync.o
 .debug_abbrev  0x0000155e      0x334 hal/src/hal_usb_device.o
 .debug_abbrev  0x00001892       0x8d hal/utils/src/utils_assert.o
 .debug_abbrev  0x0000191f       0xef hal/utils/src/utils_ringbuffer.o
 .debug_abbrev  0x00001a0e      0x25b hpl/core/hpl_core_m7_base.o
 .debug_abbrev  0x00001c69      0x1e9 hpl/core/hpl_init.o
 .debug_abbrev  0x00001e52      0x25f hpl/dac/hpl_dac.o
 .debug_abbrev  0x000020b1      0x26e hpl/pio/hpl_pio_ext.o
 .debug_abbrev  0x0000231f      0x17d hpl/pmc/hpl_pmc.o
 .debug_abbrev  0x0000249c      0x2a9 hpl/spi/hpl_spi.o
 .debug_abbrev  0x00002745      0x1c6 hpl/twihs/hpl_twihs.o
 .debug_abbrev  0x0000290b      0x345 hpl/uart/hpl_uart.o
 .debug_abbrev  0x00002c50      0x366 hpl/usbhs/hpl_usbhs.o
 .debug_abbrev  0x00002fb6      0x240 hpl/xdmac/hpl_xdmac.o
 .debug_abbrev  0x000031f6      0x235 main.o

.debug_loc      0x00000000     0xe359
 .debug_loc     0x00000000      0x248 AT86_Impl.o
 .debug_loc     0x00000248       0x2c atmel_start.o
 .debug_loc     0x00000274       0x64 Device_Startup/startup_sams70q21.o
 .debug_loc     0x000002d8      0xf3c driver_init.o
 .debug_loc     0x00001214      0x6b0 Glue.o
 .debug_loc     0x000018c4       0xfc hal/src/hal_atomic.o
 .debug_loc     0x000019c0      0x1d4 hal/src/hal_dac_sync.o
 .debug_loc     0x00001b94      0x134 hal/src/hal_delay.o
 .debug_loc     0x00001cc8      0x200 hal/src/hal_ext_irq.o
 .debug_loc     0x00001ec8      0x46c hal/src/hal_i2c_m_sync.o
 .debug_loc     0x00002334      0x454 hal/src/hal_spi_m_dma.o
 .debug_loc     0x00002788      0x7c4 hal/src/hal_usart_async.o
 .debug_loc     0x00002f4c      0x594 hal/src/hal_usart_sync.o
 .debug_loc     0x000034e0      0x8c9 hal/src/hal_usb_device.o
 .debug_loc     0x00003da9       0x5c hal/utils/src/utils_assert.o
 .debug_loc     0x00003e05      0x190 hal/utils/src/utils_ringbuffer.o
 .debug_loc     0x00003f95      0x678 hpl/core/hpl_core_m7_base.o
 .debug_loc     0x0000460d      0x350 hpl/core/hpl_init.o
 .debug_loc     0x0000495d      0xbb0 hpl/dac/hpl_dac.o
 .debug_loc     0x0000550d      0x760 hpl/pio/hpl_pio_ext.o
 .debug_loc     0x00005c6d      0x638 hpl/pmc/hpl_pmc.o
 .debug_loc     0x000062a5     0x24e8 hpl/spi/hpl_spi.o
 .debug_loc     0x0000878d      0x770 hpl/twihs/hpl_twihs.o
 .debug_loc     0x00008efd     0x1b8c hpl/uart/hpl_uart.o
 .debug_loc     0x0000aa89     0x2a28 hpl/usbhs/hpl_usbhs.o
 .debug_loc     0x0000d4b1      0xc28 hpl/xdmac/hpl_xdmac.o
 .debug_loc     0x0000e0d9      0x280 main.o

.debug_aranges  0x00000000     0x18f0
 .debug_aranges
                0x00000000       0x50 AT86_Impl.o
 .debug_aranges
                0x00000050       0x20 atmel_start.o
 .debug_aranges
                0x00000070       0x28 Device_Startup/startup_sams70q21.o
 .debug_aranges
                0x00000098      0x1e0 driver_init.o
 .debug_aranges
                0x00000278       0xc8 Glue.o
 .debug_aranges
                0x00000340       0x30 hal/src/hal_atomic.o
 .debug_aranges
                0x00000370       0x48 hal/src/hal_dac_sync.o
 .debug_aranges
                0x000003b8       0x38 hal/src/hal_delay.o
 .debug_aranges
                0x000003f0       0x50 hal/src/hal_ext_irq.o
 .debug_aranges
                0x00000440       0x88 hal/src/hal_i2c_m_sync.o
 .debug_aranges
                0x000004c8       0x88 hal/src/hal_spi_m_dma.o
 .debug_aranges
                0x00000550       0xe0 hal/src/hal_usart_async.o
 .debug_aranges
                0x00000630       0xa8 hal/src/hal_usart_sync.o
 .debug_aranges
                0x000006d8      0x118 hal/src/hal_usb_device.o
 .debug_aranges
                0x000007f0       0x20 hal/utils/src/utils_assert.o
 .debug_aranges
                0x00000810       0x40 hal/utils/src/utils_ringbuffer.o
 .debug_aranges
                0x00000850       0xc0 hpl/core/hpl_core_m7_base.o
 .debug_aranges
                0x00000910       0x68 hpl/core/hpl_init.o
 .debug_aranges
                0x00000978      0x130 hpl/dac/hpl_dac.o
 .debug_aranges
                0x00000aa8       0xd0 hpl/pio/hpl_pio_ext.o
 .debug_aranges
                0x00000b78       0xb0 hpl/pmc/hpl_pmc.o
 .debug_aranges
                0x00000c28      0x3a0 hpl/spi/hpl_spi.o
 .debug_aranges
                0x00000fc8       0xc8 hpl/twihs/hpl_twihs.o
 .debug_aranges
                0x00001090      0x2c0 hpl/uart/hpl_uart.o
 .debug_aranges
                0x00001350      0x418 hpl/usbhs/hpl_usbhs.o
 .debug_aranges
                0x00001768      0x130 hpl/xdmac/hpl_xdmac.o
 .debug_aranges
                0x00001898       0x58 main.o

.debug_ranges   0x00000000     0x1758
 .debug_ranges  0x00000000       0x40 AT86_Impl.o
 .debug_ranges  0x00000040       0x10 atmel_start.o
 .debug_ranges  0x00000050       0x18 Device_Startup/startup_sams70q21.o
 .debug_ranges  0x00000068      0x1d0 driver_init.o
 .debug_ranges  0x00000238       0xb8 Glue.o
 .debug_ranges  0x000002f0       0x20 hal/src/hal_atomic.o
 .debug_ranges  0x00000310       0x38 hal/src/hal_dac_sync.o
 .debug_ranges  0x00000348       0x28 hal/src/hal_delay.o
 .debug_ranges  0x00000370       0x40 hal/src/hal_ext_irq.o
 .debug_ranges  0x000003b0       0x78 hal/src/hal_i2c_m_sync.o
 .debug_ranges  0x00000428       0x78 hal/src/hal_spi_m_dma.o
 .debug_ranges  0x000004a0       0xd0 hal/src/hal_usart_async.o
 .debug_ranges  0x00000570       0x98 hal/src/hal_usart_sync.o
 .debug_ranges  0x00000608      0x120 hal/src/hal_usb_device.o
 .debug_ranges  0x00000728       0x10 hal/utils/src/utils_assert.o
 .debug_ranges  0x00000738       0x30 hal/utils/src/utils_ringbuffer.o
 .debug_ranges  0x00000768       0xb0 hpl/core/hpl_core_m7_base.o
 .debug_ranges  0x00000818       0x58 hpl/core/hpl_init.o
 .debug_ranges  0x00000870      0x120 hpl/dac/hpl_dac.o
 .debug_ranges  0x00000990       0xc0 hpl/pio/hpl_pio_ext.o
 .debug_ranges  0x00000a50       0xa0 hpl/pmc/hpl_pmc.o
 .debug_ranges  0x00000af0      0x390 hpl/spi/hpl_spi.o
 .debug_ranges  0x00000e80       0xb8 hpl/twihs/hpl_twihs.o
 .debug_ranges  0x00000f38      0x2b0 hpl/uart/hpl_uart.o
 .debug_ranges  0x000011e8      0x408 hpl/usbhs/hpl_usbhs.o
 .debug_ranges  0x000015f0      0x120 hpl/xdmac/hpl_xdmac.o
 .debug_ranges  0x00001710       0x48 main.o

.debug_macro    0x00000000    0x36cbc
 .debug_macro   0x00000000      0x799 AT86_Impl.o
 .debug_macro   0x00000799      0x8b0 AT86_Impl.o
 .debug_macro   0x00001049       0x22 AT86_Impl.o
 .debug_macro   0x0000106b       0x87 AT86_Impl.o
 .debug_macro   0x000010f2       0x51 AT86_Impl.o
 .debug_macro   0x00001143       0xef AT86_Impl.o
 .debug_macro   0x00001232       0x6a AT86_Impl.o
 .debug_macro   0x0000129c      0x1df AT86_Impl.o
 .debug_macro   0x0000147b      0x16d AT86_Impl.o
 .debug_macro   0x000015e8       0x22 AT86_Impl.o
 .debug_macro   0x0000160a       0x9f AT86_Impl.o
 .debug_macro   0x000016a9       0x28 AT86_Impl.o
 .debug_macro   0x000016d1       0xaf AT86_Impl.o
 .debug_macro   0x00001780     0x128e AT86_Impl.o
 .debug_macro   0x00002a0e      0x3dc AT86_Impl.o
 .debug_macro   0x00002dea      0x58c AT86_Impl.o
 .debug_macro   0x00003376     0x1791 AT86_Impl.o
 .debug_macro   0x00004b07      0x3b7 AT86_Impl.o
 .debug_macro   0x00004ebe      0x82b AT86_Impl.o
 .debug_macro   0x000056e9      0x310 AT86_Impl.o
 .debug_macro   0x000059f9       0x40 AT86_Impl.o
 .debug_macro   0x00005a39     0x105a AT86_Impl.o
 .debug_macro   0x00006a93      0x54f AT86_Impl.o
 .debug_macro   0x00006fe2      0xb8f AT86_Impl.o
 .debug_macro   0x00007b71      0x472 AT86_Impl.o
 .debug_macro   0x00007fe3     0x83fb AT86_Impl.o
 .debug_macro   0x000103de     0x3010 AT86_Impl.o
 .debug_macro   0x000133ee     0x2440 AT86_Impl.o
 .debug_macro   0x0001582e      0x879 AT86_Impl.o
 .debug_macro   0x000160a7      0x17d AT86_Impl.o
 .debug_macro   0x00016224      0x118 AT86_Impl.o
 .debug_macro   0x0001633c      0x950 AT86_Impl.o
 .debug_macro   0x00016c8c      0x121 AT86_Impl.o
 .debug_macro   0x00016dad      0x4fc AT86_Impl.o
 .debug_macro   0x000172a9      0x3e0 AT86_Impl.o
 .debug_macro   0x00017689      0x698 AT86_Impl.o
 .debug_macro   0x00017d21      0xb5f AT86_Impl.o
 .debug_macro   0x00018880      0xefd AT86_Impl.o
 .debug_macro   0x0001977d      0xbad AT86_Impl.o
 .debug_macro   0x0001a32a      0x120 AT86_Impl.o
 .debug_macro   0x0001a44a      0xbbe AT86_Impl.o
 .debug_macro   0x0001b008      0x5bf AT86_Impl.o
 .debug_macro   0x0001b5c7     0x1204 AT86_Impl.o
 .debug_macro   0x0001c7cb     0x34e1 AT86_Impl.o
 .debug_macro   0x0001fcac       0xb2 AT86_Impl.o
 .debug_macro   0x0001fd5e      0x12d AT86_Impl.o
 .debug_macro   0x0001fe8b     0x2781 AT86_Impl.o
 .debug_macro   0x0002260c       0x46 AT86_Impl.o
 .debug_macro   0x00022652      0x145 AT86_Impl.o
 .debug_macro   0x00022797       0xc4 AT86_Impl.o
 .debug_macro   0x0002285b       0xc4 AT86_Impl.o
 .debug_macro   0x0002291f       0x16 AT86_Impl.o
 .debug_macro   0x00022935       0x76 AT86_Impl.o
 .debug_macro   0x000229ab       0x40 AT86_Impl.o
 .debug_macro   0x000229eb       0x40 AT86_Impl.o
 .debug_macro   0x00022a2b      0x7c7 AT86_Impl.o
 .debug_macro   0x000231f2       0x82 AT86_Impl.o
 .debug_macro   0x00023274       0xa6 AT86_Impl.o
 .debug_macro   0x0002331a      0x10c AT86_Impl.o
 .debug_macro   0x00023426      0x17e AT86_Impl.o
 .debug_macro   0x000235a4      0x177 AT86_Impl.o
 .debug_macro   0x0002371b      0x177 AT86_Impl.o
 .debug_macro   0x00023892      0x177 AT86_Impl.o
 .debug_macro   0x00023a09      0x177 AT86_Impl.o
 .debug_macro   0x00023b80      0x11f AT86_Impl.o
 .debug_macro   0x00023c9f      0x313 AT86_Impl.o
 .debug_macro   0x00023fb2      0x313 AT86_Impl.o
 .debug_macro   0x000242c5       0x7c AT86_Impl.o
 .debug_macro   0x00024341       0x22 AT86_Impl.o
 .debug_macro   0x00024363       0x22 AT86_Impl.o
 .debug_macro   0x00024385       0x5e AT86_Impl.o
 .debug_macro   0x000243e3       0x28 AT86_Impl.o
 .debug_macro   0x0002440b       0x5e AT86_Impl.o
 .debug_macro   0x00024469       0x8e AT86_Impl.o
 .debug_macro   0x000244f7       0x76 AT86_Impl.o
 .debug_macro   0x0002456d       0x76 AT86_Impl.o
 .debug_macro   0x000245e3       0x88 AT86_Impl.o
 .debug_macro   0x0002466b       0x34 AT86_Impl.o
 .debug_macro   0x0002469f      0x144 AT86_Impl.o
 .debug_macro   0x000247e3      0x144 AT86_Impl.o
 .debug_macro   0x00024927      0x144 AT86_Impl.o
 .debug_macro   0x00024a6b      0x144 AT86_Impl.o
 .debug_macro   0x00024baf       0x34 AT86_Impl.o
 .debug_macro   0x00024be3       0x7c AT86_Impl.o
 .debug_macro   0x00024c5f       0x7c AT86_Impl.o
 .debug_macro   0x00024cdb       0x7c AT86_Impl.o
 .debug_macro   0x00024d57       0x5e AT86_Impl.o
 .debug_macro   0x00024db5       0x5e AT86_Impl.o
 .debug_macro   0x00024e13       0x5e AT86_Impl.o
 .debug_macro   0x00024e71       0x5e AT86_Impl.o
 .debug_macro   0x00024ecf       0x5e AT86_Impl.o
 .debug_macro   0x00024f2d       0xd6 AT86_Impl.o
 .debug_macro   0x00025003       0xd6 AT86_Impl.o
 .debug_macro   0x000250d9       0xd6 AT86_Impl.o
 .debug_macro   0x000251af      0x718 AT86_Impl.o
 .debug_macro   0x000258c7       0x16 AT86_Impl.o
 .debug_macro   0x000258dd       0x22 AT86_Impl.o
 .debug_macro   0x000258ff      0x9b8 AT86_Impl.o
 .debug_macro   0x000262b7      0x513 AT86_Impl.o
 .debug_macro   0x000267ca     0x2d7f AT86_Impl.o
 .debug_macro   0x00029549      0x169 AT86_Impl.o
 .debug_macro   0x000296b2       0x10 AT86_Impl.o
 .debug_macro   0x000296c2       0x10 AT86_Impl.o
 .debug_macro   0x000296d2       0x16 AT86_Impl.o
 .debug_macro   0x000296e8       0x16 AT86_Impl.o
 .debug_macro   0x000296fe       0x16 AT86_Impl.o
 .debug_macro   0x00029714       0x16 AT86_Impl.o
 .debug_macro   0x0002972a       0x16 AT86_Impl.o
 .debug_macro   0x00029740       0x16 AT86_Impl.o
 .debug_macro   0x00029756       0x16 AT86_Impl.o
 .debug_macro   0x0002976c       0x16 AT86_Impl.o
 .debug_macro   0x00029782       0x16 AT86_Impl.o
 .debug_macro   0x00029798       0x16 AT86_Impl.o
 .debug_macro   0x000297ae       0x16 AT86_Impl.o
 .debug_macro   0x000297c4       0x16 AT86_Impl.o
 .debug_macro   0x000297da       0x16 AT86_Impl.o
 .debug_macro   0x000297f0       0x16 AT86_Impl.o
 .debug_macro   0x00029806       0x16 AT86_Impl.o
 .debug_macro   0x0002981c       0x16 AT86_Impl.o
 .debug_macro   0x00029832       0x16 AT86_Impl.o
 .debug_macro   0x00029848       0x16 AT86_Impl.o
 .debug_macro   0x0002985e       0x16 AT86_Impl.o
 .debug_macro   0x00029874       0x16 AT86_Impl.o
 .debug_macro   0x0002988a       0x16 AT86_Impl.o
 .debug_macro   0x000298a0       0x16 AT86_Impl.o
 .debug_macro   0x000298b6       0x16 AT86_Impl.o
 .debug_macro   0x000298cc       0x16 AT86_Impl.o
 .debug_macro   0x000298e2       0x16 AT86_Impl.o
 .debug_macro   0x000298f8       0x16 AT86_Impl.o
 .debug_macro   0x0002990e       0x16 AT86_Impl.o
 .debug_macro   0x00029924       0x16 AT86_Impl.o
 .debug_macro   0x0002993a       0x16 AT86_Impl.o
 .debug_macro   0x00029950       0x16 AT86_Impl.o
 .debug_macro   0x00029966       0x16 AT86_Impl.o
 .debug_macro   0x0002997c       0x16 AT86_Impl.o
 .debug_macro   0x00029992       0xca AT86_Impl.o
 .debug_macro   0x00029a5c       0x1c AT86_Impl.o
 .debug_macro   0x00029a78       0x16 AT86_Impl.o
 .debug_macro   0x00029a8e       0x9a AT86_Impl.o
 .debug_macro   0x00029b28       0xc9 AT86_Impl.o
 .debug_macro   0x00029bf1       0x10 AT86_Impl.o
 .debug_macro   0x00029c01       0x70 AT86_Impl.o
 .debug_macro   0x00029c71       0xd1 AT86_Impl.o
 .debug_macro   0x00029d42       0x64 AT86_Impl.o
 .debug_macro   0x00029da6      0x12a AT86_Impl.o
 .debug_macro   0x00029ed0      0x77e atmel_start.o
 .debug_macro   0x0002a64e      0x3fc Device_Startup/startup_sams70q21.o
 .debug_macro   0x0002aa4a       0x99 Device_Startup/startup_sams70q21.o
 .debug_macro   0x0002aae3      0x78c driver_init.o
 .debug_macro   0x0002b26f       0x10 driver_init.o
 .debug_macro   0x0002b27f       0xb1 driver_init.o
 .debug_macro   0x0002b330      0x793 Glue.o
 .debug_macro   0x0002bac3      0x130 Glue.o
 .debug_macro   0x0002bbf3      0x5ab hal/src/hal_atomic.o
 .debug_macro   0x0002c19e      0x5dc hal/src/hal_dac_sync.o
 .debug_macro   0x0002c77a      0x5e2 hal/src/hal_delay.o
 .debug_macro   0x0002cd5c      0x5c7 hal/src/hal_ext_irq.o
 .debug_macro   0x0002d323      0x5eb hal/src/hal_i2c_m_sync.o
 .debug_macro   0x0002d90e       0x6a hal/src/hal_i2c_m_sync.o
 .debug_macro   0x0002d978      0x617 hal/src/hal_spi_m_dma.o
 .debug_macro   0x0002df8f      0x60f hal/src/hal_usart_async.o
 .debug_macro   0x0002e59e      0x5eb hal/src/hal_usart_sync.o
 .debug_macro   0x0002eb89      0x6a6 hal/src/hal_usb_device.o
 .debug_macro   0x0002f22f       0xcb hal/src/hal_usb_device.o
 .debug_macro   0x0002f2fa       0x58 hal/src/hal_usb_device.o
 .debug_macro   0x0002f352       0x35 hal/src/hal_usb_device.o
 .debug_macro   0x0002f387       0x9c hal/src/hal_usb_device.o
 .debug_macro   0x0002f423       0x58 hal/src/hal_usb_device.o
 .debug_macro   0x0002f47b       0x1f hal/src/hal_usb_device.o
 .debug_macro   0x0002f49a       0x43 hal/src/hal_usb_device.o
 .debug_macro   0x0002f4dd       0x20 hal/src/hal_usb_device.o
 .debug_macro   0x0002f4fd      0x187 hal/src/hal_usb_device.o
 .debug_macro   0x0002f684      0x353 hal/src/hal_usb_device.o
 .debug_macro   0x0002f9d7       0x10 hal/src/hal_usb_device.o
 .debug_macro   0x0002f9e7       0x35 hal/src/hal_usb_device.o
 .debug_macro   0x0002fa1c      0x5b5 hal/utils/src/utils_assert.o
 .debug_macro   0x0002ffd1       0x10 hal/utils/src/utils_assert.o
 .debug_macro   0x0002ffe1      0x5ba hal/utils/src/utils_ringbuffer.o
 .debug_macro   0x0003059b      0x60b hpl/core/hpl_core_m7_base.o
 .debug_macro   0x00030ba6      0x623 hpl/core/hpl_init.o
 .debug_macro   0x000311c9      0x324 hpl/core/hpl_init.o
 .debug_macro   0x000314ed      0x9df hpl/core/hpl_init.o
 .debug_macro   0x00031ecc      0x5fe hpl/dac/hpl_dac.o
 .debug_macro   0x000324ca       0x40 hpl/dac/hpl_dac.o
 .debug_macro   0x0003250a      0x605 hpl/pio/hpl_pio_ext.o
 .debug_macro   0x00032b0f      0x3df hpl/pio/hpl_pio_ext.o
 .debug_macro   0x00032eee      0x5d4 hpl/pmc/hpl_pmc.o
 .debug_macro   0x000334c2      0x66c hpl/spi/hpl_spi.o
 .debug_macro   0x00033b2e       0xfe hpl/spi/hpl_spi.o
 .debug_macro   0x00033c2c       0x1c hpl/spi/hpl_spi.o
 .debug_macro   0x00033c48       0x22 hpl/spi/hpl_spi.o
 .debug_macro   0x00033c6a       0x10 hpl/spi/hpl_spi.o
 .debug_macro   0x00033c7a      0x5e3 hpl/twihs/hpl_twihs.o
 .debug_macro   0x0003425d      0x110 hpl/twihs/hpl_twihs.o
 .debug_macro   0x0003436d      0x621 hpl/uart/hpl_uart.o
 .debug_macro   0x0003498e       0x67 hpl/uart/hpl_uart.o
 .debug_macro   0x000349f5      0x792 hpl/usbhs/hpl_usbhs.o
 .debug_macro   0x00035187      0x604 hpl/xdmac/hpl_xdmac.o
 .debug_macro   0x0003578b      0x6cc hpl/xdmac/hpl_xdmac.o
 .debug_macro   0x00035e57      0x6ba hpl/xdmac/hpl_xdmac.o
 .debug_macro   0x00036511      0x79b main.o
 .debug_macro   0x00036cac       0x10 main.o

.debug_line     0x00000000    0x18b21
 .debug_line    0x00000000      0xf9f AT86_Impl.o
 .debug_line    0x00000f9f      0xdb6 atmel_start.o
 .debug_line    0x00001d55      0x7eb Device_Startup/startup_sams70q21.o
 .debug_line    0x00002540     0x12bc driver_init.o
 .debug_line    0x000037fc      0xfeb Glue.o
 .debug_line    0x000047e7      0xb5e hal/src/hal_atomic.o
 .debug_line    0x00005345      0xc5c hal/src/hal_dac_sync.o
 .debug_line    0x00005fa1      0xb89 hal/src/hal_delay.o
 .debug_line    0x00006b2a      0xc07 hal/src/hal_ext_irq.o
 .debug_line    0x00007731      0xc92 hal/src/hal_i2c_m_sync.o
 .debug_line    0x000083c3      0xcdb hal/src/hal_spi_m_dma.o
 .debug_line    0x0000909e      0xe5d hal/src/hal_usart_async.o
 .debug_line    0x00009efb      0xd8a hal/src/hal_usart_sync.o
 .debug_line    0x0000ac85      0xf94 hal/src/hal_usb_device.o
 .debug_line    0x0000bc19      0xb27 hal/utils/src/utils_assert.o
 .debug_line    0x0000c740      0xbd4 hal/utils/src/utils_ringbuffer.o
 .debug_line    0x0000d314      0xd86 hpl/core/hpl_core_m7_base.o
 .debug_line    0x0000e09a      0xccb hpl/core/hpl_init.o
 .debug_line    0x0000ed65      0xe78 hpl/dac/hpl_dac.o
 .debug_line    0x0000fbdd      0xdab hpl/pio/hpl_pio_ext.o
 .debug_line    0x00010988      0xd09 hpl/pmc/hpl_pmc.o
 .debug_line    0x00011691     0x1b6b hpl/spi/hpl_spi.o
 .debug_line    0x000131fc      0xe43 hpl/twihs/hpl_twihs.o
 .debug_line    0x0001403f     0x1322 hpl/uart/hpl_uart.o
 .debug_line    0x00015361     0x19cb hpl/usbhs/hpl_usbhs.o
 .debug_line    0x00016d2c      0xf03 hpl/xdmac/hpl_xdmac.o
 .debug_line    0x00017c2f      0xef2 main.o

.debug_str      0x00000000   0x1023a2
 .debug_str     0x00000000    0xe8d18 AT86_Impl.o
                              0xe97e4 (size before relaxing)
 .debug_str     0x000e8d18       0x48 atmel_start.o
                              0xe90fd (size before relaxing)
 .debug_str     0x000e8d60      0x757 Device_Startup/startup_sams70q21.o
                              0xe6fe1 (size before relaxing)
 .debug_str     0x000e94b7      0xfe1 driver_init.o
                              0xea1b1 (size before relaxing)
 .debug_str     0x000ea498      0x3cc Glue.o
                              0xe9caf (size before relaxing)
 .debug_str     0x000ea864       0x9c hal/src/hal_atomic.o
                              0xe7b3c (size before relaxing)
 .debug_str     0x000ea900       0xc2 hal/src/hal_dac_sync.o
                              0xe7d12 (size before relaxing)
 .debug_str     0x000ea9c2       0x92 hal/src/hal_delay.o
                              0xe7ba6 (size before relaxing)
 .debug_str     0x000eaa54       0xb8 hal/src/hal_ext_irq.o
                              0xe7bf9 (size before relaxing)
 .debug_str     0x000eab0c      0x148 hal/src/hal_i2c_m_sync.o
                              0xe842d (size before relaxing)
 .debug_str     0x000eac54      0x211 hal/src/hal_spi_m_dma.o
                              0xe8619 (size before relaxing)
 .debug_str     0x000eae65      0x69a hal/src/hal_usart_async.o
                              0xe8a41 (size before relaxing)
 .debug_str     0x000eb4ff      0x2a5 hal/src/hal_usart_sync.o
                              0xe8677 (size before relaxing)
 .debug_str     0x000eb7a4     0x347b hal/src/hal_usb_device.o
                              0xebb69 (size before relaxing)
 .debug_str     0x000eec1f       0x2a hal/utils/src/utils_assert.o
                              0xe7b38 (size before relaxing)
 .debug_str     0x000eec49       0x24 hal/utils/src/utils_ringbuffer.o
                              0xe7be0 (size before relaxing)
 .debug_str     0x000eec6d      0x509 hpl/core/hpl_core_m7_base.o
                              0xe8a95 (size before relaxing)
 .debug_str     0x000ef176     0x3089 hpl/core/hpl_init.o
                              0xeb436 (size before relaxing)
 .debug_str     0x000f21ff      0x47f hpl/dac/hpl_dac.o
                              0xe852f (size before relaxing)
 .debug_str     0x000f267e     0x5a12 hpl/pio/hpl_pio_ext.o
                              0xee0ec (size before relaxing)
 .debug_str     0x000f8090      0x243 hpl/pmc/hpl_pmc.o
                              0xe8dfc (size before relaxing)
 .debug_str     0x000f82d3     0x1402 hpl/spi/hpl_spi.o
                              0xe9fcc (size before relaxing)
 .debug_str     0x000f96d5      0xc55 hpl/twihs/hpl_twihs.o
                              0xe9263 (size before relaxing)
 .debug_str     0x000fa32a      0xa2a hpl/uart/hpl_uart.o
                              0xe98a5 (size before relaxing)
 .debug_str     0x000fad54     0x1762 hpl/usbhs/hpl_usbhs.o
                              0xed5d7 (size before relaxing)
 .debug_str     0x000fc4b6     0x5ead hpl/xdmac/hpl_xdmac.o
                              0xf0af4 (size before relaxing)
 .debug_str     0x00102363       0x3f main.o
                              0xe996c (size before relaxing)

.debug_frame    0x00000000     0x6954
 .debug_frame   0x00000000      0x128 AT86_Impl.o
 .debug_frame   0x00000128       0x2c atmel_start.o
 .debug_frame   0x00000154       0x48 Device_Startup/startup_sams70q21.o
 .debug_frame   0x0000019c      0x7a0 driver_init.o
 .debug_frame   0x0000093c      0x330 Glue.o
 .debug_frame   0x00000c6c       0x80 hal/src/hal_atomic.o
 .debug_frame   0x00000cec       0xe4 hal/src/hal_dac_sync.o
 .debug_frame   0x00000dd0       0xa4 hal/src/hal_delay.o
 .debug_frame   0x00000e74      0x100 hal/src/hal_ext_irq.o
 .debug_frame   0x00000f74      0x20c hal/src/hal_i2c_m_sync.o
 .debug_frame   0x00001180      0x210 hal/src/hal_spi_m_dma.o
 .debug_frame   0x00001390      0x394 hal/src/hal_usart_async.o
 .debug_frame   0x00001724      0x298 hal/src/hal_usart_sync.o
 .debug_frame   0x000019bc      0x454 hal/src/hal_usb_device.o
 .debug_frame   0x00001e10       0x38 hal/utils/src/utils_assert.o
 .debug_frame   0x00001e48       0xc4 hal/utils/src/utils_ringbuffer.o
 .debug_frame   0x00001f0c      0x304 hpl/core/hpl_core_m7_base.o
 .debug_frame   0x00002210      0x18c hpl/core/hpl_init.o
 .debug_frame   0x0000239c      0x53c hpl/dac/hpl_dac.o
 .debug_frame   0x000028d8      0x368 hpl/pio/hpl_pio_ext.o
 .debug_frame   0x00002c40      0x2dc hpl/pmc/hpl_pmc.o
 .debug_frame   0x00002f1c     0x1080 hpl/spi/hpl_spi.o
 .debug_frame   0x00003f9c      0x35c hpl/twihs/hpl_twihs.o
 .debug_frame   0x000042f8      0xc68 hpl/uart/hpl_uart.o
 .debug_frame   0x00004f60     0x12e8 hpl/usbhs/hpl_usbhs.o
 .debug_frame   0x00006248      0x564 hpl/xdmac/hpl_xdmac.o
 .debug_frame   0x000067ac      0x134 main.o
 .debug_frame   0x000068e0       0x2c c:/program files (x86)/atmel/studio/7.0/toolchain/arm/arm-gnu-toolchain/bin/../lib/gcc/arm-none-eabi/6.3.1/../../../../arm-none-eabi/lib/thumb/v7e-m\libc_nano.a(lib_a-init.o)
 .debug_frame   0x0000690c       0x28 c:/program files (x86)/atmel/studio/7.0/toolchain/arm/arm-gnu-toolchain/bin/../lib/gcc/arm-none-eabi/6.3.1/../../../../arm-none-eabi/lib/thumb/v7e-m\libc_nano.a(lib_a-memcpy-stub.o)
 .debug_frame   0x00006934       0x20 c:/program files (x86)/atmel/studio/7.0/toolchain/arm/arm-gnu-toolchain/bin/../lib/gcc/arm-none-eabi/6.3.1/../../../../arm-none-eabi/lib/thumb/v7e-m\libc_nano.a(lib_a-memset.o)
