Archive member included to satisfy reference by file (symbol)

c:/program files (x86)/atmel/studio/7.0/toolchain/arm/arm-gnu-toolchain/bin/../lib/gcc/arm-none-eabi/6.3.1/../../../../arm-none-eabi/lib/thumb/v7e-m\libc_nano.a(lib_a-exit.o)
                              c:/program files (x86)/atmel/studio/7.0/toolchain/arm/arm-gnu-toolchain/bin/../lib/gcc/arm-none-eabi/6.3.1/../../../../arm-none-eabi/lib/thumb/v7e-m/crt0.o (exit)
c:/program files (x86)/atmel/studio/7.0/toolchain/arm/arm-gnu-toolchain/bin/../lib/gcc/arm-none-eabi/6.3.1/../../../../arm-none-eabi/lib/thumb/v7e-m\libc_nano.a(lib_a-impure.o)
                              c:/program files (x86)/atmel/studio/7.0/toolchain/arm/arm-gnu-toolchain/bin/../lib/gcc/arm-none-eabi/6.3.1/../../../../arm-none-eabi/lib/thumb/v7e-m\libc_nano.a(lib_a-exit.o) (_global_impure_ptr)
c:/program files (x86)/atmel/studio/7.0/toolchain/arm/arm-gnu-toolchain/bin/../lib/gcc/arm-none-eabi/6.3.1/../../../../arm-none-eabi/lib/thumb/v7e-m\libc_nano.a(lib_a-init.o)
                              c:/program files (x86)/atmel/studio/7.0/toolchain/arm/arm-gnu-toolchain/bin/../lib/gcc/arm-none-eabi/6.3.1/../../../../arm-none-eabi/lib/thumb/v7e-m/crt0.o (__libc_init_array)
c:/program files (x86)/atmel/studio/7.0/toolchain/arm/arm-gnu-toolchain/bin/../lib/gcc/arm-none-eabi/6.3.1/../../../../arm-none-eabi/lib/thumb/v7e-m\libc_nano.a(lib_a-memcpy-stub.o)
                              hpl/usbhs/hpl_usbhs.o (memcpy)
c:/program files (x86)/atmel/studio/7.0/toolchain/arm/arm-gnu-toolchain/bin/../lib/gcc/arm-none-eabi/6.3.1/../../../../arm-none-eabi/lib/thumb/v7e-m\libc_nano.a(lib_a-memset.o)
                              c:/program files (x86)/atmel/studio/7.0/toolchain/arm/arm-gnu-toolchain/bin/../lib/gcc/arm-none-eabi/6.3.1/../../../../arm-none-eabi/lib/thumb/v7e-m/crt0.o (memset)
c:/program files (x86)/atmel/studio/7.0/toolchain/arm/arm-gnu-toolchain/bin/../lib/gcc/arm-none-eabi/6.3.1/../../../../arm-none-eabi/lib/thumb/v7e-m\libc_nano.a(lib_a-printf.o)
                              hal/utils/src/utils_syscalls.o (printf)
c:/program files (x86)/atmel/studio/7.0/toolchain/arm/arm-gnu-toolchain/bin/../lib/gcc/arm-none-eabi/6.3.1/../../../../arm-none-eabi/lib/thumb/v7e-m\libc_nano.a(lib_a-findfp.o)
                              c:/program files (x86)/atmel/studio/7.0/toolchain/arm/arm-gnu-toolchain/bin/../lib/gcc/arm-none-eabi/6.3.1/../../../../arm-none-eabi/lib/thumb/v7e-m\libc_nano.a(lib_a-printf.o) (__sinit)
c:/program files (x86)/atmel/studio/7.0/toolchain/arm/arm-gnu-toolchain/bin/../lib/gcc/arm-none-eabi/6.3.1/../../../../arm-none-eabi/lib/thumb/v7e-m\libc_nano.a(lib_a-fwalk.o)
                              c:/program files (x86)/atmel/studio/7.0/toolchain/arm/arm-gnu-toolchain/bin/../lib/gcc/arm-none-eabi/6.3.1/../../../../arm-none-eabi/lib/thumb/v7e-m\libc_nano.a(lib_a-findfp.o) (_fwalk)
c:/program files (x86)/atmel/studio/7.0/toolchain/arm/arm-gnu-toolchain/bin/../lib/gcc/arm-none-eabi/6.3.1/../../../../arm-none-eabi/lib/thumb/v7e-m\libc_nano.a(lib_a-nano-mallocr.o)
                              c:/program files (x86)/atmel/studio/7.0/toolchain/arm/arm-gnu-toolchain/bin/../lib/gcc/arm-none-eabi/6.3.1/../../../../arm-none-eabi/lib/thumb/v7e-m\libc_nano.a(lib_a-findfp.o) (_malloc_r)
c:/program files (x86)/atmel/studio/7.0/toolchain/arm/arm-gnu-toolchain/bin/../lib/gcc/arm-none-eabi/6.3.1/../../../../arm-none-eabi/lib/thumb/v7e-m\libc_nano.a(lib_a-nano-vfprintf.o)
                              c:/program files (x86)/atmel/studio/7.0/toolchain/arm/arm-gnu-toolchain/bin/../lib/gcc/arm-none-eabi/6.3.1/../../../../arm-none-eabi/lib/thumb/v7e-m\libc_nano.a(lib_a-printf.o) (_vfprintf_r)
c:/program files (x86)/atmel/studio/7.0/toolchain/arm/arm-gnu-toolchain/bin/../lib/gcc/arm-none-eabi/6.3.1/../../../../arm-none-eabi/lib/thumb/v7e-m\libc_nano.a(lib_a-nano-vfprintf_i.o)
                              c:/program files (x86)/atmel/studio/7.0/toolchain/arm/arm-gnu-toolchain/bin/../lib/gcc/arm-none-eabi/6.3.1/../../../../arm-none-eabi/lib/thumb/v7e-m\libc_nano.a(lib_a-nano-vfprintf.o) (_printf_i)
c:/program files (x86)/atmel/studio/7.0/toolchain/arm/arm-gnu-toolchain/bin/../lib/gcc/arm-none-eabi/6.3.1/../../../../arm-none-eabi/lib/thumb/v7e-m\libc_nano.a(lib_a-sbrkr.o)
                              c:/program files (x86)/atmel/studio/7.0/toolchain/arm/arm-gnu-toolchain/bin/../lib/gcc/arm-none-eabi/6.3.1/../../../../arm-none-eabi/lib/thumb/v7e-m\libc_nano.a(lib_a-nano-mallocr.o) (_sbrk_r)
c:/program files (x86)/atmel/studio/7.0/toolchain/arm/arm-gnu-toolchain/bin/../lib/gcc/arm-none-eabi/6.3.1/../../../../arm-none-eabi/lib/thumb/v7e-m\libc_nano.a(lib_a-stdio.o)
                              c:/program files (x86)/atmel/studio/7.0/toolchain/arm/arm-gnu-toolchain/bin/../lib/gcc/arm-none-eabi/6.3.1/../../../../arm-none-eabi/lib/thumb/v7e-m\libc_nano.a(lib_a-findfp.o) (__sread)
[...]
Memory Configuration

Name             Origin             Length             Attributes
rom              0x00400000         0x00200000         xr
ram              0x20400000         0x00060000         xrw
*default*        0x00000000         0xffffffff

Linker script and memory map

LOAD c:/program files (x86)/atmel/studio/7.0/toolchain/arm/arm-gnu-toolchain/bin/../lib/gcc/arm-none-eabi/6.3.1/thumb/v7e-m/crti.o
LOAD c:/program files (x86)/atmel/studio/7.0/toolchain/arm/arm-gnu-toolchain/bin/../lib/gcc/arm-none-eabi/6.3.1/thumb/v7e-m/crtbegin.o
LOAD c:/program files (x86)/atmel/studio/7.0/toolchain/arm/arm-gnu-toolchain/bin/../lib/gcc/arm-none-eabi/6.3.1/../../../../arm-none-eabi/lib/thumb/v7e-m/crt0.o
LOAD AT86_Impl.o
LOAD atmel_start.o
LOAD Device_Startup/startup_sams70q21.o
LOAD Device_Startup/system_sams70q21.o
LOAD driver_init.o
LOAD examples/driver_examples.o
LOAD Glue.o
LOAD hal/src/hal_atomic.o
LOAD hal/src/hal_dac_sync.o
LOAD hal/src/hal_delay.o
LOAD hal/src/hal_ext_irq.o
LOAD hal/src/hal_gpio.o
LOAD hal/src/hal_i2c_m_sync.o
LOAD hal/src/hal_init.o
LOAD hal/src/hal_io.o
LOAD hal/src/hal_sleep.o
LOAD hal/src/hal_spi_m_dma.o
LOAD hal/src/hal_usart_async.o
LOAD hal/src/hal_usart_sync.o
LOAD hal/src/hal_usb_device.o
LOAD hal/utils/src/utils_assert.o
LOAD hal/utils/src/utils_event.o
LOAD hal/utils/src/utils_list.o
LOAD hal/utils/src/utils_ringbuffer.o
LOAD hal/utils/src/utils_syscalls.o
LOAD hpl/core/hpl_core_m7_base.o
LOAD hpl/core/hpl_init.o
LOAD hpl/dac/hpl_dac.o
LOAD hpl/pio/hpl_pio_ext.o
LOAD hpl/pmc/hpl_pmc.o
LOAD hpl/pmc/hpl_sleep.o
LOAD hpl/spi/hpl_spi.o
LOAD hpl/twihs/hpl_twihs.o
LOAD hpl/uart/hpl_uart.o
LOAD hpl/usbhs/hpl_usbhs.o
LOAD hpl/xdmac/hpl_xdmac.o
LOAD main.o
LOAD usb/class/cdc/device/cdcdf_acm.o
LOAD usb/device/usbdc.o
LOAD usb/usb_protocol.o
LOAD usb_start.o
START GROUP
LOAD c:/program files (x86)/atmel/studio/7.0/toolchain/arm/arm-gnu-toolchain/bin/../lib/gcc/arm-none-eabi/6.3.1/../../../../arm-none-eabi/lib/thumb/v7e-m\libm.a
END GROUP
START GROUP
LOAD c:/program files (x86)/atmel/studio/7.0/toolchain/arm/arm-gnu-toolchain/bin/../lib/gcc/arm-none-eabi/6.3.1/thumb/v7e-m\libgcc.a
LOAD c:/program files (x86)/atmel/studio/7.0/toolchain/arm/arm-gnu-toolchain/bin/../lib/gcc/arm-none-eabi/6.3.1/../../../../arm-none-eabi/lib/thumb/v7e-m\libc_nano.a
END GROUP
START GROUP
LOAD c:/program files (x86)/atmel/studio/7.0/toolchain/arm/arm-gnu-toolchain/bin/../lib/gcc/arm-none-eabi/6.3.1/thumb/v7e-m\libgcc.a
LOAD c:/program files (x86)/atmel/studio/7.0/toolchain/arm/arm-gnu-toolchain/bin/../lib/gcc/arm-none-eabi/6.3.1/../../../../arm-none-eabi/lib/thumb/v7e-m\libc_nano.a
END GROUP
LOAD c:/program files (x86)/atmel/studio/7.0/toolchain/arm/arm-gnu-toolchain/bin/../lib/gcc/arm-none-eabi/6.3.1/thumb/v7e-m/crtend.o
LOAD c:/program files (x86)/atmel/studio/7.0/toolchain/arm/arm-gnu-toolchain/bin/../lib/gcc/arm-none-eabi/6.3.1/thumb/v7e-m/crtn.o
                0x00000400                STACK_SIZE = DEFINED (STACK_SIZE)?STACK_SIZE:DEFINED (__stack_size__)?__stack_size__:0x400
                0x00000200                HEAP_SIZE = DEFINED (HEAP_SIZE)?HEAP_SIZE:DEFINED (__heap_size__)?__heap_size__:0x200

.text           0x00400000     0x9874
                0x00400000                . = ALIGN (0x4)
                0x00400000                _sfixed = .
 *(.vectors .vectors.*)
 .vectors       0x00400000      0x154 Device_Startup/startup_sams70q21.o
                0x00400000                exception_table
 *(.text .text.* .gnu.linkonce.t.*)
 .text          0x00400154       0x6c c:/program files (x86)/atmel/studio/7.0/toolchain/arm/arm-gnu-toolchain/bin/../lib/gcc/arm-none-eabi/6.3.1/thumb/v7e-m/crtbegin.o
 .text.AT86_Init
                0x004001c0      0x14c AT86_Impl.o
                0x004001c0                AT86_Init
 .text.AT86_IRQ_Handler
                0x0040030c       0x44 AT86_Impl.o
                0x0040030c                AT86_IRQ_Handler
 .text.atmel_start_init
                0x00400350       0x18 atmel_start.o
                0x00400350                atmel_start_init
 .text.Reset_Handler
                0x00400368       0x84 Device_Startup/startup_sams70q21.o
                0x00400368                Reset_Handler
 .text.Dummy_Handler
                0x004003ec        0x6 Device_Startup/startup_sams70q21.o
                0x004003ec                DACC_Handler
                0x004003ec                SVCall_Handler
                0x004003ec                UART3_Handler
                0x004003ec                UART2_Handler
                0x004003ec                TRNG_Handler
                0x004003ec                HardFault_Handler
                0x004003ec                TC2_Handler
                0x004003ec                SysTick_Handler
                0x004003ec                AFEC1_Handler
                0x004003ec                PendSV_Handler
                0x004003ec                TC7_Handler
                0x004003ec                QSPI_Handler
                0x004003ec                NonMaskableInt_Handler
                0x004003ec                ISI_Handler
                0x004003ec                TC9_Handler
                0x004003ec                RSWDT_Handler
                0x004003ec                USART0_Handler
                0x004003ec                RTT_Handler
                0x004003ec                IXC_Handler
                0x004003ec                CCF_Handler
                0x004003ec                RTC_Handler
                0x004003ec                UsageFault_Handler
                0x004003ec                TC6_Handler
                0x004003ec                WDT_Handler
                0x004003ec                TC4_Handler
                0x004003ec                TC1_Handler
                0x004003ec                HSMCI_Handler
                0x004003ec                UART1_Handler
                0x004003ec                TC3_Handler
                0x004003ec                Dummy_Handler
                0x004003ec                TWIHS1_Handler
                0x004003ec                PWM1_Handler
                0x004003ec                USART1_Handler
                0x004003ec                PWM0_Handler
                0x004003ec                PIOA_Handler
                0x004003ec                AFEC0_Handler
                0x004003ec                CCW_Handler
                0x004003ec                TC11_Handler
                0x004003ec                SSC_Handler
                0x004003ec                ACC_Handler
                0x004003ec                PMC_Handler
                0x004003ec                SUPC_Handler
                0x004003ec                TC8_Handler
                0x004003ec                EFC_Handler
                0x004003ec                USART2_Handler
                0x004003ec                SDRAMC_Handler
                0x004003ec                PIOE_Handler
                0x004003ec                SPI1_Handler
                0x004003ec                TC10_Handler
                0x004003ec                TWIHS2_Handler
                0x004003ec                UART0_Handler
                0x004003ec                PIOC_Handler
                0x004003ec                FPU_Handler
                0x004003ec                BusFault_Handler
                0x004003ec                RSTC_Handler
                0x004003ec                TC0_Handler
                0x004003ec                MemoryManagement_Handler
                0x004003ec                DebugMonitor_Handler
                0x004003ec                TC5_Handler
                0x004003ec                AES_Handler
                0x004003ec                ICM_Handler
                0x004003ec                TWIHS0_Handler
                0x004003ec                SPI0_Handler
 .text.hri_matrix_set_CCFG_SYSIO_reg
                0x004003f2       0x26 driver_init.o
 .text.hri_pio_set_PSR_reg
                0x00400418       0x1c driver_init.o
 .text.hri_pio_clear_PSR_reg
                0x00400434       0x1c driver_init.o
 .text.hri_pio_set_OSR_reg
                0x00400450       0x1c driver_init.o
 .text.hri_pio_clear_OSR_reg
                0x0040046c       0x1c driver_init.o
 .text.hri_pio_set_ODSR_reg
                0x00400488       0x1c driver_init.o
 .text.hri_pio_clear_ODSR_reg
                0x004004a4       0x1c driver_init.o
 .text.hri_pio_set_PUSR_reg
                0x004004c0       0x1c driver_init.o
 .text.hri_pio_clear_PUSR_reg
                0x004004dc       0x1c driver_init.o
 .text.hri_pio_set_PPDSR_reg
                0x004004f8       0x1e driver_init.o
 .text.hri_pio_clear_PPDSR_reg
                0x00400516       0x1e driver_init.o
 .text.hri_pio_set_ABCDSR_reg
                0x00400534       0x32 driver_init.o
 .text.hri_pio_clear_ABCDSR_reg
                0x00400566       0x34 driver_init.o
 .text.hri_pmc_set_PCSR0_reg
                0x0040059a       0x1c driver_init.o
 .text.hri_pmc_get_PCSR0_reg
                0x004005b6       0x26 driver_init.o
 .text.hri_pmc_set_PCSR1_reg
                0x004005dc       0x1e driver_init.o
 .text.hri_pmc_get_PCSR1_reg
                0x004005fa       0x28 driver_init.o
 .text.hri_pmc_write_PCR_reg
                0x00400622       0x1e driver_init.o
 .text.hri_pmc_read_PCR_reg
                0x00400640       0x1a driver_init.o
 .text.hri_wdt_set_MR_WDDIS_bit
                0x0040065a       0x20 driver_init.o
 *fill*         0x0040067a        0x2 
 .text.port_to_reg
                0x0040067c       0x24 driver_init.o
 .text._gpio_set_direction
                0x004006a0       0x64 driver_init.o
 .text._gpio_set_level
                0x00400704       0x48 driver_init.o
 .text._gpio_set_pin_pull_mode
                0x0040074c       0xc0 driver_init.o
 .text._gpio_set_pin_function
                0x0040080c      0x108 driver_init.o
 .text.gpio_set_pin_pull_mode
                0x00400914       0x34 driver_init.o
 .text.gpio_set_pin_function
                0x00400948       0x20 driver_init.o
 .text.gpio_set_pin_direction
                0x00400968       0x38 driver_init.o
 .text.gpio_set_pin_level
                0x004009a0       0x38 driver_init.o
 .text.init_mcu
                0x004009d8       0x10 driver_init.o
 .text._pmc_enable_periph_clock
                0x004009e8       0xb4 driver_init.o
 .text.DAC_0_PORT_init
                0x00400a9c       0x20 driver_init.o
                0x00400a9c                DAC_0_PORT_init
 .text.DAC_0_CLOCK_init
                0x00400abc       0x14 driver_init.o
                0x00400abc                DAC_0_CLOCK_init
 .text.DAC_0_init
                0x00400ad0       0x2c driver_init.o
                0x00400ad0                DAC_0_init
 .text.EXTERNAL_IRQ_1_init
                0x00400afc       0x30 driver_init.o
                0x00400afc                EXTERNAL_IRQ_1_init
 .text.EXTERNAL_IRQ_0_init
                0x00400b2c       0x30 driver_init.o
                0x00400b2c                EXTERNAL_IRQ_0_init
 .text.SPI_1_PORT_init
                0x00400b5c       0x24 driver_init.o
                0x00400b5c                SPI_1_PORT_init
 .text.SPI_1_CLOCK_init
                0x00400b80       0x14 driver_init.o
                0x00400b80                SPI_1_CLOCK_init
 .text.SPI_1_init
                0x00400b94       0x2c driver_init.o
                0x00400b94                SPI_1_init
 .text.SPI_0_PORT_init
                0x00400bc0       0x24 driver_init.o
                0x00400bc0                SPI_0_PORT_init
 .text.SPI_0_CLOCK_init
                0x00400be4       0x14 driver_init.o
                0x00400be4                SPI_0_CLOCK_init
 .text.SPI_0_init
                0x00400bf8       0x2c driver_init.o
                0x00400bf8                SPI_0_init
 .text.I2C_0_PORT_init
                0x00400c24       0x1c driver_init.o
                0x00400c24                I2C_0_PORT_init
 .text.I2C_0_CLOCK_init
                0x00400c40       0x14 driver_init.o
                0x00400c40                I2C_0_CLOCK_init
 .text.I2C_0_init
                0x00400c54       0x2c driver_init.o
                0x00400c54                I2C_0_init
 .text.I2C_INSTANCE_PORT_init
                0x00400c80        0xe driver_init.o
                0x00400c80                I2C_INSTANCE_PORT_init
 *fill*         0x00400c8e        0x2 
 .text.I2C_INSTANCE_CLOCK_init
                0x00400c90       0x14 driver_init.o
                0x00400c90                I2C_INSTANCE_CLOCK_init
 .text.I2C_INSTANCE_init
                0x00400ca4       0x2c driver_init.o
                0x00400ca4                I2C_INSTANCE_init
 .text.USART_0_PORT_init
                0x00400cd0       0x1c driver_init.o
                0x00400cd0                USART_0_PORT_init
 .text.USART_0_CLOCK_init
                0x00400cec       0x14 driver_init.o
                0x00400cec                USART_0_CLOCK_init
 .text.USART_0_init
                0x00400d00       0x38 driver_init.o
                0x00400d00                USART_0_init
 .text.USART_1_CLOCK_init
                0x00400d38       0x14 driver_init.o
                0x00400d38                USART_1_CLOCK_init
 .text.USART_1_PORT_init
                0x00400d4c       0x1c driver_init.o
                0x00400d4c                USART_1_PORT_init
 .text.USART_1_init
                0x00400d68       0x48 driver_init.o
                0x00400d68                USART_1_init
 .text.USB_DEVICE_INSTANCE_CLOCK_init
                0x00400db0       0x14 driver_init.o
                0x00400db0                USB_DEVICE_INSTANCE_CLOCK_init
 .text.USB_DEVICE_INSTANCE_init
                0x00400dc4       0x18 driver_init.o
                0x00400dc4                USB_DEVICE_INSTANCE_init
 .text.system_init
                0x00400ddc      0x11c driver_init.o
                0x00400ddc                system_init
 .text.hri_pio_set_ODSR_reg
                0x00400ef8       0x1c Glue.o
 .text.hri_pio_get_ODSR_reg
                0x00400f14       0x26 Glue.o
 .text.hri_pio_clear_ODSR_reg
                0x00400f3a       0x1c Glue.o
 *fill*         0x00400f56        0x2 
 .text.port_to_reg
                0x00400f58       0x24 Glue.o
 .text._gpio_set_level
                0x00400f7c       0x48 Glue.o
 .text._gpio_toggle_level
                0x00400fc4       0x54 Glue.o
 .text.gpio_set_pin_level
                0x00401018       0x38 Glue.o
 .text.gpio_toggle_pin_level
                0x00401050       0x30 Glue.o
 .text.glue_crash_and_burn
                0x00401080       0x30 Glue.o
 .text.glue_init
                0x004010b0      0x178 Glue.o
                0x004010b0                glue_init
 .text.glue_set_peripherals_inited
                0x00401228       0x18 Glue.o
                0x00401228                glue_set_peripherals_inited
 .text.glue_enforce_driver_init
                0x00401240       0x24 Glue.o
                0x00401240                glue_enforce_driver_init
 .text.glue_spi0_cb_tx_done
                0x00401264       0x30 Glue.o
 .text.glue_spi0_cb_rx_done
                0x00401294       0x30 Glue.o
 .text.glue_spi0_cb_error
                0x004012c4       0x28 Glue.o
 .text.glue_spi1_cb_tx_done
                0x004012ec       0x30 Glue.o
 .text.glue_spi1_cb_rx_done
                0x0040131c       0x30 Glue.o
 .text.glue_spi1_cb_error
                0x0040134c       0x28 Glue.o
 .text.atomic_enter_critical
                0x00401374       0x26 hal/src/hal_atomic.o
                0x00401374                atomic_enter_critical
 .text.atomic_leave_critical
                0x0040139a       0x24 hal/src/hal_atomic.o
                0x0040139a                atomic_leave_critical
 *fill*         0x004013be        0x2 
 .text.dac_sync_init
                0x004013c0       0x84 hal/src/hal_dac_sync.o
                0x004013c0                dac_sync_init
 .text.delay_us
                0x00401444       0x34 hal/src/hal_delay.o
                0x00401444                delay_us
 .text.delay_ms
                0x00401478       0x34 hal/src/hal_delay.o
                0x00401478                delay_ms
 .text.ext_irq_init
                0x004014ac       0x4c hal/src/hal_ext_irq.o
                0x004014ac                ext_irq_init
 .text.ext_irq_register
                0x004014f8      0x158 hal/src/hal_ext_irq.o
                0x004014f8                ext_irq_register
 .text.process_ext_irq
                0x00401650       0x84 hal/src/hal_ext_irq.o
 .text.i2c_m_sync_read
                0x004016d4       0x50 hal/src/hal_i2c_m_sync.o
 .text.i2c_m_sync_write
                0x00401724       0x50 hal/src/hal_i2c_m_sync.o
 .text.i2c_m_sync_init
                0x00401774       0x60 hal/src/hal_i2c_m_sync.o
                0x00401774                i2c_m_sync_init
 .text.spi_m_dma_init
                0x004017d4       0x78 hal/src/hal_spi_m_dma.o
                0x004017d4                spi_m_dma_init
 .text.spi_m_dma_enable
                0x0040184c       0x3c hal/src/hal_spi_m_dma.o
                0x0040184c                spi_m_dma_enable
 .text.spi_m_dma_set_baudrate
                0x00401888       0x40 hal/src/hal_spi_m_dma.o
                0x00401888                spi_m_dma_set_baudrate
 .text.spi_m_dma_set_mode
                0x004018c8       0x44 hal/src/hal_spi_m_dma.o
                0x004018c8                spi_m_dma_set_mode
 .text.spi_m_dma_set_char_size
                0x0040190c       0x44 hal/src/hal_spi_m_dma.o
                0x0040190c                spi_m_dma_set_char_size
 .text._spi_m_dma_io_read
                0x00401950       0x4c hal/src/hal_spi_m_dma.o
 .text._spi_m_dma_io_write
                0x0040199c       0x4c hal/src/hal_spi_m_dma.o
 .text.spi_m_dma_register_callback
                0x004019e8       0x44 hal/src/hal_spi_m_dma.o
                0x004019e8                spi_m_dma_register_callback
 .text.usart_async_init
                0x00401a2c       0xc4 hal/src/hal_usart_async.o
                0x00401a2c                usart_async_init
 .text.usart_async_write
                0x00401af0       0x90 hal/src/hal_usart_async.o
 .text.usart_async_read
                0x00401b80       0xb0 hal/src/hal_usart_async.o
 .text.usart_process_byte_sent
                0x00401c30       0x6c hal/src/hal_usart_async.o
 .text.usart_transmission_complete
                0x00401c9c       0x2c hal/src/hal_usart_async.o
 .text.usart_fill_rx_buffer
                0x00401cc8       0x3c hal/src/hal_usart_async.o
 .text.usart_error
                0x00401d04       0x2c hal/src/hal_usart_async.o
 .text.usart_sync_init
                0x00401d30       0x70 hal/src/hal_usart_sync.o
                0x00401d30                usart_sync_init
 .text.usart_sync_write
                0x00401da0       0xc8 hal/src/hal_usart_sync.o
 .text.usart_sync_read
                0x00401e68       0x94 hal/src/hal_usart_sync.o
 .text._usb_d_find_ep
                0x00401efc       0x80 hal/src/hal_usb_device.o
 .text._usb_d_trans
                0x00401f7c       0x54 hal/src/hal_usb_device.o
 .text.usb_d_dummy_cb_false
                0x00401fd0       0x1a hal/src/hal_usb_device.o
 *fill*         0x00401fea        0x2 
 .text.usb_d_cb_trans_setup
                0x00401fec       0xc8 hal/src/hal_usb_device.o
 .text.usb_d_cb_trans_more
                0x004020b4       0x50 hal/src/hal_usb_device.o
 .text.usb_d_ctrl_trans_done
                0x00402104       0xc4 hal/src/hal_usb_device.o
 .text._usb_d_cb_trans_done
                0x004021c8       0xe0 hal/src/hal_usb_device.o
 .text.usb_d_init
                0x004022a8       0xac hal/src/hal_usb_device.o
                0x004022a8                usb_d_init
 .text.usb_d_register_callback
                0x00402354       0x24 hal/src/hal_usb_device.o
                0x00402354                usb_d_register_callback
 .text.usb_d_enable
                0x00402378       0x14 hal/src/hal_usb_device.o
                0x00402378                usb_d_enable
 .text.usb_d_attach
                0x0040238c       0x10 hal/src/hal_usb_device.o
                0x0040238c                usb_d_attach
 .text.usb_d_set_address
                0x0040239c       0x20 hal/src/hal_usb_device.o
                0x0040239c                usb_d_set_address
 .text.usb_d_ep0_init
                0x004023bc       0x28 hal/src/hal_usb_device.o
                0x004023bc                usb_d_ep0_init
 .text.usb_d_ep_init
                0x004023e4       0x9c hal/src/hal_usb_device.o
                0x004023e4                usb_d_ep_init
 .text.usb_d_ep_deinit
                0x00402480       0x50 hal/src/hal_usb_device.o
                0x00402480                usb_d_ep_deinit
 .text.usb_d_ep_enable
                0x004024d0       0x70 hal/src/hal_usb_device.o
                0x004024d0                usb_d_ep_enable
 .text.usb_d_ep_transfer
                0x00402540      0x168 hal/src/hal_usb_device.o
                0x00402540                usb_d_ep_transfer
 .text._usb_d_ep_halt_clr
                0x004026a8       0x84 hal/src/hal_usb_device.o
 .text.usb_d_ep_halt
                0x0040272c       0x54 hal/src/hal_usb_device.o
                0x0040272c                usb_d_ep_halt
 .text.usb_d_ep_register_callback
                0x00402780       0x7c hal/src/hal_usb_device.o
                0x00402780                usb_d_ep_register_callback
 .text.assert   0x004027fc       0x28 hal/utils/src/utils_assert.o
                0x004027fc                assert
 .text.is_list_element
                0x00402824       0x38 hal/utils/src/utils_list.o
                0x00402824                is_list_element
 .text.list_insert_at_end
                0x0040285c       0x7c hal/utils/src/utils_list.o
                0x0040285c                list_insert_at_end
 .text.ringbuffer_init
                0x004028d8       0x74 hal/utils/src/utils_ringbuffer.o
                0x004028d8                ringbuffer_init
 .text.ringbuffer_get
                0x0040294c       0x70 hal/utils/src/utils_ringbuffer.o
                0x0040294c                ringbuffer_get
 .text.ringbuffer_put
                0x004029bc       0x74 hal/utils/src/utils_ringbuffer.o
                0x004029bc                ringbuffer_put
 .text.ringbuffer_num
                0x00402a30       0x38 hal/utils/src/utils_ringbuffer.o
                0x00402a30                ringbuffer_num
 .text._get_cycles_for_us_internal
                0x00402a68       0xfc hpl/core/hpl_core_m7_base.o
 .text._get_cycles_for_us
                0x00402b64       0x28 hpl/core/hpl_core_m7_base.o
                0x00402b64                _get_cycles_for_us
 .text._get_cycles_for_ms_internal
                0x00402b8c       0xe8 hpl/core/hpl_core_m7_base.o
 .text._get_cycles_for_ms
                0x00402c74       0x28 hpl/core/hpl_core_m7_base.o
                0x00402c74                _get_cycles_for_ms
 .text._delay_cycles
                0x00402c9c       0x1a hpl/core/hpl_core_m7_base.o
                0x00402c9c                _delay_cycles
 .text.hri_efc_write_EEFC_FMR_FWS_bf
                0x00402cb6       0x38 hpl/core/hpl_init.o
 .text.hri_pmc_set_PCSR0_reg
                0x00402cee       0x1c hpl/core/hpl_init.o
 .text.hri_pmc_get_PCSR0_reg
                0x00402d0a       0x26 hpl/core/hpl_init.o
 .text.hri_pmc_set_PCSR1_reg
                0x00402d30       0x1e hpl/core/hpl_init.o
 .text.hri_pmc_get_PCSR1_reg
                0x00402d4e       0x28 hpl/core/hpl_init.o
 .text.hri_pmc_write_PCR_reg
                0x00402d76       0x1e hpl/core/hpl_init.o
 .text.hri_pmc_read_PCR_reg
                0x00402d94       0x1a hpl/core/hpl_init.o
 *fill*         0x00402dae        0x2 
 .text._pmc_enable_periph_clock
                0x00402db0       0xb4 hpl/core/hpl_init.o
 .text._fpu_enable
                0x00402e64       0x44 hpl/core/hpl_init.o
 .text._init_chip
                0x00402ea8       0x3c hpl/core/hpl_init.o
                0x00402ea8                _init_chip
 .text.hri_dacc_write_CHDR_reg
                0x00402ee4       0x1c hpl/dac/hpl_dac.o
 .text.hri_dacc_write_MR_reg
                0x00402f00       0x1c hpl/dac/hpl_dac.o
 .text.hri_dacc_write_TRIGR_reg
                0x00402f1c       0x1c hpl/dac/hpl_dac.o
 .text.hri_dacc_write_WPMR_reg
                0x00402f38       0x1e hpl/dac/hpl_dac.o
 .text.hri_dacc_write_CR_reg
                0x00402f56       0x1c hpl/dac/hpl_dac.o
 *fill*         0x00402f72        0x2 
 .text._dac_sync_init
                0x00402f74       0x48 hpl/dac/hpl_dac.o
                0x00402f74                _dac_sync_init
 .text._dac_init
                0x00402fbc       0x78 hpl/dac/hpl_dac.o
 .text._dac_write_protection_disable
                0x00403034       0x40 hpl/dac/hpl_dac.o
 .text.__NVIC_EnableIRQ
                0x00403074       0x3c hpl/pio/hpl_pio_ext.o
 .text.__NVIC_DisableIRQ
                0x004030b0       0x44 hpl/pio/hpl_pio_ext.o
 .text.__NVIC_ClearPendingIRQ
                0x004030f4       0x3c hpl/pio/hpl_pio_ext.o
 .text.hri_pio_read_ISR_reg
                0x00403130       0x18 hpl/pio/hpl_pio_ext.o
 .text.hri_pio_set_IMR_reg
                0x00403148       0x1c hpl/pio/hpl_pio_ext.o
 .text.hri_pio_read_IMR_reg
                0x00403164       0x18 hpl/pio/hpl_pio_ext.o
 .text.hri_pio_clear_IMR_reg
                0x0040317c       0x1c hpl/pio/hpl_pio_ext.o
 .text.hri_pio_set_AIMMR_reg
                0x00403198       0x1e hpl/pio/hpl_pio_ext.o
 .text.hri_pio_set_ELSR_reg
                0x004031b6       0x1e hpl/pio/hpl_pio_ext.o
 .text.hri_pio_clear_ELSR_reg
                0x004031d4       0x1e hpl/pio/hpl_pio_ext.o
 .text.hri_pio_set_FRLHSR_reg
                0x004031f2       0x1e hpl/pio/hpl_pio_ext.o
 .text.hri_pio_clear_FRLHSR_reg
                0x00403210       0x1e hpl/pio/hpl_pio_ext.o
 .text._ffs     0x0040322e       0x68 hpl/pio/hpl_pio_ext.o
 *fill*         0x00403296        0x2 
 .text._get_hardware_instance
                0x00403298       0x44 hpl/pio/hpl_pio_ext.o
 .text._pio_get_hardware_index
                0x004032dc       0x3c hpl/pio/hpl_pio_ext.o
 .text._pio_get_index
                0x00403318       0x74 hpl/pio/hpl_pio_ext.o
 .text._ext_irq_handler
                0x0040338c      0x154 hpl/pio/hpl_pio_ext.o
 .text.PIOD_Handler
                0x004034e0       0x10 hpl/pio/hpl_pio_ext.o
                0x004034e0                PIOD_Handler
 .text.PIOB_Handler
                0x004034f0       0x10 hpl/pio/hpl_pio_ext.o
                0x004034f0                PIOB_Handler
 .text._pio_init
                0x00403500      0x134 hpl/pio/hpl_pio_ext.o
 .text._ext_irq_init
                0x00403634       0x34 hpl/pio/hpl_pio_ext.o
                0x00403634                _ext_irq_init
 .text._ext_irq_enable
                0x00403668       0x8c hpl/pio/hpl_pio_ext.o
                0x00403668                _ext_irq_enable
 .text.hri_pmc_get_SR_MOSCXTS_bit
                0x004036f4       0x26 hpl/pmc/hpl_pmc.o
 .text.hri_pmc_get_SR_LOCKA_bit
                0x0040371a       0x26 hpl/pmc/hpl_pmc.o
 .text.hri_pmc_get_SR_MCKRDY_bit
                0x00403740       0x26 hpl/pmc/hpl_pmc.o
 .text.hri_pmc_get_SR_LOCKU_bit
                0x00403766       0x26 hpl/pmc/hpl_pmc.o
 .text.hri_pmc_write_CKGR_UCKR_reg
                0x0040378c       0x1c hpl/pmc/hpl_pmc.o
 .text.hri_pmc_set_CKGR_MOR_reg
                0x004037a8       0x22 hpl/pmc/hpl_pmc.o
 .text.hri_pmc_write_CKGR_MOR_reg
                0x004037ca       0x1c hpl/pmc/hpl_pmc.o
 .text.hri_pmc_read_CKGR_MOR_reg
                0x004037e6       0x18 hpl/pmc/hpl_pmc.o
 *fill*         0x004037fe        0x2 
 .text.hri_pmc_write_CKGR_PLLAR_MULA_bf
                0x00403800       0x40 hpl/pmc/hpl_pmc.o
 .text.hri_pmc_write_CKGR_PLLAR_reg
                0x00403840       0x1c hpl/pmc/hpl_pmc.o
 .text.hri_pmc_write_MCKR_UPLLDIV2_bit
                0x0040385c       0x38 hpl/pmc/hpl_pmc.o
 .text.hri_pmc_write_MCKR_CSS_bf
                0x00403894       0x36 hpl/pmc/hpl_pmc.o
 .text.hri_pmc_write_MCKR_PRES_bf
                0x004038ca       0x38 hpl/pmc/hpl_pmc.o
 .text.hri_pmc_write_MCKR_MDIV_bf
                0x00403902       0x38 hpl/pmc/hpl_pmc.o
 *fill*         0x0040393a        0x2 
 .text._pmc_init_sources
                0x0040393c       0xd8 hpl/pmc/hpl_pmc.o
 .text._pmc_init_master_clock
                0x00403a14       0x90 hpl/pmc/hpl_pmc.o
 .text._pmc_init_program_clock
                0x00403aa4        0xe hpl/pmc/hpl_pmc.o
 .text._pmc_init_fs_clock
                0x00403ab2        0xe hpl/pmc/hpl_pmc.o
 .text._pmc_init
                0x00403ac0       0x28 hpl/pmc/hpl_pmc.o
                0x00403ac0                _pmc_init
 .text.__NVIC_EnableIRQ
                0x00403ae8       0x3c hpl/spi/hpl_spi.o
 .text.hri_spi_get_SR_SPIENS_bit
                0x00403b24       0x26 hpl/spi/hpl_spi.o
 .text.hri_spi_write_MR_reg
                0x00403b4a       0x1c hpl/spi/hpl_spi.o
 .text.hri_spi_write_CSR_BITS_bf
                0x00403b66       0x46 hpl/spi/hpl_spi.o
 .text.hri_spi_write_CSR_SCBR_bf
                0x00403bac       0x46 hpl/spi/hpl_spi.o
 .text.hri_spi_write_CSR_reg
                0x00403bf2       0x26 hpl/spi/hpl_spi.o
 .text.hri_spi_read_CSR_reg
                0x00403c18       0x22 hpl/spi/hpl_spi.o
 .text.hri_spi_write_CR_reg
                0x00403c3a       0x1c hpl/spi/hpl_spi.o
 *fill*         0x00403c56        0x2 
 .text._spi_get_irq_num
                0x00403c58       0x28 hpl/spi/hpl_spi.o
 .text._spi_sync_enable
                0x00403c80       0x20 hpl/spi/hpl_spi.o
 .text._spi_async_enable
                0x00403ca0       0x34 hpl/spi/hpl_spi.o
 .text._spi_set_mode
                0x00403cd4       0x60 hpl/spi/hpl_spi.o
 .text._spi_set_baudrate
                0x00403d34       0x28 hpl/spi/hpl_spi.o
 .text._spi_get_hardware_index
                0x00403d5c       0x30 hpl/spi/hpl_spi.o
 .text._spi_get_tx_dma_channel
                0x00403d8c       0x28 hpl/spi/hpl_spi.o
 .text._spi_get_rx_dma_channel
                0x00403db4       0x28 hpl/spi/hpl_spi.o
 .text._spi_get_regs
                0x00403ddc       0x60 hpl/spi/hpl_spi.o
 .text._spi_dma_rx_complete
                0x00403e3c       0x26 hpl/spi/hpl_spi.o
 .text._spi_dma_tx_complete
                0x00403e62       0x26 hpl/spi/hpl_spi.o
 .text._spi_dma_error_occured
                0x00403e88       0x26 hpl/spi/hpl_spi.o
 .text._spi_m_get_source_for_dma
                0x00403eae       0x18 hpl/spi/hpl_spi.o
 .text._spi_m_get_destination_for_dma
                0x00403ec6       0x18 hpl/spi/hpl_spi.o
 *fill*         0x00403ede        0x2 
 .text._spi_m_dma_init
                0x00403ee0      0x11c hpl/spi/hpl_spi.o
                0x00403ee0                _spi_m_dma_init
 .text._spi_m_dma_enable
                0x00403ffc       0x50 hpl/spi/hpl_spi.o
                0x00403ffc                _spi_m_dma_enable
 .text._spi_m_dma_set_mode
                0x0040404c       0x58 hpl/spi/hpl_spi.o
                0x0040404c                _spi_m_dma_set_mode
 .text._spi_m_dma_set_baudrate
                0x004040a4       0x54 hpl/spi/hpl_spi.o
                0x004040a4                _spi_m_dma_set_baudrate
 .text._spi_m_dma_set_char_size
                0x004040f8       0x60 hpl/spi/hpl_spi.o
                0x004040f8                _spi_m_dma_set_char_size
 .text._spi_m_dma_register_callback
                0x00404158       0xe4 hpl/spi/hpl_spi.o
                0x00404158                _spi_m_dma_register_callback
 .text._spi_m_dma_transfer
                0x0040423c      0x124 hpl/spi/hpl_spi.o
                0x0040423c                _spi_m_dma_transfer
 .text.hri_twihs_get_SR_TXCOMP_bit
                0x00404360       0x26 hpl/twihs/hpl_twihs.o
 .text.hri_twihs_get_SR_RXRDY_bit
                0x00404386       0x26 hpl/twihs/hpl_twihs.o
 .text.hri_twihs_read_SR_reg
                0x004043ac       0x18 hpl/twihs/hpl_twihs.o
 .text.hri_twihs_read_RHR_reg
                0x004043c4       0x18 hpl/twihs/hpl_twihs.o
 .text.hri_twihs_write_MMR_reg
                0x004043dc       0x1c hpl/twihs/hpl_twihs.o
 .text.hri_twihs_write_IADR_reg
                0x004043f8       0x1c hpl/twihs/hpl_twihs.o
 .text.hri_twihs_write_CWGR_reg
                0x00404414       0x1c hpl/twihs/hpl_twihs.o
 .text.hri_twihs_write_SMBTR_reg
                0x00404430       0x1c hpl/twihs/hpl_twihs.o
 .text.hri_twihs_write_FILTR_reg
                0x0040444c       0x1c hpl/twihs/hpl_twihs.o
 .text.hri_twihs_write_CR_reg
                0x00404468       0x1c hpl/twihs/hpl_twihs.o
 .text.hri_twihs_write_THR_reg
                0x00404484       0x1c hpl/twihs/hpl_twihs.o
 .text._get_i2cm_sync_cfg
                0x004044a0       0x54 hpl/twihs/hpl_twihs.o
 .text._i2c_m_sync_init
                0x004044f4       0xa4 hpl/twihs/hpl_twihs.o
                0x004044f4                _i2c_m_sync_init
 .text._i2c_m_sync_transfer
                0x00404598       0x7c hpl/twihs/hpl_twihs.o
                0x00404598                _i2c_m_sync_transfer
 .text._i2c_m_sync_write
                0x00404614      0x130 hpl/twihs/hpl_twihs.o
 .text._i2c_m_sync_read
                0x00404744      0x140 hpl/twihs/hpl_twihs.o
 .text.__NVIC_EnableIRQ
                0x00404884       0x3c hpl/uart/hpl_uart.o
 .text.__NVIC_DisableIRQ
                0x004048c0       0x44 hpl/uart/hpl_uart.o
 .text.__NVIC_ClearPendingIRQ
                0x00404904       0x3c hpl/uart/hpl_uart.o
 .text.hri_uart_get_IMR_RXRDY_bit
                0x00404940       0x26 hpl/uart/hpl_uart.o
 .text.hri_uart_set_IMR_TXRDY_bit
                0x00404966       0x1a hpl/uart/hpl_uart.o
 .text.hri_uart_get_IMR_TXRDY_bit
                0x00404980       0x28 hpl/uart/hpl_uart.o
 .text.hri_uart_clear_IMR_TXRDY_bit
                0x004049a8       0x1a hpl/uart/hpl_uart.o
 .text.hri_uart_set_IMR_TXEMPTY_bit
                0x004049c2       0x1c hpl/uart/hpl_uart.o
 .text.hri_uart_get_IMR_TXEMPTY_bit
                0x004049de       0x28 hpl/uart/hpl_uart.o
 .text.hri_uart_clear_IMR_TXEMPTY_bit
                0x00404a06       0x1c hpl/uart/hpl_uart.o
 .text.hri_uart_get_SR_RXRDY_bit
                0x00404a22       0x26 hpl/uart/hpl_uart.o
 .text.hri_uart_get_SR_TXRDY_bit
                0x00404a48       0x26 hpl/uart/hpl_uart.o
 .text.hri_uart_get_SR_TXEMPTY_bit
                0x00404a6e       0x26 hpl/uart/hpl_uart.o
 .text.hri_uart_read_SR_reg
                0x00404a94       0x18 hpl/uart/hpl_uart.o
 .text.hri_uart_read_RHR_RXCHR_bf
                0x00404aac       0x1a hpl/uart/hpl_uart.o
 .text.hri_uart_read_RHR_reg
                0x00404ac6       0x18 hpl/uart/hpl_uart.o
 .text.hri_uart_write_MR_reg
                0x00404ade       0x1c hpl/uart/hpl_uart.o
 .text.hri_uart_write_BRGR_reg
                0x00404afa       0x1c hpl/uart/hpl_uart.o
 .text.hri_uart_write_WPMR_reg
                0x00404b16       0x1e hpl/uart/hpl_uart.o
 .text.hri_uart_write_CR_reg
                0x00404b34       0x1c hpl/uart/hpl_uart.o
 .text.hri_uart_write_THR_reg
                0x00404b50       0x1c hpl/uart/hpl_uart.o
 .text._uart_get_irq_num
                0x00404b6c       0x7c hpl/uart/hpl_uart.o
 .text._uart_init_irq_param
                0x00404be8       0x2c hpl/uart/hpl_uart.o
 .text._usart_sync_init
                0x00404c14       0x58 hpl/uart/hpl_uart.o
                0x00404c14                _usart_sync_init
 .text._usart_async_init
                0x00404c6c       0x9c hpl/uart/hpl_uart.o
                0x00404c6c                _usart_async_init
 .text._usart_sync_write_byte
                0x00404d08       0x48 hpl/uart/hpl_uart.o
                0x00404d08                _usart_sync_write_byte
 .text._usart_async_write_byte
                0x00404d50       0x48 hpl/uart/hpl_uart.o
                0x00404d50                _usart_async_write_byte
 .text._usart_sync_read_byte
                0x00404d98       0x44 hpl/uart/hpl_uart.o
                0x00404d98                _usart_sync_read_byte
 .text._usart_sync_is_ready_to_send
                0x00404ddc       0x40 hpl/uart/hpl_uart.o
                0x00404ddc                _usart_sync_is_ready_to_send
 .text._usart_sync_is_transmit_done
                0x00404e1c       0x40 hpl/uart/hpl_uart.o
                0x00404e1c                _usart_sync_is_transmit_done
 .text._usart_sync_is_byte_received
                0x00404e5c       0x40 hpl/uart/hpl_uart.o
                0x00404e5c                _usart_sync_is_byte_received
 .text._usart_async_enable_byte_sent_irq
                0x00404e9c       0x40 hpl/uart/hpl_uart.o
                0x00404e9c                _usart_async_enable_byte_sent_irq
 .text._usart_async_enable_tx_done_irq
                0x00404edc       0x40 hpl/uart/hpl_uart.o
                0x00404edc                _usart_async_enable_tx_done_irq
 .text._uart_get_hardware_index
                0x00404f1c       0x84 hpl/uart/hpl_uart.o
 .text._uart_get_usart_sync
                0x00404fa0       0x10 hpl/uart/hpl_uart.o
                0x00404fa0                _uart_get_usart_sync
 .text._uart_get_usart_async
                0x00404fb0       0x10 hpl/uart/hpl_uart.o
                0x00404fb0                _uart_get_usart_async
 .text._uart_interrupt_handler
                0x00404fc0      0x128 hpl/uart/hpl_uart.o
 .text.UART4_Handler
                0x004050e8       0x1c hpl/uart/hpl_uart.o
                0x004050e8                UART4_Handler
 .text._get_uart_index
                0x00405104       0x7c hpl/uart/hpl_uart.o
 .text._uart_init
                0x00405180       0xa8 hpl/uart/hpl_uart.o
 .text.__NVIC_EnableIRQ
                0x00405228       0x3c hpl/usbhs/hpl_usbhs.o
 .text.hri_usbhs_get_DEVEPTISR_RXSTPI_bit
                0x00405264       0x32 hpl/usbhs/hpl_usbhs.o
 .text.hri_usbhs_get_DEVEPTISR_STALLEDI_bit
                0x00405296       0x32 hpl/usbhs/hpl_usbhs.o
 .text.hri_usbhs_get_DEVEPTISR_RWALL_bit
                0x004052c8       0x32 hpl/usbhs/hpl_usbhs.o
 .text.hri_usbhs_get_DEVEPTISR_CFGOK_bit
                0x004052fa       0x32 hpl/usbhs/hpl_usbhs.o
 .text.hri_usbhs_get_DEVEPTISR_reg
                0x0040532c       0x30 hpl/usbhs/hpl_usbhs.o
 .text.hri_usbhs_read_DEVEPTISR_reg
                0x0040535c       0x22 hpl/usbhs/hpl_usbhs.o
 .text.hri_usbhs_write_DEVEPTICR_reg
                0x0040537e       0x26 hpl/usbhs/hpl_usbhs.o
 .text.hri_usbhs_get_SR_CLKUSABLE_bit
                0x004053a4       0x2a hpl/usbhs/hpl_usbhs.o
 .text.hri_usbhs_set_DEVIMR_SUSPE_bit
                0x004053ce       0x1a hpl/usbhs/hpl_usbhs.o
 .text.hri_usbhs_set_DEVIMR_reg
                0x004053e8       0x1c hpl/usbhs/hpl_usbhs.o
 .text.hri_usbhs_read_DEVIMR_reg
                0x00405404       0x18 hpl/usbhs/hpl_usbhs.o
 .text.hri_usbhs_clear_DEVIMR_reg
                0x0040541c       0x1c hpl/usbhs/hpl_usbhs.o
 .text.hri_usbhs_read_DEVISR_reg
                0x00405438       0x18 hpl/usbhs/hpl_usbhs.o
 .text.hri_usbhs_read_DEVEPTIMR_reg
                0x00405450       0x22 hpl/usbhs/hpl_usbhs.o
 .text.hri_usbhs_set_DEVCTRL_ADDEN_bit
                0x00405472       0x20 hpl/usbhs/hpl_usbhs.o
 .text.hri_usbhs_clear_DEVCTRL_ADDEN_bit
                0x00405492       0x20 hpl/usbhs/hpl_usbhs.o
 .text.hri_usbhs_clear_DEVCTRL_DETACH_bit
                0x004054b2       0x20 hpl/usbhs/hpl_usbhs.o
 .text.hri_usbhs_write_DEVCTRL_UADD_bf
                0x004054d2       0x36 hpl/usbhs/hpl_usbhs.o
 .text.hri_usbhs_write_DEVCTRL_reg
                0x00405508       0x1c hpl/usbhs/hpl_usbhs.o
 .text.hri_usbhs_set_DEVEPT_reg
                0x00405524       0x22 hpl/usbhs/hpl_usbhs.o
 .text.hri_usbhs_write_DEVEPT_reg
                0x00405546       0x1c hpl/usbhs/hpl_usbhs.o
 .text.hri_usbhs_clear_DEVEPT_reg
                0x00405562       0x24 hpl/usbhs/hpl_usbhs.o
 .text.hri_usbhs_read_DEVEPT_reg
                0x00405586       0x18 hpl/usbhs/hpl_usbhs.o
 .text.hri_usbhs_set_DEVEPTCFG_ALLOC_bit
                0x0040559e       0x30 hpl/usbhs/hpl_usbhs.o
 .text.hri_usbhs_clear_DEVEPTCFG_ALLOC_bit
                0x004055ce       0x30 hpl/usbhs/hpl_usbhs.o
 .text.hri_usbhs_set_DEVEPTCFG_AUTOSW_bit
                0x004055fe       0x30 hpl/usbhs/hpl_usbhs.o
 .text.hri_usbhs_clear_DEVEPTCFG_AUTOSW_bit
                0x0040562e       0x30 hpl/usbhs/hpl_usbhs.o
 .text.hri_usbhs_read_DEVEPTCFG_EPTYPE_bf
                0x0040565e       0x30 hpl/usbhs/hpl_usbhs.o
 .text.hri_usbhs_write_DEVEPTCFG_reg
                0x0040568e       0x26 hpl/usbhs/hpl_usbhs.o
 .text.hri_usbhs_read_DEVEPTCFG_reg
                0x004056b4       0x22 hpl/usbhs/hpl_usbhs.o
 .text.hri_usbhs_clear_CTRL_FRZCLK_bit
                0x004056d6       0x24 hpl/usbhs/hpl_usbhs.o
 .text.hri_usbhs_set_CTRL_USBE_bit
                0x004056fa       0x24 hpl/usbhs/hpl_usbhs.o
 .text.hri_usbhs_get_CTRL_USBE_bit
                0x0040571e       0x32 hpl/usbhs/hpl_usbhs.o
 .text.hri_usbhs_write_CTRL_reg
                0x00405750       0x1e hpl/usbhs/hpl_usbhs.o
 .text.hri_usbhs_write_DEVICR_reg
                0x0040576e       0x1c hpl/usbhs/hpl_usbhs.o
 .text.hri_usbhs_write_DEVEPTIFR_reg
                0x0040578a       0x26 hpl/usbhs/hpl_usbhs.o
 .text.hri_usbhs_write_DEVEPTIER_reg
                0x004057b0       0x26 hpl/usbhs/hpl_usbhs.o
 .text.hri_usbhs_write_DEVEPTIDR_reg
                0x004057d6       0x26 hpl/usbhs/hpl_usbhs.o
 .text.hri_usbhs_write_DEVDMAADDRESS_reg
                0x004057fc       0x2a hpl/usbhs/hpl_usbhs.o
 .text.hri_usbhs_write_DEVDMACONTROL_reg
                0x00405826       0x2a hpl/usbhs/hpl_usbhs.o
 .text.hri_usbhs_get_DEVDMASTATUS_CHANN_ENB_bit
                0x00405850       0x34 hpl/usbhs/hpl_usbhs.o
 .text.hri_usbhs_get_DEVDMASTATUS_END_TR_ST_bit
                0x00405884       0x36 hpl/usbhs/hpl_usbhs.o
 .text.hri_usbhs_read_DEVDMASTATUS_BUFF_COUNT_bf
                0x004058ba       0x2a hpl/usbhs/hpl_usbhs.o
 .text._dummy_func_no_return
                0x004058e4       0x16 hpl/usbhs/hpl_usbhs.o
 .text._dummy_func_return_false
                0x004058fa       0x18 hpl/usbhs/hpl_usbhs.o
 *fill*         0x00405912        0x2 
 .text._usbd_ep_enable
                0x00405914       0x5c hpl/usbhs/hpl_usbhs.o
 .text._usbd_ep_int_ack
                0x00405970       0x28 hpl/usbhs/hpl_usbhs.o
 .text._usbd_ep_int_en
                0x00405998       0x40 hpl/usbhs/hpl_usbhs.o
 .text._usbd_ep_int_dis
                0x004059d8       0x28 hpl/usbhs/hpl_usbhs.o
 .text._usbd_ep_is_ctrl
                0x00405a00       0x30 hpl/usbhs/hpl_usbhs.o
 .text._usbd_ep_is_enabled
                0x00405a30       0x40 hpl/usbhs/hpl_usbhs.o
 .text._usbd_ep_is_cfg
                0x00405a70       0x28 hpl/usbhs/hpl_usbhs.o
 .text._usbd_ep_set_stall
                0x00405a98       0x4c hpl/usbhs/hpl_usbhs.o
 .text._usbd_ep_is_stall_sent
                0x00405ae4       0x28 hpl/usbhs/hpl_usbhs.o
 .text._usbd_ep_ack_stall
                0x00405b0c       0x20 hpl/usbhs/hpl_usbhs.o
 .text._usbd_ep_int_stall_en
                0x00405b2c       0x3c hpl/usbhs/hpl_usbhs.o
 .text._usbd_ep_stop_setup
                0x00405b68       0x28 hpl/usbhs/hpl_usbhs.o
 .text._usbd_ep_is_setup
                0x00405b90       0x28 hpl/usbhs/hpl_usbhs.o
 .text._usbd_ep_ack_setup
                0x00405bb8       0x20 hpl/usbhs/hpl_usbhs.o
 .text._usbd_ep_reset
                0x00405bd8       0x48 hpl/usbhs/hpl_usbhs.o
 .text._usbd_ep_reset_toggle
                0x00405c20       0x2c hpl/usbhs/hpl_usbhs.o
 .text._usbd_ep_set_alloc
                0x00405c4c       0x44 hpl/usbhs/hpl_usbhs.o
 .text._usbd_ep_get_trans_count
                0x00405c90       0x30 hpl/usbhs/hpl_usbhs.o
 .text._usbd_ep_send_zlp_in
                0x00405cc0       0x48 hpl/usbhs/hpl_usbhs.o
 .text._usbd_ep_set_in_rdy
                0x00405d08       0x48 hpl/usbhs/hpl_usbhs.o
 .text._usbd_ep_set_out_rdy
                0x00405d50       0x48 hpl/usbhs/hpl_usbhs.o
 .text._usbd_ep_pcksize_size
                0x00405d98       0x62 hpl/usbhs/hpl_usbhs.o
 *fill*         0x00405dfa        0x2 
 .text._usb_d_dev_sof
                0x00405dfc       0x24 hpl/usbhs/hpl_usbhs.o
 .text._usb_d_dev_msof
                0x00405e20       0x24 hpl/usbhs/hpl_usbhs.o
 .text._usb_d_dev_wakeup
                0x00405e44       0x48 hpl/usbhs/hpl_usbhs.o
 .text._usb_d_dev_reset
                0x00405e8c       0x50 hpl/usbhs/hpl_usbhs.o
 .text._usb_d_dev_suspend
                0x00405edc       0x48 hpl/usbhs/hpl_usbhs.o
 .text._usb_d_dev_handle_nep
                0x00405f24       0xa8 hpl/usbhs/hpl_usbhs.o
 .text._usb_d_dev_in_next
                0x00405fcc      0x1c4 hpl/usbhs/hpl_usbhs.o
 .text._usb_d_dev_out_next
                0x00406190      0x148 hpl/usbhs/hpl_usbhs.o
 .text._usb_d_dev_dma_next
                0x004062d8      0x1b8 hpl/usbhs/hpl_usbhs.o
 .text._usb_d_dev_handle_setup
                0x00406490       0xbc hpl/usbhs/hpl_usbhs.o
 .text._usb_d_dev_handle_stall
                0x0040654c       0x34 hpl/usbhs/hpl_usbhs.o
 .text._usb_d_dev_handle_overflow
                0x00406580       0x54 hpl/usbhs/hpl_usbhs.o
 .text._usb_d_dev_trans_setup_isr
                0x004065d4       0x40 hpl/usbhs/hpl_usbhs.o
 .text._usb_d_dev_trans_in_isr
                0x00406614       0x4c hpl/usbhs/hpl_usbhs.o
 .text._usb_d_dev_trans_out_isr
                0x00406660       0x64 hpl/usbhs/hpl_usbhs.o
 .text._usb_d_dev_handle_eps
                0x004066c4       0xc8 hpl/usbhs/hpl_usbhs.o
 .text._usb_d_dev_handle_dma
                0x0040678c       0xa4 hpl/usbhs/hpl_usbhs.o
 .text.USBHS_Handler
                0x00406830       0xc8 hpl/usbhs/hpl_usbhs.o
                0x00406830                USBHS_Handler
 .text._usb_d_dev_reset_epts
                0x004068f8       0x90 hpl/usbhs/hpl_usbhs.o
 .text._usb_d_dev_init
                0x00406988       0xa0 hpl/usbhs/hpl_usbhs.o
                0x00406988                _usb_d_dev_init
 .text._usb_d_dev_enable
                0x00406a28       0x70 hpl/usbhs/hpl_usbhs.o
                0x00406a28                _usb_d_dev_enable
 .text._usb_d_dev_attach
                0x00406a98       0x18 hpl/usbhs/hpl_usbhs.o
                0x00406a98                _usb_d_dev_attach
 .text._usb_d_dev_set_address
                0x00406ab0       0x30 hpl/usbhs/hpl_usbhs.o
                0x00406ab0                _usb_d_dev_set_address
 .text._usb_d_dev_trans_setup
                0x00406ae0       0x78 hpl/usbhs/hpl_usbhs.o
 .text._usb_d_dev_ep_init
                0x00406b58      0x1a0 hpl/usbhs/hpl_usbhs.o
                0x00406b58                _usb_d_dev_ep_init
 .text._usb_d_dev_ep_deinit
                0x00406cf8       0x8c hpl/usbhs/hpl_usbhs.o
                0x00406cf8                _usb_d_dev_ep_deinit
 .text._usb_d_dev_ep_enable
                0x00406d84      0x204 hpl/usbhs/hpl_usbhs.o
                0x00406d84                _usb_d_dev_ep_enable
 .text._usb_d_dev_ep_stall_get
                0x00406f88       0x1e hpl/usbhs/hpl_usbhs.o
 *fill*         0x00406fa6        0x2 
 .text._usb_d_dev_ep_stall_set
                0x00406fa8       0x5c hpl/usbhs/hpl_usbhs.o
 .text._usb_d_dev_ep_stall_clr
                0x00407004       0xc0 hpl/usbhs/hpl_usbhs.o
 .text._usb_d_dev_ep_stall
                0x004070c4       0x7c hpl/usbhs/hpl_usbhs.o
                0x004070c4                _usb_d_dev_ep_stall
 .text._usb_d_dev_trans_done
                0x00407140       0x48 hpl/usbhs/hpl_usbhs.o
 .text._usb_d_dev_trans_stop
                0x00407188       0x68 hpl/usbhs/hpl_usbhs.o
 .text._usb_d_dev_ep_read_req
                0x004071f0       0xa4 hpl/usbhs/hpl_usbhs.o
                0x004071f0                _usb_d_dev_ep_read_req
 .text._usb_d_dev_ep_trans
                0x00407294      0x1c0 hpl/usbhs/hpl_usbhs.o
                0x00407294                _usb_d_dev_ep_trans
 .text._usb_d_dev_register_callback
                0x00407454       0x48 hpl/usbhs/hpl_usbhs.o
                0x00407454                _usb_d_dev_register_callback
 .text._usb_d_dev_register_ep_callback
                0x0040749c       0x58 hpl/usbhs/hpl_usbhs.o
                0x0040749c                _usb_d_dev_register_ep_callback
 .text.__NVIC_EnableIRQ
                0x004074f4       0x3c hpl/xdmac/hpl_xdmac.o
 .text.__NVIC_DisableIRQ
                0x00407530       0x44 hpl/xdmac/hpl_xdmac.o
 .text.__NVIC_ClearPendingIRQ
                0x00407574       0x3c hpl/xdmac/hpl_xdmac.o
 .text.hri_xdmac_set_CIM_reg
                0x004075b0       0x28 hpl/xdmac/hpl_xdmac.o
 .text.hri_xdmac_clear_CIM_reg
                0x004075d8       0x28 hpl/xdmac/hpl_xdmac.o
 .text.hri_xdmac_read_CIS_reg
                0x00407600       0x24 hpl/xdmac/hpl_xdmac.o
 .text.hri_xdmac_write_CSA_reg
                0x00407624       0x28 hpl/xdmac/hpl_xdmac.o
 .text.hri_xdmac_write_CDA_reg
                0x0040764c       0x28 hpl/xdmac/hpl_xdmac.o
 .text.hri_xdmac_write_CNDC_reg
                0x00407674       0x28 hpl/xdmac/hpl_xdmac.o
 .text.hri_xdmac_write_CUBC_reg
                0x0040769c       0x28 hpl/xdmac/hpl_xdmac.o
 .text.hri_xdmac_write_CBC_reg
                0x004076c4       0x28 hpl/xdmac/hpl_xdmac.o
 .text.hri_xdmac_get_CC_DWIDTH_bf
                0x004076ec       0x3a hpl/xdmac/hpl_xdmac.o
 .text.hri_xdmac_read_CC_DWIDTH_bf
                0x00407726       0x32 hpl/xdmac/hpl_xdmac.o
 .text.hri_xdmac_write_CC_SAM_bf
                0x00407758       0x4c hpl/xdmac/hpl_xdmac.o
 .text.hri_xdmac_write_CC_reg
                0x004077a4       0x28 hpl/xdmac/hpl_xdmac.o
 .text.hri_xdmac_write_CDS_MSP_SDS_MSP_bf
                0x004077cc       0x4c hpl/xdmac/hpl_xdmac.o
 .text.hri_xdmac_write_CDS_MSP_reg
                0x00407818       0x28 hpl/xdmac/hpl_xdmac.o
 .text.hri_xdmac_write_CSUS_reg
                0x00407840       0x28 hpl/xdmac/hpl_xdmac.o
 .text.hri_xdmac_write_CDUS_reg
                0x00407868       0x2a hpl/xdmac/hpl_xdmac.o
 .text.hri_xdmac_set_GIM_reg
                0x00407892       0x1c hpl/xdmac/hpl_xdmac.o
 .text.hri_xdmac_clear_GIM_reg
                0x004078ae       0x1c hpl/xdmac/hpl_xdmac.o
 .text.hri_xdmac_set_GS_reg
                0x004078ca       0x1c hpl/xdmac/hpl_xdmac.o
 .text.hri_xdmac_read_GIS_reg
                0x004078e6       0x18 hpl/xdmac/hpl_xdmac.o
 .text.hri_xdmac_write_GSWR_reg
                0x004078fe       0x1c hpl/xdmac/hpl_xdmac.o
 *fill*         0x0040791a        0x2 
 .text._dma_init
                0x0040791c       0xd8 hpl/xdmac/hpl_xdmac.o
                0x0040791c                _dma_init
 .text._dma_set_destination_address
                0x004079f4       0x2c hpl/xdmac/hpl_xdmac.o
                0x004079f4                _dma_set_destination_address
 .text._dma_set_source_address
                0x00407a20       0x2c hpl/xdmac/hpl_xdmac.o
                0x00407a20                _dma_set_source_address
 .text._dma_srcinc_enable
                0x00407a4c       0x70 hpl/xdmac/hpl_xdmac.o
                0x00407a4c                _dma_srcinc_enable
 .text._dma_set_data_amount
                0x00407abc       0x44 hpl/xdmac/hpl_xdmac.o
                0x00407abc                _dma_set_data_amount
 .text._dma_enable_transaction
                0x00407b00       0x4c hpl/xdmac/hpl_xdmac.o
                0x00407b00                _dma_enable_transaction
 .text._dma_get_channel_resource
                0x00407b4c       0x30 hpl/xdmac/hpl_xdmac.o
                0x00407b4c                _dma_get_channel_resource
 .text._dma_set_irq_state
                0x00407b7c       0xa4 hpl/xdmac/hpl_xdmac.o
                0x00407b7c                _dma_set_irq_state
 .text.XDMAC_Handler
                0x00407c20       0xa0 hpl/xdmac/hpl_xdmac.o
                0x00407c20                XDMAC_Handler
 .text.hri_pio_set_ODSR_reg
                0x00407cc0       0x1c main.o
 .text.hri_pio_get_ODSR_reg
                0x00407cdc       0x26 main.o
 .text.hri_pio_clear_ODSR_reg
                0x00407d02       0x1c main.o
 *fill*         0x00407d1e        0x2 
 .text.port_to_reg
                0x00407d20       0x24 main.o
 .text._gpio_toggle_level
                0x00407d44       0x54 main.o
 .text.gpio_toggle_pin_level
                0x00407d98       0x30 main.o
 .text.main     0x00407dc8       0x48 main.o
                0x00407dc8                main
 .text.usb_get_u16
                0x00407e10       0x2a usb/class/cdc/device/cdcdf_acm.o
 .text.usb_desc_len
                0x00407e3a       0x18 usb/class/cdc/device/cdcdf_acm.o
 *fill*         0x00407e52        0x2 
 .text.usb_desc_next
                0x00407e54       0x24 usb/class/cdc/device/cdcdf_acm.o
 .text.cdcdf_acm_enable
                0x00407e78      0x174 usb/class/cdc/device/cdcdf_acm.o
 .text.cdcdf_acm_disable
                0x00407fec       0xac usb/class/cdc/device/cdcdf_acm.o
 .text.cdcdf_acm_ctrl
                0x00408098       0x50 usb/class/cdc/device/cdcdf_acm.o
 .text.cdcdf_acm_set_req
                0x004080e8       0xe0 usb/class/cdc/device/cdcdf_acm.o
 .text.cdcdf_acm_get_req
                0x004081c8       0x60 usb/class/cdc/device/cdcdf_acm.o
 .text.cdcdf_acm_req
                0x00408228       0x88 usb/class/cdc/device/cdcdf_acm.o
 .text.cdcdf_acm_init
                0x004082b0       0x50 usb/class/cdc/device/cdcdf_acm.o
                0x004082b0                cdcdf_acm_init
 .text.cdcdf_acm_read
                0x00408300       0x44 usb/class/cdc/device/cdcdf_acm.o
                0x00408300                cdcdf_acm_read
 .text.cdcdf_acm_write
                0x00408344       0x44 usb/class/cdc/device/cdcdf_acm.o
                0x00408344                cdcdf_acm_write
 .text.cdcdf_acm_register_callback
                0x00408388       0x78 usb/class/cdc/device/cdcdf_acm.o
                0x00408388                cdcdf_acm_register_callback
 .text.cdcdf_acm_is_enabled
                0x00408400       0x18 usb/class/cdc/device/cdcdf_acm.o
                0x00408400                cdcdf_acm_is_enabled
 .text.usb_get_u16
                0x00408418       0x2a usb/device/usbdc.o
 .text.usb_desc_len
                0x00408442       0x18 usb/device/usbdc.o
 *fill*         0x0040845a        0x2 
 .text.usb_desc_next
                0x0040845c       0x24 usb/device/usbdc.o
 .text.usb_cfg_desc_total_len
                0x00408480       0x20 usb/device/usbdc.o
 .text.usbdc_get_dev_desc
                0x004084a0       0x78 usb/device/usbdc.o
 .text.usbdc_get_cfg_desc
                0x00408518       0xb0 usb/device/usbdc.o
 .text.usbdc_get_str_desc
                0x004085c8       0x98 usb/device/usbdc.o
 .text.usbdc_get_desc_req
                0x00408660       0x68 usb/device/usbdc.o
 .text.usbdc_get_status_req
                0x004086c8       0x80 usb/device/usbdc.o
 .text.usbdc_get_interface
                0x00408748       0x90 usb/device/usbdc.o
 .text.usbdc_get_req
                0x004087d8       0xa8 usb/device/usbdc.o
 .text.usbdc_clear_ftr_req
                0x00408880       0x58 usb/device/usbdc.o
 .text.usbdc_set_ftr_req
                0x004088d8       0x58 usb/device/usbdc.o
 .text.usbdc_unconfig
                0x00408930       0x34 usb/device/usbdc.o
 .text.usbdc_set_config
                0x00408964       0xec usb/device/usbdc.o
 .text.usbdc_set_address
                0x00408a50       0x20 usb/device/usbdc.o
 .text.usbdc_set_interface
                0x00408a70      0x140 usb/device/usbdc.o
 .text.usbdc_set_req
                0x00408bb0       0xec usb/device/usbdc.o
 .text.usbdc_sof_notify
                0x00408c9c       0x34 usb/device/usbdc.o
 .text.usbdc_change_notify
                0x00408cd0       0x40 usb/device/usbdc.o
 .text.usbdc_request_handler
                0x00408d10       0x60 usb/device/usbdc.o
 .text.usbd_sof_cb
                0x00408d70       0x10 usb/device/usbdc.o
 .text.usbdc_cb_ctl_req
                0x00408d80       0x74 usb/device/usbdc.o
 .text.usbdc_ctrl_status_end
                0x00408df4       0x90 usb/device/usbdc.o
 .text.usbdc_ctrl_data_end
                0x00408e84       0x20 usb/device/usbdc.o
 .text.usbdc_cb_ctl_done
                0x00408ea4       0x40 usb/device/usbdc.o
 .text.usbdc_reset
                0x00408ee4       0x68 usb/device/usbdc.o
                0x00408ee4                usbdc_reset
 .text.usbd_event_cb
                0x00408f4c       0x38 usb/device/usbdc.o
 .text.usbdc_xfer
                0x00408f84       0x3c usb/device/usbdc.o
                0x00408f84                usbdc_xfer
 .text.usbdc_register_handler
                0x00408fc0       0x54 usb/device/usbdc.o
                0x00408fc0                usbdc_register_handler
 .text.usbdc_init
                0x00409014       0x7c usb/device/usbdc.o
                0x00409014                usbdc_init
 .text.usbdc_register_function
                0x00409090       0x20 usb/device/usbdc.o
                0x00409090                usbdc_register_function
 .text.usbdc_start
                0x004090b0       0x50 usb/device/usbdc.o
                0x004090b0                usbdc_start
 .text.usbdc_attach
                0x00409100       0x10 usb/device/usbdc.o
                0x00409100                usbdc_attach
 .text.usbdc_get_ctrl_buffer
                0x00409110       0x18 usb/device/usbdc.o
                0x00409110                usbdc_get_ctrl_buffer
 .text.usbdc_get_state
                0x00409128       0x28 usb/device/usbdc.o
                0x00409128                usbdc_get_state
 .text.usb_get_u16
                0x00409150       0x2a usb/usb_protocol.o
 .text.usb_desc_len
                0x0040917a       0x18 usb/usb_protocol.o
 .text.usb_desc_type
                0x00409192       0x1a usb/usb_protocol.o
 .text.usb_desc_next
                0x004091ac       0x24 usb/usb_protocol.o
 .text.usb_cfg_desc_total_len
                0x004091d0       0x20 usb/usb_protocol.o
 .text.usb_cfg_desc_next
                0x004091f0       0x24 usb/usb_protocol.o
 .text.usb_find_desc
                0x00409214       0x5c usb/usb_protocol.o
                0x00409214                usb_find_desc
 .text.usb_find_ep_desc
                0x00409270       0x64 usb/usb_protocol.o
                0x00409270                usb_find_ep_desc
 .text.usb_find_cfg_desc
                0x004092d4       0x78 usb/usb_protocol.o
                0x004092d4                usb_find_cfg_desc
 .text.usb_find_str_desc
                0x0040934c       0x74 usb/usb_protocol.o
                0x0040934c                usb_find_str_desc
 .text.usb_device_cb_bulk_out
                0x004093c0       0x2c usb_start.o
 .text.usb_device_cb_bulk_in
                0x004093ec       0x2c usb_start.o
 .text.usb_device_cb_state_c
                0x00409418       0x4c usb_start.o
 .text.cdc_device_acm_init
                0x00409464       0x34 usb_start.o
                0x00409464                cdc_device_acm_init
 .text.cdcd_acm_example
                0x00409498       0x2c usb_start.o
                0x00409498                cdcd_acm_example
 .text.usb_init
                0x004094c4       0x10 usb_start.o
                0x004094c4                usb_init
 .text.__libc_init_array
                0x004094d4       0x48 c:/program files (x86)/atmel/studio/7.0/toolchain/arm/arm-gnu-toolchain/bin/../lib/gcc/arm-none-eabi/6.3.1/../../../../arm-none-eabi/lib/thumb/v7e-m\libc_nano.a(lib_a-init.o)
                0x004094d4                __libc_init_array
 .text.memcpy   0x0040951c       0x16 c:/program files (x86)/atmel/studio/7.0/toolchain/arm/arm-gnu-toolchain/bin/../lib/gcc/arm-none-eabi/6.3.1/../../../../arm-none-eabi/lib/thumb/v7e-m\libc_nano.a(lib_a-memcpy-stub.o)
                0x0040951c                memcpy
 .text.memset   0x00409532       0x10 c:/program files (x86)/atmel/studio/7.0/toolchain/arm/arm-gnu-toolchain/bin/../lib/gcc/arm-none-eabi/6.3.1/../../../../arm-none-eabi/lib/thumb/v7e-m\libc_nano.a(lib_a-memset.o)
                0x00409532                memset
 *(.glue_7t)
 .glue_7t       0x00409542        0x0 linker stubs
 *(.glue_7)
 .glue_7        0x00409542        0x0 linker stubs
 *(.rodata .rodata* .gnu.linkonce.r.*)
 *fill*         0x00409542        0x2 
 .rodata        0x00409544       0x1b driver_init.o
 *fill*         0x0040955f        0x1 
 .rodata        0x00409560       0x1a hal/src/hal_dac_sync.o
 *fill*         0x0040957a        0x2 
 .rodata        0x0040957c       0x1c hal/src/hal_i2c_m_sync.o
 .rodata        0x00409598       0x1b hal/src/hal_spi_m_dma.o
 *fill*         0x004095b3        0x1 
 .rodata        0x004095b4       0x1d hal/src/hal_usart_async.o
 *fill*         0x004095d1        0x3 
 .rodata        0x004095d4       0x1c hal/src/hal_usart_sync.o
 .rodata        0x004095f0       0x1e hal/utils/src/utils_list.o
 *fill*         0x0040960e        0x2 
 .rodata        0x00409610       0x24 hal/utils/src/utils_ringbuffer.o
 .rodata        0x00409634       0x15 hpl/dac/hpl_dac.o
 *fill*         0x00409649        0x3 
 .rodata        0x0040964c       0x59 hpl/pio/hpl_pio_ext.o
 *fill*         0x004096a5        0x3 
 .rodata        0x004096a8       0x3d hpl/spi/hpl_spi.o
 *fill*         0x004096e5        0x3 
 .rodata        0x004096e8       0x49 hpl/twihs/hpl_twihs.o
 *fill*         0x00409731        0x3 
 .rodata        0x00409734       0x17 hpl/uart/hpl_uart.o
 *fill*         0x0040974b        0x1 
 .rodata        0x0040974c       0x2d hpl/usbhs/hpl_usbhs.o
 *fill*         0x00409779        0x3 
 .rodata        0x0040977c       0xc0 hpl/xdmac/hpl_xdmac.o
 .rodata        0x0040983c       0x16 usb/device/usbdc.o
 *(.ARM.extab* .gnu.linkonce.armextab.*)
                0x00409854                . = ALIGN (0x4)
 *fill*         0x00409852        0x2 
 *(.init)
 .init          0x00409854        0x4 c:/program files (x86)/atmel/studio/7.0/toolchain/arm/arm-gnu-toolchain/bin/../lib/gcc/arm-none-eabi/6.3.1/thumb/v7e-m/crti.o
                0x00409854                _init
 .init          0x00409858        0x8 c:/program files (x86)/atmel/studio/7.0/toolchain/arm/arm-gnu-toolchain/bin/../lib/gcc/arm-none-eabi/6.3.1/thumb/v7e-m/crtn.o
                0x00409860                . = ALIGN (0x4)
                0x00409860                __preinit_array_start = .
 *(.preinit_array)
                0x00409860                __preinit_array_end = .
                0x00409860                . = ALIGN (0x4)
                0x00409860                __init_array_start = .
 *(SORT(.init_array.*))
 *(.init_array)
 .init_array    0x00409860        0x4 c:/program files (x86)/atmel/studio/7.0/toolchain/arm/arm-gnu-toolchain/bin/../lib/gcc/arm-none-eabi/6.3.1/thumb/v7e-m/crtbegin.o
                0x00409864                __init_array_end = .
                0x00409864                . = ALIGN (0x4)
 *crtbegin.o(.ctors)
 *(EXCLUDE_FILE(*crtend.o) .ctors)
 *(SORT(.ctors.*))
 *crtend.o(.ctors)
                0x00409864                . = ALIGN (0x4)
 *(.fini)
 .fini          0x00409864        0x4 c:/program files (x86)/atmel/studio/7.0/toolchain/arm/arm-gnu-toolchain/bin/../lib/gcc/arm-none-eabi/6.3.1/thumb/v7e-m/crti.o
                0x00409864                _fini
 .fini          0x00409868        0x8 c:/program files (x86)/atmel/studio/7.0/toolchain/arm/arm-gnu-toolchain/bin/../lib/gcc/arm-none-eabi/6.3.1/thumb/v7e-m/crtn.o
                0x00409870                . = ALIGN (0x4)
                0x00409870                __fini_array_start = .
 *(.fini_array)
 .fini_array    0x00409870        0x4 c:/program files (x86)/atmel/studio/7.0/toolchain/arm/arm-gnu-toolchain/bin/../lib/gcc/arm-none-eabi/6.3.1/thumb/v7e-m/crtbegin.o
 *(SORT(.fini_array.*))
                0x00409874                __fini_array_end = .
 *crtbegin.o(.dtors)
 *(EXCLUDE_FILE(*crtend.o) .dtors)
 *(SORT(.dtors.*))
 *crtend.o(.dtors)
                0x00409874                . = ALIGN (0x4)
                0x00409874                _efixed = .
                [!provide]                PROVIDE (__exidx_start, .)

.vfp11_veneer   0x00409874        0x0
 .vfp11_veneer  0x00409874        0x0 linker stubs

.v4_bx          0x00409874        0x0
 .v4_bx         0x00409874        0x0 linker stubs

.iplt           0x00409874        0x0
 .iplt          0x00409874        0x0 c:/program files (x86)/atmel/studio/7.0/toolchain/arm/arm-gnu-toolchain/bin/../lib/gcc/arm-none-eabi/6.3.1/thumb/v7e-m/crtbegin.o

.eh_frame       0x00409874        0x0
 .eh_frame      0x00409874        0x0 c:/program files (x86)/atmel/studio/7.0/toolchain/arm/arm-gnu-toolchain/bin/../lib/gcc/arm-none-eabi/6.3.1/thumb/v7e-m/crtbegin.o

.rel.dyn        0x00409874        0x0
 .rel.iplt      0x00409874        0x0 c:/program files (x86)/atmel/studio/7.0/toolchain/arm/arm-gnu-toolchain/bin/../lib/gcc/arm-none-eabi/6.3.1/thumb/v7e-m/crtbegin.o

.jcr            0x00409874        0x0
 .jcr           0x00409874        0x0 c:/program files (x86)/atmel/studio/7.0/toolchain/arm/arm-gnu-toolchain/bin/../lib/gcc/arm-none-eabi/6.3.1/thumb/v7e-m/crtbegin.o

.igot.plt       0x00409874        0x0
 .igot.plt      0x00409874        0x0 c:/program files (x86)/atmel/studio/7.0/toolchain/arm/arm-gnu-toolchain/bin/../lib/gcc/arm-none-eabi/6.3.1/thumb/v7e-m/crtbegin.o

.ARM.exidx
 *(.ARM.exidx* .gnu.linkonce.armexidx.*)
                [!provide]                PROVIDE (__exidx_end, .)
                0x00409874                . = ALIGN (0x4)
                0x00409874                _etext = .

.relocate       0x20400000       0x88 load address 0x00409874
                0x20400000                . = ALIGN (0x4)
                0x20400000                _srelocate = .
 *(.ramfunc .ramfunc.*)
 *(.data .data.*)
 .data          0x20400000        0x8 hpl/dac/hpl_dac.o
 .data          0x20400008       0x18 hpl/uart/hpl_uart.o
 .data          0x20400020        0x8 usb/class/cdc/device/cdcdf_acm.o
 .data          0x20400028       0x60 usb_start.o
                0x20400088                . = ALIGN (0x4)
                0x20400088                _erelocate = .

.bss            0x20400088     0x1934 load address 0x004098fc
                0x20400088                . = ALIGN (0x4)
                0x20400088                _sbss = .
                0x20400088                _szero = .
 *(.bss .bss.*)
 .bss           0x20400088       0x1c c:/program files (x86)/atmel/studio/7.0/toolchain/arm/arm-gnu-toolchain/bin/../lib/gcc/arm-none-eabi/6.3.1/thumb/v7e-m/crtbegin.o
 .bss           0x204000a4     0x1098 AT86_Impl.o
 .bss           0x2040113c       0x10 driver_init.o
 .bss           0x2040114c      0x48c Glue.o
                0x204015a8                txInts
                0x204015aa                rxInts
                0x204015d6                spi1RxBufBytesAvail
 .bss           0x204015d8        0x4 hal/src/hal_delay.o
 .bss           0x204015dc       0x10 hal/src/hal_ext_irq.o
 .bss           0x204015ec       0x80 hal/src/hal_usb_device.o
 .bss           0x2040166c        0x4 hpl/pio/hpl_pio_ext.o
 .bss           0x20401670        0x4 hpl/uart/hpl_uart.o
 .bss           0x20401674       0x64 hpl/usbhs/hpl_usbhs.o
 .bss           0x204016d8      0x120 hpl/xdmac/hpl_xdmac.o
 .bss           0x204017f8       0x24 usb/class/cdc/device/cdcdf_acm.o
 .bss           0x2040181c       0x20 usb/device/usbdc.o
 .bss           0x2040183c       0x80 usb_start.o
 *(COMMON)
 COMMON         0x204018bc      0x100 driver_init.o
                0x204018bc                SPI_1
                0x204018e4                DAC_0
                0x204018f8                SPI_0
                0x20401920                USART_0
                0x2040192c                I2C_INSTANCE
                0x2040194c                USART_1
                0x2040199c                I2C_0
                0x204019bc                . = ALIGN (0x4)
                0x204019bc                _ebss = .
                0x204019bc                _ezero = .

.heap           0x204019bc      0x204 load address 0x0040b230
                0x204019c0                . = ALIGN (0x8)
 *fill*         0x204019bc        0x4 
                0x204019c0                _sheap = .
                0x20401bc0                . = (. + HEAP_SIZE)
 *fill*         0x204019c0      0x200 
                0x20401bc0                . = ALIGN (0x8)
                0x20401bc0                _eheap = .

.stack          0x20401bc0      0x400 load address 0x0040b434
                0x20401bc0                . = ALIGN (0x8)
                0x20401bc0                _sstack = .
                0x20401fc0                . = (. + STACK_SIZE)
 *fill*         0x20401bc0      0x400 
                0x20401fc0                . = ALIGN (0x8)
                0x20401fc0                _estack = .
                0x20401fc0                . = ALIGN (0x4)
                0x20401fc0                _end = .
                0x2045ffff                _ram_end_ = ((ORIGIN (ram) + LENGTH (ram)) - 0x1)
OUTPUT(BBRadio.elf elf32-littlearm)

.ARM.attributes
                0x00000000       0x2e
 .ARM.attributes
                0x00000000       0x1e c:/program files (x86)/atmel/studio/7.0/toolchain/arm/arm-gnu-toolchain/bin/../lib/gcc/arm-none-eabi/6.3.1/thumb/v7e-m/crti.o
 .ARM.attributes
                0x0000001e       0x2e c:/program files (x86)/atmel/studio/7.0/toolchain/arm/arm-gnu-toolchain/bin/../lib/gcc/arm-none-eabi/6.3.1/thumb/v7e-m/crtbegin.o
 .ARM.attributes
                0x0000004c       0x37 AT86_Impl.o
 .ARM.attributes
                0x00000083       0x37 atmel_start.o
 .ARM.attributes
                0x000000ba       0x37 Device_Startup/startup_sams70q21.o
 .ARM.attributes
                0x000000f1       0x37 driver_init.o
 .ARM.attributes
                0x00000128       0x37 Glue.o
 .ARM.attributes
                0x0000015f       0x37 hal/src/hal_atomic.o
 .ARM.attributes
                0x00000196       0x37 hal/src/hal_dac_sync.o
 .ARM.attributes
                0x000001cd       0x37 hal/src/hal_delay.o
 .ARM.attributes
                0x00000204       0x37 hal/src/hal_ext_irq.o
 .ARM.attributes
                0x0000023b       0x37 hal/src/hal_i2c_m_sync.o
 .ARM.attributes
                0x00000272       0x37 hal/src/hal_spi_m_dma.o
 .ARM.attributes
                0x000002a9       0x37 hal/src/hal_usart_async.o
 .ARM.attributes
                0x000002e0       0x37 hal/src/hal_usart_sync.o
 .ARM.attributes
                0x00000317       0x37 hal/src/hal_usb_device.o
 .ARM.attributes
                0x0000034e       0x37 hal/utils/src/utils_assert.o
 .ARM.attributes
                0x00000385       0x37 hal/utils/src/utils_list.o
 .ARM.attributes
                0x000003bc       0x37 hal/utils/src/utils_ringbuffer.o
 .ARM.attributes
                0x000003f3       0x37 hpl/core/hpl_core_m7_base.o
 .ARM.attributes
                0x0000042a       0x37 hpl/core/hpl_init.o
 .ARM.attributes
                0x00000461       0x37 hpl/dac/hpl_dac.o
 .ARM.attributes
                0x00000498       0x37 hpl/pio/hpl_pio_ext.o
 .ARM.attributes
                0x000004cf       0x37 hpl/pmc/hpl_pmc.o
 .ARM.attributes
                0x00000506       0x37 hpl/spi/hpl_spi.o
 .ARM.attributes
                0x0000053d       0x37 hpl/twihs/hpl_twihs.o
 .ARM.attributes
                0x00000574       0x37 hpl/uart/hpl_uart.o
 .ARM.attributes
                0x000005ab       0x37 hpl/usbhs/hpl_usbhs.o
 .ARM.attributes
                0x000005e2       0x37 hpl/xdmac/hpl_xdmac.o
 .ARM.attributes
                0x00000619       0x37 main.o
 .ARM.attributes
                0x00000650       0x37 usb/class/cdc/device/cdcdf_acm.o
 .ARM.attributes
                0x00000687       0x37 usb/device/usbdc.o
 .ARM.attributes
                0x000006be       0x37 usb/usb_protocol.o
 .ARM.attributes
                0x000006f5       0x37 usb_start.o
 .ARM.attributes
                0x0000072c       0x2e c:/program files (x86)/atmel/studio/7.0/toolchain/arm/arm-gnu-toolchain/bin/../lib/gcc/arm-none-eabi/6.3.1/../../../../arm-none-eabi/lib/thumb/v7e-m\libc_nano.a(lib_a-init.o)
 .ARM.attributes
                0x0000075a       0x2e c:/program files (x86)/atmel/studio/7.0/toolchain/arm/arm-gnu-toolchain/bin/../lib/gcc/arm-none-eabi/6.3.1/../../../../arm-none-eabi/lib/thumb/v7e-m\libc_nano.a(lib_a-memcpy-stub.o)
 .ARM.attributes
                0x00000788       0x2e c:/program files (x86)/atmel/studio/7.0/toolchain/arm/arm-gnu-toolchain/bin/../lib/gcc/arm-none-eabi/6.3.1/../../../../arm-none-eabi/lib/thumb/v7e-m\libc_nano.a(lib_a-memset.o)
 .ARM.attributes
                0x000007b6       0x1e c:/program files (x86)/atmel/studio/7.0/toolchain/arm/arm-gnu-toolchain/bin/../lib/gcc/arm-none-eabi/6.3.1/thumb/v7e-m/crtn.o

.comment        0x00000000       0x59
 .comment       0x00000000       0x59 AT86_Impl.o
                                 0x5a (size before relaxing)
 .comment       0x00000059       0x5a atmel_start.o
 .comment       0x00000059       0x5a Device_Startup/startup_sams70q21.o
 .comment       0x00000059       0x5a driver_init.o
 .comment       0x00000059       0x5a Glue.o
 .comment       0x00000059       0x5a hal/src/hal_atomic.o
 .comment       0x00000059       0x5a hal/src/hal_dac_sync.o
 .comment       0x00000059       0x5a hal/src/hal_delay.o
 .comment       0x00000059       0x5a hal/src/hal_ext_irq.o
 .comment       0x00000059       0x5a hal/src/hal_i2c_m_sync.o
 .comment       0x00000059       0x5a hal/src/hal_spi_m_dma.o
 .comment       0x00000059       0x5a hal/src/hal_usart_async.o
 .comment       0x00000059       0x5a hal/src/hal_usart_sync.o
 .comment       0x00000059       0x5a hal/src/hal_usb_device.o
 .comment       0x00000059       0x5a hal/utils/src/utils_assert.o
 .comment       0x00000059       0x5a hal/utils/src/utils_list.o
 .comment       0x00000059       0x5a hal/utils/src/utils_ringbuffer.o
 .comment       0x00000059       0x5a hpl/core/hpl_core_m7_base.o
 .comment       0x00000059       0x5a hpl/core/hpl_init.o
 .comment       0x00000059       0x5a hpl/dac/hpl_dac.o
 .comment       0x00000059       0x5a hpl/pio/hpl_pio_ext.o
 .comment       0x00000059       0x5a hpl/pmc/hpl_pmc.o
 .comment       0x00000059       0x5a hpl/spi/hpl_spi.o
 .comment       0x00000059       0x5a hpl/twihs/hpl_twihs.o
 .comment       0x00000059       0x5a hpl/uart/hpl_uart.o
 .comment       0x00000059       0x5a hpl/usbhs/hpl_usbhs.o
 .comment       0x00000059       0x5a hpl/xdmac/hpl_xdmac.o
 .comment       0x00000059       0x5a main.o
 .comment       0x00000059       0x5a usb/class/cdc/device/cdcdf_acm.o
 .comment       0x00000059       0x5a usb/device/usbdc.o
 .comment       0x00000059       0x5a usb/usb_protocol.o
 .comment       0x00000059       0x5a usb_start.o

.debug_info     0x00000000    0x22eb9
 .debug_info    0x00000000     0x19c5 AT86_Impl.o
 .debug_info    0x000019c5     0x100c atmel_start.o
 .debug_info    0x000029d1      0xac6 Device_Startup/startup_sams70q21.o
 .debug_info    0x00003497     0x25e0 driver_init.o
 .debug_info    0x00005a77     0x2328 Glue.o
 .debug_info    0x00007d9f      0x1f4 hal/src/hal_atomic.o
 .debug_info    0x00007f93      0x3a1 hal/src/hal_dac_sync.o
 .debug_info    0x00008334      0x1e0 hal/src/hal_delay.o
 .debug_info    0x00008514      0x337 hal/src/hal_ext_irq.o
 .debug_info    0x0000884b      0x77c hal/src/hal_i2c_m_sync.o
 .debug_info    0x00008fc7      0x8c3 hal/src/hal_spi_m_dma.o
 .debug_info    0x0000988a      0xef9 hal/src/hal_usart_async.o
 .debug_info    0x0000a783      0x9bb hal/src/hal_usart_sync.o
 .debug_info    0x0000b13e     0x1ab6 hal/src/hal_usb_device.o
 .debug_info    0x0000cbf4      0x111 hal/utils/src/utils_assert.o
 .debug_info    0x0000cd05      0x2d7 hal/utils/src/utils_list.o
 .debug_info    0x0000cfdc      0x286 hal/utils/src/utils_ringbuffer.o
 .debug_info    0x0000d262      0xd23 hpl/core/hpl_core_m7_base.o
 .debug_info    0x0000df85      0xbfa hpl/core/hpl_init.o
 .debug_info    0x0000eb7f     0x10a3 hpl/dac/hpl_dac.o
 .debug_info    0x0000fc22     0x1080 hpl/pio/hpl_pio_ext.o
 .debug_info    0x00010ca2      0x8e2 hpl/pmc/hpl_pmc.o
 .debug_info    0x00011584     0x2c2f hpl/spi/hpl_spi.o
 .debug_info    0x000141b3      0xae6 hpl/twihs/hpl_twihs.o
 .debug_info    0x00014c99     0x21a4 hpl/uart/hpl_uart.o
 .debug_info    0x00016e3d     0x3f3e hpl/usbhs/hpl_usbhs.o
 .debug_info    0x0001ad7b     0x12aa hpl/xdmac/hpl_xdmac.o
 .debug_info    0x0001c025     0x17b7 main.o
 .debug_info    0x0001d7dc     0x15e6 usb/class/cdc/device/cdcdf_acm.o
 .debug_info    0x0001edc2     0x1f4f usb/device/usbdc.o
 .debug_info    0x00020d11      0xdd2 usb/usb_protocol.o
 .debug_info    0x00021ae3     0x13d6 usb_start.o

.debug_abbrev   0x00000000     0x424c
 .debug_abbrev  0x00000000      0x2b3 AT86_Impl.o
 .debug_abbrev  0x000002b3      0x1b4 atmel_start.o
 .debug_abbrev  0x00000467      0x153 Device_Startup/startup_sams70q21.o
 .debug_abbrev  0x000005ba      0x286 driver_init.o
 .debug_abbrev  0x00000840      0x366 Glue.o
 .debug_abbrev  0x00000ba6      0x146 hal/src/hal_atomic.o
 .debug_abbrev  0x00000cec      0x12a hal/src/hal_dac_sync.o
 .debug_abbrev  0x00000e16       0xd1 hal/src/hal_delay.o
 .debug_abbrev  0x00000ee7      0x13e hal/src/hal_ext_irq.o
 .debug_abbrev  0x00001025      0x153 hal/src/hal_i2c_m_sync.o
 .debug_abbrev  0x00001178      0x181 hal/src/hal_spi_m_dma.o
 .debug_abbrev  0x000012f9      0x26c hal/src/hal_usart_async.o
 .debug_abbrev  0x00001565      0x205 hal/src/hal_usart_sync.o
 .debug_abbrev  0x0000176a      0x334 hal/src/hal_usb_device.o
 .debug_abbrev  0x00001a9e       0x8d hal/utils/src/utils_assert.o
 .debug_abbrev  0x00001b2b      0x108 hal/utils/src/utils_list.o
 .debug_abbrev  0x00001c33       0xef hal/utils/src/utils_ringbuffer.o
 .debug_abbrev  0x00001d22      0x25b hpl/core/hpl_core_m7_base.o
 .debug_abbrev  0x00001f7d      0x1e9 hpl/core/hpl_init.o
 .debug_abbrev  0x00002166      0x25f hpl/dac/hpl_dac.o
 .debug_abbrev  0x000023c5      0x26e hpl/pio/hpl_pio_ext.o
 .debug_abbrev  0x00002633      0x17d hpl/pmc/hpl_pmc.o
 .debug_abbrev  0x000027b0      0x2a9 hpl/spi/hpl_spi.o
 .debug_abbrev  0x00002a59      0x1c6 hpl/twihs/hpl_twihs.o
 .debug_abbrev  0x00002c1f      0x345 hpl/uart/hpl_uart.o
 .debug_abbrev  0x00002f64      0x366 hpl/usbhs/hpl_usbhs.o
 .debug_abbrev  0x000032ca      0x240 hpl/xdmac/hpl_xdmac.o
 .debug_abbrev  0x0000350a      0x2e5 main.o
 .debug_abbrev  0x000037ef      0x2d4 usb/class/cdc/device/cdcdf_acm.o
 .debug_abbrev  0x00003ac3      0x30a usb/device/usbdc.o
 .debug_abbrev  0x00003dcd      0x22a usb/usb_protocol.o
 .debug_abbrev  0x00003ff7      0x255 usb_start.o

.debug_loc      0x00000000    0x100a9
 .debug_loc     0x00000000      0x2e8 AT86_Impl.o
 .debug_loc     0x000002e8       0x2c atmel_start.o
 .debug_loc     0x00000314       0x64 Device_Startup/startup_sams70q21.o
 .debug_loc     0x00000378      0xf3c driver_init.o
 .debug_loc     0x000012b4      0x9c8 Glue.o
 .debug_loc     0x00001c7c       0xfc hal/src/hal_atomic.o
 .debug_loc     0x00001d78      0x1d4 hal/src/hal_dac_sync.o
 .debug_loc     0x00001f4c      0x134 hal/src/hal_delay.o
 .debug_loc     0x00002080      0x200 hal/src/hal_ext_irq.o
 .debug_loc     0x00002280      0x46c hal/src/hal_i2c_m_sync.o
 .debug_loc     0x000026ec      0x454 hal/src/hal_spi_m_dma.o
 .debug_loc     0x00002b40      0x7c4 hal/src/hal_usart_async.o
 .debug_loc     0x00003304      0x594 hal/src/hal_usart_sync.o
 .debug_loc     0x00003898      0x8c9 hal/src/hal_usb_device.o
 .debug_loc     0x00004161       0x5c hal/utils/src/utils_assert.o
 .debug_loc     0x000041bd      0x210 hal/utils/src/utils_list.o
 .debug_loc     0x000043cd      0x190 hal/utils/src/utils_ringbuffer.o
 .debug_loc     0x0000455d      0x678 hpl/core/hpl_core_m7_base.o
 .debug_loc     0x00004bd5      0x350 hpl/core/hpl_init.o
 .debug_loc     0x00004f25      0xbb0 hpl/dac/hpl_dac.o
 .debug_loc     0x00005ad5      0x760 hpl/pio/hpl_pio_ext.o
 .debug_loc     0x00006235      0x638 hpl/pmc/hpl_pmc.o
 .debug_loc     0x0000686d     0x24e8 hpl/spi/hpl_spi.o
 .debug_loc     0x00008d55      0x770 hpl/twihs/hpl_twihs.o
 .debug_loc     0x000094c5     0x1b8c hpl/uart/hpl_uart.o
 .debug_loc     0x0000b051     0x2a28 hpl/usbhs/hpl_usbhs.o
 .debug_loc     0x0000da79      0xc28 hpl/xdmac/hpl_xdmac.o
 .debug_loc     0x0000e6a1      0x280 main.o
 .debug_loc     0x0000e921      0x528 usb/class/cdc/device/cdcdf_acm.o
 .debug_loc     0x0000ee49      0xd08 usb/device/usbdc.o
 .debug_loc     0x0000fb51      0x3e4 usb/usb_protocol.o
 .debug_loc     0x0000ff35      0x174 usb_start.o

.debug_aranges  0x00000000     0x1c78
 .debug_aranges
                0x00000000       0x60 AT86_Impl.o
 .debug_aranges
                0x00000060       0x20 atmel_start.o
 .debug_aranges
                0x00000080       0x28 Device_Startup/startup_sams70q21.o
 .debug_aranges
                0x000000a8      0x1e0 driver_init.o
 .debug_aranges
                0x00000288      0x110 Glue.o
 .debug_aranges
                0x00000398       0x30 hal/src/hal_atomic.o
 .debug_aranges
                0x000003c8       0x48 hal/src/hal_dac_sync.o
 .debug_aranges
                0x00000410       0x38 hal/src/hal_delay.o
 .debug_aranges
                0x00000448       0x50 hal/src/hal_ext_irq.o
 .debug_aranges
                0x00000498       0x88 hal/src/hal_i2c_m_sync.o
 .debug_aranges
                0x00000520       0x88 hal/src/hal_spi_m_dma.o
 .debug_aranges
                0x000005a8       0xe0 hal/src/hal_usart_async.o
 .debug_aranges
                0x00000688       0xa8 hal/src/hal_usart_sync.o
 .debug_aranges
                0x00000730      0x118 hal/src/hal_usb_device.o
 .debug_aranges
                0x00000848       0x20 hal/utils/src/utils_assert.o
 .debug_aranges
                0x00000868       0x48 hal/utils/src/utils_list.o
 .debug_aranges
                0x000008b0       0x40 hal/utils/src/utils_ringbuffer.o
 .debug_aranges
                0x000008f0       0xc0 hpl/core/hpl_core_m7_base.o
 .debug_aranges
                0x000009b0       0x68 hpl/core/hpl_init.o
 .debug_aranges
                0x00000a18      0x130 hpl/dac/hpl_dac.o
 .debug_aranges
                0x00000b48       0xd0 hpl/pio/hpl_pio_ext.o
 .debug_aranges
                0x00000c18       0xb0 hpl/pmc/hpl_pmc.o
 .debug_aranges
                0x00000cc8      0x3a0 hpl/spi/hpl_spi.o
 .debug_aranges
                0x00001068       0xc8 hpl/twihs/hpl_twihs.o
 .debug_aranges
                0x00001130      0x2c0 hpl/uart/hpl_uart.o
 .debug_aranges
                0x000013f0      0x418 hpl/usbhs/hpl_usbhs.o
 .debug_aranges
                0x00001808      0x130 hpl/xdmac/hpl_xdmac.o
 .debug_aranges
                0x00001938       0x58 main.o
 .debug_aranges
                0x00001990       0xa8 usb/class/cdc/device/cdcdf_acm.o
 .debug_aranges
                0x00001a38      0x180 usb/device/usbdc.o
 .debug_aranges
                0x00001bb8       0x78 usb/usb_protocol.o
 .debug_aranges
                0x00001c30       0x48 usb_start.o

.debug_ranges   0x00000000     0x1a90
 .debug_ranges  0x00000000       0x50 AT86_Impl.o
 .debug_ranges  0x00000050       0x10 atmel_start.o
 .debug_ranges  0x00000060       0x18 Device_Startup/startup_sams70q21.o
 .debug_ranges  0x00000078      0x1d0 driver_init.o
 .debug_ranges  0x00000248      0x100 Glue.o
 .debug_ranges  0x00000348       0x20 hal/src/hal_atomic.o
 .debug_ranges  0x00000368       0x38 hal/src/hal_dac_sync.o
 .debug_ranges  0x000003a0       0x28 hal/src/hal_delay.o
 .debug_ranges  0x000003c8       0x40 hal/src/hal_ext_irq.o
 .debug_ranges  0x00000408       0x78 hal/src/hal_i2c_m_sync.o
 .debug_ranges  0x00000480       0x78 hal/src/hal_spi_m_dma.o
 .debug_ranges  0x000004f8       0xd0 hal/src/hal_usart_async.o
 .debug_ranges  0x000005c8       0x98 hal/src/hal_usart_sync.o
 .debug_ranges  0x00000660      0x120 hal/src/hal_usb_device.o
 .debug_ranges  0x00000780       0x10 hal/utils/src/utils_assert.o
 .debug_ranges  0x00000790       0x38 hal/utils/src/utils_list.o
 .debug_ranges  0x000007c8       0x30 hal/utils/src/utils_ringbuffer.o
 .debug_ranges  0x000007f8       0xb0 hpl/core/hpl_core_m7_base.o
 .debug_ranges  0x000008a8       0x58 hpl/core/hpl_init.o
 .debug_ranges  0x00000900      0x120 hpl/dac/hpl_dac.o
 .debug_ranges  0x00000a20       0xc0 hpl/pio/hpl_pio_ext.o
 .debug_ranges  0x00000ae0       0xa0 hpl/pmc/hpl_pmc.o
 .debug_ranges  0x00000b80      0x390 hpl/spi/hpl_spi.o
 .debug_ranges  0x00000f10       0xb8 hpl/twihs/hpl_twihs.o
 .debug_ranges  0x00000fc8      0x2b0 hpl/uart/hpl_uart.o
 .debug_ranges  0x00001278      0x408 hpl/usbhs/hpl_usbhs.o
 .debug_ranges  0x00001680      0x120 hpl/xdmac/hpl_xdmac.o
 .debug_ranges  0x000017a0       0x48 main.o
 .debug_ranges  0x000017e8       0x98 usb/class/cdc/device/cdcdf_acm.o
 .debug_ranges  0x00001880      0x170 usb/device/usbdc.o
 .debug_ranges  0x000019f0       0x68 usb/usb_protocol.o
 .debug_ranges  0x00001a58       0x38 usb_start.o

.debug_macro    0x00000000    0x39a6f
 .debug_macro   0x00000000      0x8d8 AT86_Impl.o
 .debug_macro   0x000008d8      0x8b0 AT86_Impl.o
 .debug_macro   0x00001188       0x22 AT86_Impl.o
 .debug_macro   0x000011aa       0x87 AT86_Impl.o
 .debug_macro   0x00001231       0x51 AT86_Impl.o
 .debug_macro   0x00001282       0xef AT86_Impl.o
 .debug_macro   0x00001371       0x6a AT86_Impl.o
 .debug_macro   0x000013db      0x1df AT86_Impl.o
 .debug_macro   0x000015ba      0x16d AT86_Impl.o
 .debug_macro   0x00001727       0x22 AT86_Impl.o
 .debug_macro   0x00001749       0x9f AT86_Impl.o
 .debug_macro   0x000017e8       0x28 AT86_Impl.o
 .debug_macro   0x00001810       0xaf AT86_Impl.o
 .debug_macro   0x000018bf     0x128e AT86_Impl.o
 .debug_macro   0x00002b4d      0x3dc AT86_Impl.o
 .debug_macro   0x00002f29      0x58c AT86_Impl.o
 .debug_macro   0x000034b5     0x1791 AT86_Impl.o
 .debug_macro   0x00004c46      0x3b7 AT86_Impl.o
 .debug_macro   0x00004ffd      0x82b AT86_Impl.o
 .debug_macro   0x00005828      0x310 AT86_Impl.o
 .debug_macro   0x00005b38       0x40 AT86_Impl.o
 .debug_macro   0x00005b78     0x105a AT86_Impl.o
 .debug_macro   0x00006bd2      0x54f AT86_Impl.o
 .debug_macro   0x00007121      0xb8f AT86_Impl.o
 .debug_macro   0x00007cb0      0x472 AT86_Impl.o
 .debug_macro   0x00008122     0x83fb AT86_Impl.o
 .debug_macro   0x0001051d     0x3010 AT86_Impl.o
 .debug_macro   0x0001352d     0x2440 AT86_Impl.o
 .debug_macro   0x0001596d      0x879 AT86_Impl.o
 .debug_macro   0x000161e6      0x17d AT86_Impl.o
 .debug_macro   0x00016363      0x118 AT86_Impl.o
 .debug_macro   0x0001647b      0x950 AT86_Impl.o
 .debug_macro   0x00016dcb      0x121 AT86_Impl.o
 .debug_macro   0x00016eec      0x4fc AT86_Impl.o
 .debug_macro   0x000173e8      0x3e0 AT86_Impl.o
 .debug_macro   0x000177c8      0x698 AT86_Impl.o
 .debug_macro   0x00017e60      0xb5f AT86_Impl.o
 .debug_macro   0x000189bf      0xefd AT86_Impl.o
 .debug_macro   0x000198bc      0xbad AT86_Impl.o
 .debug_macro   0x0001a469      0x120 AT86_Impl.o
 .debug_macro   0x0001a589      0xbbe AT86_Impl.o
 .debug_macro   0x0001b147      0x5bf AT86_Impl.o
 .debug_macro   0x0001b706     0x1204 AT86_Impl.o
 .debug_macro   0x0001c90a     0x34e1 AT86_Impl.o
 .debug_macro   0x0001fdeb       0xb2 AT86_Impl.o
 .debug_macro   0x0001fe9d      0x12d AT86_Impl.o
 .debug_macro   0x0001ffca     0x2781 AT86_Impl.o
 .debug_macro   0x0002274b       0x46 AT86_Impl.o
 .debug_macro   0x00022791      0x145 AT86_Impl.o
 .debug_macro   0x000228d6       0xc4 AT86_Impl.o
 .debug_macro   0x0002299a       0xc4 AT86_Impl.o
 .debug_macro   0x00022a5e       0x16 AT86_Impl.o
 .debug_macro   0x00022a74       0x76 AT86_Impl.o
 .debug_macro   0x00022aea       0x40 AT86_Impl.o
 .debug_macro   0x00022b2a       0x40 AT86_Impl.o
 .debug_macro   0x00022b6a      0x7c7 AT86_Impl.o
 .debug_macro   0x00023331       0x82 AT86_Impl.o
 .debug_macro   0x000233b3       0xa6 AT86_Impl.o
 .debug_macro   0x00023459      0x10c AT86_Impl.o
 .debug_macro   0x00023565      0x17e AT86_Impl.o
 .debug_macro   0x000236e3      0x177 AT86_Impl.o
 .debug_macro   0x0002385a      0x177 AT86_Impl.o
 .debug_macro   0x000239d1      0x177 AT86_Impl.o
 .debug_macro   0x00023b48      0x177 AT86_Impl.o
 .debug_macro   0x00023cbf      0x11f AT86_Impl.o
 .debug_macro   0x00023dde      0x313 AT86_Impl.o
 .debug_macro   0x000240f1      0x313 AT86_Impl.o
 .debug_macro   0x00024404       0x7c AT86_Impl.o
 .debug_macro   0x00024480       0x22 AT86_Impl.o
 .debug_macro   0x000244a2       0x22 AT86_Impl.o
 .debug_macro   0x000244c4       0x5e AT86_Impl.o
 .debug_macro   0x00024522       0x28 AT86_Impl.o
 .debug_macro   0x0002454a       0x5e AT86_Impl.o
 .debug_macro   0x000245a8       0x8e AT86_Impl.o
 .debug_macro   0x00024636       0x76 AT86_Impl.o
 .debug_macro   0x000246ac       0x76 AT86_Impl.o
 .debug_macro   0x00024722       0x88 AT86_Impl.o
 .debug_macro   0x000247aa       0x34 AT86_Impl.o
 .debug_macro   0x000247de      0x144 AT86_Impl.o
 .debug_macro   0x00024922      0x144 AT86_Impl.o
 .debug_macro   0x00024a66      0x144 AT86_Impl.o
 .debug_macro   0x00024baa      0x144 AT86_Impl.o
 .debug_macro   0x00024cee       0x34 AT86_Impl.o
 .debug_macro   0x00024d22       0x7c AT86_Impl.o
 .debug_macro   0x00024d9e       0x7c AT86_Impl.o
 .debug_macro   0x00024e1a       0x7c AT86_Impl.o
 .debug_macro   0x00024e96       0x5e AT86_Impl.o
 .debug_macro   0x00024ef4       0x5e AT86_Impl.o
 .debug_macro   0x00024f52       0x5e AT86_Impl.o
 .debug_macro   0x00024fb0       0x5e AT86_Impl.o
 .debug_macro   0x0002500e       0x5e AT86_Impl.o
 .debug_macro   0x0002506c       0xd6 AT86_Impl.o
 .debug_macro   0x00025142       0xd6 AT86_Impl.o
 .debug_macro   0x00025218       0xd6 AT86_Impl.o
 .debug_macro   0x000252ee      0x718 AT86_Impl.o
 .debug_macro   0x00025a06       0x16 AT86_Impl.o
 .debug_macro   0x00025a1c       0x22 AT86_Impl.o
 .debug_macro   0x00025a3e      0x9b8 AT86_Impl.o
 .debug_macro   0x000263f6      0x513 AT86_Impl.o
 .debug_macro   0x00026909     0x2d7f AT86_Impl.o
 .debug_macro   0x00029688      0x169 AT86_Impl.o
 .debug_macro   0x000297f1       0x10 AT86_Impl.o
 .debug_macro   0x00029801       0x10 AT86_Impl.o
 .debug_macro   0x00029811       0x16 AT86_Impl.o
 .debug_macro   0x00029827       0x16 AT86_Impl.o
 .debug_macro   0x0002983d       0x16 AT86_Impl.o
 .debug_macro   0x00029853       0x16 AT86_Impl.o
 .debug_macro   0x00029869       0x16 AT86_Impl.o
 .debug_macro   0x0002987f       0x16 AT86_Impl.o
 .debug_macro   0x00029895       0x16 AT86_Impl.o
 .debug_macro   0x000298ab       0x16 AT86_Impl.o
 .debug_macro   0x000298c1       0x16 AT86_Impl.o
 .debug_macro   0x000298d7       0x16 AT86_Impl.o
 .debug_macro   0x000298ed       0x16 AT86_Impl.o
 .debug_macro   0x00029903       0x16 AT86_Impl.o
 .debug_macro   0x00029919       0x16 AT86_Impl.o
 .debug_macro   0x0002992f       0x16 AT86_Impl.o
 .debug_macro   0x00029945       0x16 AT86_Impl.o
 .debug_macro   0x0002995b       0x16 AT86_Impl.o
 .debug_macro   0x00029971       0x16 AT86_Impl.o
 .debug_macro   0x00029987       0x16 AT86_Impl.o
 .debug_macro   0x0002999d       0x16 AT86_Impl.o
 .debug_macro   0x000299b3       0x16 AT86_Impl.o
 .debug_macro   0x000299c9       0x16 AT86_Impl.o
 .debug_macro   0x000299df       0x16 AT86_Impl.o
 .debug_macro   0x000299f5       0x16 AT86_Impl.o
 .debug_macro   0x00029a0b       0x16 AT86_Impl.o
 .debug_macro   0x00029a21       0x16 AT86_Impl.o
 .debug_macro   0x00029a37       0x16 AT86_Impl.o
 .debug_macro   0x00029a4d       0x16 AT86_Impl.o
 .debug_macro   0x00029a63       0x16 AT86_Impl.o
 .debug_macro   0x00029a79       0x16 AT86_Impl.o
 .debug_macro   0x00029a8f       0x16 AT86_Impl.o
 .debug_macro   0x00029aa5       0x16 AT86_Impl.o
 .debug_macro   0x00029abb       0x16 AT86_Impl.o
 .debug_macro   0x00029ad1       0xca AT86_Impl.o
 .debug_macro   0x00029b9b       0x1c AT86_Impl.o
 .debug_macro   0x00029bb7       0x16 AT86_Impl.o
 .debug_macro   0x00029bcd       0x9a AT86_Impl.o
 .debug_macro   0x00029c67       0xc9 AT86_Impl.o
 .debug_macro   0x00029d30       0x10 AT86_Impl.o
 .debug_macro   0x00029d40       0x70 AT86_Impl.o
 .debug_macro   0x00029db0       0xd1 AT86_Impl.o
 .debug_macro   0x00029e81       0x64 AT86_Impl.o
 .debug_macro   0x00029ee5       0x58 AT86_Impl.o
 .debug_macro   0x00029f3d       0x35 AT86_Impl.o
 .debug_macro   0x00029f72       0x9c AT86_Impl.o
 .debug_macro   0x0002a00e       0x58 AT86_Impl.o
 .debug_macro   0x0002a066       0x1f AT86_Impl.o
 .debug_macro   0x0002a085       0x43 AT86_Impl.o
 .debug_macro   0x0002a0c8       0x20 AT86_Impl.o
 .debug_macro   0x0002a0e8      0x187 AT86_Impl.o
 .debug_macro   0x0002a26f      0x353 AT86_Impl.o
 .debug_macro   0x0002a5c2       0x10 AT86_Impl.o
 .debug_macro   0x0002a5d2       0x35 AT86_Impl.o
 .debug_macro   0x0002a607       0x76 AT86_Impl.o
 .debug_macro   0x0002a67d      0x11b AT86_Impl.o
 .debug_macro   0x0002a798      0x12b AT86_Impl.o
 .debug_macro   0x0002a8c3      0x256 AT86_Impl.o
 .debug_macro   0x0002ab19       0x4c AT86_Impl.o
 .debug_macro   0x0002ab65      0x154 AT86_Impl.o
 .debug_macro   0x0002acb9      0x8ad atmel_start.o
 .debug_macro   0x0002b566      0x3fc Device_Startup/startup_sams70q21.o
 .debug_macro   0x0002b962       0x99 Device_Startup/startup_sams70q21.o
 .debug_macro   0x0002b9fb      0x78c driver_init.o
 .debug_macro   0x0002c187       0x10 driver_init.o
 .debug_macro   0x0002c197       0xb1 driver_init.o
 .debug_macro   0x0002c248      0x8d2 Glue.o
 .debug_macro   0x0002cb1a      0x15a Glue.o
 .debug_macro   0x0002cc74      0x5ab hal/src/hal_atomic.o
 .debug_macro   0x0002d21f      0x5dc hal/src/hal_dac_sync.o
 .debug_macro   0x0002d7fb      0x5e2 hal/src/hal_delay.o
 .debug_macro   0x0002dddd      0x5c7 hal/src/hal_ext_irq.o
 .debug_macro   0x0002e3a4      0x5eb hal/src/hal_i2c_m_sync.o
 .debug_macro   0x0002e98f       0x6a hal/src/hal_i2c_m_sync.o
 .debug_macro   0x0002e9f9      0x617 hal/src/hal_spi_m_dma.o
 .debug_macro   0x0002f010      0x60f hal/src/hal_usart_async.o
 .debug_macro   0x0002f61f      0x5eb hal/src/hal_usart_sync.o
 .debug_macro   0x0002fc0a      0x6a6 hal/src/hal_usb_device.o
 .debug_macro   0x000302b0       0xcb hal/src/hal_usb_device.o
 .debug_macro   0x0003037b      0x5b5 hal/utils/src/utils_assert.o
 .debug_macro   0x00030930       0x10 hal/utils/src/utils_assert.o
 .debug_macro   0x00030940      0x5ba hal/utils/src/utils_list.o
 .debug_macro   0x00030efa      0x5ba hal/utils/src/utils_ringbuffer.o
 .debug_macro   0x000314b4      0x60b hpl/core/hpl_core_m7_base.o
 .debug_macro   0x00031abf      0x623 hpl/core/hpl_init.o
 .debug_macro   0x000320e2      0x324 hpl/core/hpl_init.o
 .debug_macro   0x00032406      0x9df hpl/core/hpl_init.o
 .debug_macro   0x00032de5      0x5fe hpl/dac/hpl_dac.o
 .debug_macro   0x000333e3       0x40 hpl/dac/hpl_dac.o
 .debug_macro   0x00033423      0x605 hpl/pio/hpl_pio_ext.o
 .debug_macro   0x00033a28      0x3df hpl/pio/hpl_pio_ext.o