Archive member included to satisfy reference by file (symbol)

c:/program files (x86)/atmel/studio/7.0/toolchain/arm/arm-gnu-toolchain/bin/../lib/gcc/arm-none-eabi/6.2.1/../../../../arm-none-eabi/lib/thumb/v7e-m\libc_nano.a(lib_a-exit.o)
                              c:/program files (x86)/atmel/studio/7.0/toolchain/arm/arm-gnu-toolchain/bin/../lib/gcc/arm-none-eabi/6.2.1/../../../../arm-none-eabi/lib/thumb/v7e-m/crt0.o (exit)
c:/program files (x86)/atmel/studio/7.0/toolchain/arm/arm-gnu-toolchain/bin/../lib/gcc/arm-none-eabi/6.2.1/../../../../arm-none-eabi/lib/thumb/v7e-m\libc_nano.a(lib_a-impure.o)
                              c:/program files (x86)/atmel/studio/7.0/toolchain/arm/arm-gnu-toolchain/bin/../lib/gcc/arm-none-eabi/6.2.1/../../../../arm-none-eabi/lib/thumb/v7e-m\libc_nano.a(lib_a-exit.o) (_global_impure_ptr)
c:/program files (x86)/atmel/studio/7.0/toolchain/arm/arm-gnu-toolchain/bin/../lib/gcc/arm-none-eabi/6.2.1/../../../../arm-none-eabi/lib/thumb/v7e-m\libc_nano.a(lib_a-init.o)
                              c:/program files (x86)/atmel/studio/7.0/toolchain/arm/arm-gnu-toolchain/bin/../lib/gcc/arm-none-eabi/6.2.1/../../../../arm-none-eabi/lib/thumb/v7e-m/crt0.o (__libc_init_array)
c:/program files (x86)/atmel/studio/7.0/toolchain/arm/arm-gnu-toolchain/bin/../lib/gcc/arm-none-eabi/6.2.1/../../../../arm-none-eabi/lib/thumb/v7e-m\libc_nano.a(lib_a-memcpy-stub.o)
                              hpl/usbhs/hpl_usbhs.o (memcpy)
c:/program files (x86)/atmel/studio/7.0/toolchain/arm/arm-gnu-toolchain/bin/../lib/gcc/arm-none-eabi/6.2.1/../../../../arm-none-eabi/lib/thumb/v7e-m\libc_nano.a(lib_a-memset.o)
                              c:/program files (x86)/atmel/studio/7.0/toolchain/arm/arm-gnu-toolchain/bin/../lib/gcc/arm-none-eabi/6.2.1/../../../../arm-none-eabi/lib/thumb/v7e-m/crt0.o (memset)
c:/program files (x86)/atmel/studio/7.0/toolchain/arm/arm-gnu-toolchain/bin/../lib/gcc/arm-none-eabi/6.2.1/../../../../arm-none-eabi/lib/thumb/v7e-m\libc_nano.a(lib_a-printf.o)
                              hal/utils/src/utils_syscalls.o (printf)
c:/program files (x86)/atmel/studio/7.0/toolchain/arm/arm-gnu-toolchain/bin/../lib/gcc/arm-none-eabi/6.2.1/../../../../arm-none-eabi/lib/thumb/v7e-m\libc_nano.a(lib_a-findfp.o)
                              c:/program files (x86)/atmel/studio/7.0/toolchain/arm/arm-gnu-toolchain/bin/../lib/gcc/arm-none-eabi/6.2.1/../../../../arm-none-eabi/lib/thumb/v7e-m\libc_nano.a(lib_a-printf.o) (__sinit)
c:/program files (x86)/atmel/studio/7.0/toolchain/arm/arm-gnu-toolchain/bin/../lib/gcc/arm-none-eabi/6.2.1/../../../../arm-none-eabi/lib/thumb/v7e-m\libc_nano.a(lib_a-fwalk.o)
                              c:/program files (x86)/atmel/studio/7.0/toolchain/arm/arm-gnu-toolchain/bin/../lib/gcc/arm-none-eabi/6.2.1/../../../../arm-none-eabi/lib/thumb/v7e-m\libc_nano.a(lib_a-findfp.o) (_fwalk)
c:/program files (x86)/atmel/studio/7.0/toolchain/arm/arm-gnu-toolchain/bin/../lib/gcc/arm-none-eabi/6.2.1/../../../../arm-none-eabi/lib/thumb/v7e-m\libc_nano.a(lib_a-nano-mallocr.o)
                              c:/program files (x86)/atmel/studio/7.0/toolchain/arm/arm-gnu-toolchain/bin/../lib/gcc/arm-none-eabi/6.2.1/../../../../arm-none-eabi/lib/thumb/v7e-m\libc_nano.a(lib_a-findfp.o) (_malloc_r)
c:/program files (x86)/atmel/studio/7.0/toolchain/arm/arm-gnu-toolchain/bin/../lib/gcc/arm-none-eabi/6.2.1/../../../../arm-none-eabi/lib/thumb/v7e-m\libc_nano.a(lib_a-nano-vfprintf.o)
                              c:/program files (x86)/atmel/studio/7.0/toolchain/arm/arm-gnu-toolchain/bin/../lib/gcc/arm-none-eabi/6.2.1/../../../../arm-none-eabi/lib/thumb/v7e-m\libc_nano.a(lib_a-printf.o) (_vfprintf_r)
c:/program files (x86)/atmel/studio/7.0/toolchain/arm/arm-gnu-toolchain/bin/../lib/gcc/arm-none-eabi/6.2.1/../../../../arm-none-eabi/lib/thumb/v7e-m\libc_nano.a(lib_a-nano-vfprintf_i.o)
                              c:/program files (x86)/atmel/studio/7.0/toolchain/arm/arm-gnu-toolchain/bin/../lib/gcc/arm-none-eabi/6.2.1/../../../../arm-none-eabi/lib/thumb/v7e-m\libc_nano.a(lib_a-nano-vfprintf.o) (_printf_i)
c:/program files (x86)/atmel/studio/7.0/toolchain/arm/arm-gnu-toolchain/bin/../lib/gcc/arm-none-eabi/6.2.1/../../../../arm-none-eabi/lib/thumb/v7e-m\libc_nano.a(lib_a-sbrkr.o)
                              c:/program files (x86)/atmel/studio/7.0/toolchain/arm/arm-gnu-toolchain/bin/../lib/gcc/arm-none-eabi/6.2.1/../../../../arm-none-eabi/lib/thumb/v7e-m\libc_nano.a(lib_a-nano-mallocr.o) (_sbrk_r)
c:/program files (x86)/atmel/studio/7.0/toolchain/arm/arm-gnu-toolchain/bin/../lib/gcc/arm-none-eabi/6.2.1/../../../../arm-none-eabi/lib/thumb/v7e-m\libc_nano.a(lib_a-stdio.o)
                              c:/program files (x86)/atmel/studio/7.0/toolchain/arm/arm-gnu-toolchain/bin/../lib/gcc/arm-none-eabi/6.2.1/../../../../arm-none-eabi/lib/thumb/v7e-m\libc_nano.a(lib_a-findfp.o) (__sread)
[...]
Memory Configuration

Name             Origin             Length             Attributes
rom              0x00400000         0x00200000         xr
ram              0x20400000         0x00060000         xrw
*default*        0x00000000         0xffffffff

Linker script and memory map

LOAD c:/program files (x86)/atmel/studio/7.0/toolchain/arm/arm-gnu-toolchain/bin/../lib/gcc/arm-none-eabi/6.2.1/thumb/v7e-m/crti.o
LOAD c:/program files (x86)/atmel/studio/7.0/toolchain/arm/arm-gnu-toolchain/bin/../lib/gcc/arm-none-eabi/6.2.1/thumb/v7e-m/crtbegin.o
LOAD c:/program files (x86)/atmel/studio/7.0/toolchain/arm/arm-gnu-toolchain/bin/../lib/gcc/arm-none-eabi/6.2.1/../../../../arm-none-eabi/lib/thumb/v7e-m/crt0.o
LOAD AT86_Impl.o
LOAD atmel_start.o
LOAD Device_Startup/startup_sams70q21.o
LOAD Device_Startup/system_sams70q21.o
LOAD driver_init.o
LOAD examples/driver_examples.o
LOAD Glue.o
LOAD hal/src/hal_atomic.o
LOAD hal/src/hal_dac_sync.o
LOAD hal/src/hal_delay.o
LOAD hal/src/hal_ext_irq.o
LOAD hal/src/hal_gpio.o
LOAD hal/src/hal_i2c_m_sync.o
LOAD hal/src/hal_init.o
LOAD hal/src/hal_io.o
LOAD hal/src/hal_sleep.o
LOAD hal/src/hal_spi_m_dma.o
LOAD hal/src/hal_usart_async.o
LOAD hal/src/hal_usart_sync.o
LOAD hal/src/hal_usb_device.o
LOAD hal/utils/src/utils_assert.o
LOAD hal/utils/src/utils_event.o
LOAD hal/utils/src/utils_list.o
LOAD hal/utils/src/utils_ringbuffer.o
LOAD hal/utils/src/utils_syscalls.o
LOAD hpl/core/hpl_core_m7_base.o
LOAD hpl/core/hpl_init.o
LOAD hpl/dac/hpl_dac.o
LOAD hpl/pio/hpl_pio_ext.o
LOAD hpl/pmc/hpl_pmc.o
LOAD hpl/pmc/hpl_sleep.o
LOAD hpl/spi/hpl_spi.o
LOAD hpl/twihs/hpl_twihs.o
LOAD hpl/uart/hpl_uart.o
LOAD hpl/usbhs/hpl_usbhs.o
LOAD hpl/xdmac/hpl_xdmac.o
LOAD main.o
START GROUP
LOAD c:/program files (x86)/atmel/studio/7.0/toolchain/arm/arm-gnu-toolchain/bin/../lib/gcc/arm-none-eabi/6.2.1/../../../../arm-none-eabi/lib/thumb/v7e-m\libm.a
END GROUP
START GROUP
LOAD c:/program files (x86)/atmel/studio/7.0/toolchain/arm/arm-gnu-toolchain/bin/../lib/gcc/arm-none-eabi/6.2.1/thumb/v7e-m\libgcc.a
LOAD c:/program files (x86)/atmel/studio/7.0/toolchain/arm/arm-gnu-toolchain/bin/../lib/gcc/arm-none-eabi/6.2.1/../../../../arm-none-eabi/lib/thumb/v7e-m\libc_nano.a
END GROUP
START GROUP
LOAD c:/program files (x86)/atmel/studio/7.0/toolchain/arm/arm-gnu-toolchain/bin/../lib/gcc/arm-none-eabi/6.2.1/thumb/v7e-m\libgcc.a
LOAD c:/program files (x86)/atmel/studio/7.0/toolchain/arm/arm-gnu-toolchain/bin/../lib/gcc/arm-none-eabi/6.2.1/../../../../arm-none-eabi/lib/thumb/v7e-m\libc_nano.a
END GROUP
LOAD c:/program files (x86)/atmel/studio/7.0/toolchain/arm/arm-gnu-toolchain/bin/../lib/gcc/arm-none-eabi/6.2.1/thumb/v7e-m/crtend.o
LOAD c:/program files (x86)/atmel/studio/7.0/toolchain/arm/arm-gnu-toolchain/bin/../lib/gcc/arm-none-eabi/6.2.1/thumb/v7e-m/crtn.o
                0x00000400                STACK_SIZE = DEFINED (STACK_SIZE)?STACK_SIZE:DEFINED (__stack_size__)?__stack_size__:0x400
                0x00000200                HEAP_SIZE = DEFINED (HEAP_SIZE)?HEAP_SIZE:DEFINED (__heap_size__)?__heap_size__:0x200

.text           0x00400000     0x5260
                0x00400000                . = ALIGN (0x4)
                0x00400000                _sfixed = .
 *(.vectors .vectors.*)
 .vectors       0x00400000      0x140 Device_Startup/startup_sams70q21.o
                0x00400000                exception_table
 *(.text .text.* .gnu.linkonce.t.*)
 .text          0x00400140       0x6c c:/program files (x86)/atmel/studio/7.0/toolchain/arm/arm-gnu-toolchain/bin/../lib/gcc/arm-none-eabi/6.2.1/thumb/v7e-m/crtbegin.o
 .text.atmel_start_init
                0x004001ac       0x10 atmel_start.o
                0x004001ac                atmel_start_init
 .text.Reset_Handler
                0x004001bc       0x84 Device_Startup/startup_sams70q21.o
                0x004001bc                Reset_Handler
 .text.Dummy_Handler
                0x00400240        0x6 Device_Startup/startup_sams70q21.o
                0x00400240                DACC_Handler
                0x00400240                DebugMon_Handler
                0x00400240                UART3_Handler
                0x00400240                UART2_Handler
                0x00400240                TRNG_Handler
                0x00400240                HardFault_Handler
                0x00400240                TC2_Handler
                0x00400240                SysTick_Handler
                0x00400240                AFEC1_Handler
                0x00400240                PendSV_Handler
                0x00400240                NMI_Handler
                0x00400240                TC7_Handler
                0x00400240                QSPI_Handler
                0x00400240                ISI_Handler
                0x00400240                TC9_Handler
                0x00400240                RSWDT_Handler
                0x00400240                USART0_Handler
                0x00400240                RTT_Handler
                0x00400240                RTC_Handler
                0x00400240                UsageFault_Handler
                0x00400240                TC6_Handler
                0x00400240                WDT_Handler
                0x00400240                TC4_Handler
                0x00400240                TC1_Handler
                0x00400240                HSMCI_Handler
                0x00400240                UART1_Handler
                0x00400240                TC3_Handler
                0x00400240                Dummy_Handler
                0x00400240                TWIHS1_Handler
                0x00400240                PWM1_Handler
                0x00400240                USART1_Handler
                0x00400240                PWM0_Handler
                0x00400240                PIOA_Handler
                0x00400240                AFEC0_Handler
                0x00400240                TC11_Handler
                0x00400240                SSC_Handler
                0x00400240                ACC_Handler
                0x00400240                PMC_Handler
                0x00400240                MemManage_Handler
                0x00400240                SUPC_Handler
                0x00400240                SVC_Handler
                0x00400240                TC8_Handler
                0x00400240                EFC_Handler
                0x00400240                USART2_Handler
                0x00400240                SDRAMC_Handler
                0x00400240                PIOE_Handler
                0x00400240                SPI1_Handler
                0x00400240                TC10_Handler
                0x00400240                PIOD_Handler
                0x00400240                TWIHS2_Handler
                0x00400240                UART0_Handler
                0x00400240                PIOC_Handler
                0x00400240                BusFault_Handler
                0x00400240                RSTC_Handler
                0x00400240                TC0_Handler
                0x00400240                TC5_Handler
                0x00400240                AES_Handler
                0x00400240                ICM_Handler
                0x00400240                TWIHS0_Handler
                0x00400240                SPI0_Handler
 .text.hri_matrix_set_CCFG_SYSIO_reg
                0x00400246       0x26 driver_init.o
 .text.hri_pio_set_PSR_reg
                0x0040026c       0x1c driver_init.o
 .text.hri_pio_clear_PSR_reg
                0x00400288       0x1c driver_init.o
 .text.hri_pio_set_OSR_reg
                0x004002a4       0x1c driver_init.o
 .text.hri_pio_clear_OSR_reg
                0x004002c0       0x1c driver_init.o
 .text.hri_pio_set_ODSR_reg
                0x004002dc       0x1c driver_init.o
 .text.hri_pio_clear_ODSR_reg
                0x004002f8       0x1c driver_init.o
 .text.hri_pio_set_PUSR_reg
                0x00400314       0x1c driver_init.o
 .text.hri_pio_clear_PUSR_reg
                0x00400330       0x1c driver_init.o
 .text.hri_pio_set_PPDSR_reg
                0x0040034c       0x1e driver_init.o
 .text.hri_pio_clear_PPDSR_reg
                0x0040036a       0x1e driver_init.o
 .text.hri_pio_set_ABCDSR_reg
                0x00400388       0x32 driver_init.o
 .text.hri_pio_clear_ABCDSR_reg
                0x004003ba       0x34 driver_init.o
 .text.hri_pmc_set_PCSR0_reg
                0x004003ee       0x1c driver_init.o
 .text.hri_pmc_get_PCSR0_reg
                0x0040040a       0x26 driver_init.o
 .text.hri_pmc_set_PCSR1_reg
                0x00400430       0x1e driver_init.o
 .text.hri_pmc_get_PCSR1_reg
                0x0040044e       0x28 driver_init.o
 .text.hri_wdt_set_MR_WDDIS_bit
                0x00400476       0x20 driver_init.o
 *fill*         0x00400496        0x2 
 .text.port_to_reg
                0x00400498       0x24 driver_init.o
 .text._gpio_set_direction
                0x004004bc       0x54 driver_init.o
 .text._gpio_set_level
                0x00400510       0x48 driver_init.o
 .text._gpio_set_pin_pull_mode
                0x00400558       0xb0 driver_init.o
 .text._gpio_set_pin_function
                0x00400608      0x108 driver_init.o
 .text.gpio_set_pin_pull_mode
                0x00400710       0x34 driver_init.o
 .text.gpio_set_pin_function
                0x00400744       0x20 driver_init.o
 .text.gpio_set_pin_direction
                0x00400764       0x38 driver_init.o
 .text.gpio_set_pin_level
                0x0040079c       0x38 driver_init.o
 .text.init_mcu
                0x004007d4       0x10 driver_init.o
 .text._pmc_enable_periph_clock
                0x004007e4       0x80 driver_init.o
 .text.DAC_0_PORT_init
                0x00400864       0x20 driver_init.o
                0x00400864                DAC_0_PORT_init
 .text.DAC_0_CLOCK_init
                0x00400884       0x14 driver_init.o
                0x00400884                DAC_0_CLOCK_init
 .text.DAC_0_init
                0x00400898       0x2c driver_init.o
                0x00400898                DAC_0_init
 .text.EXTERNAL_IRQ_0_init
                0x004008c4       0x30 driver_init.o
                0x004008c4                EXTERNAL_IRQ_0_init
 .text.SPI_0_PORT_init
                0x004008f4       0x30 driver_init.o
                0x004008f4                SPI_0_PORT_init
 .text.SPI_0_CLOCK_init
                0x00400924       0x14 driver_init.o
                0x00400924                SPI_0_CLOCK_init
 .text.SPI_0_init
                0x00400938       0x2c driver_init.o
                0x00400938                SPI_0_init
 .text.I2C_0_PORT_init
                0x00400964       0x20 driver_init.o
                0x00400964                I2C_0_PORT_init
 .text.I2C_0_CLOCK_init
                0x00400984       0x14 driver_init.o
                0x00400984                I2C_0_CLOCK_init
 .text.I2C_0_init
                0x00400998       0x2c driver_init.o
                0x00400998                I2C_0_init
 .text.I2C_INSTANCE_PORT_init
                0x004009c4        0xe driver_init.o
                0x004009c4                I2C_INSTANCE_PORT_init
 *fill*         0x004009d2        0x2 
 .text.I2C_INSTANCE_CLOCK_init
                0x004009d4       0x14 driver_init.o
                0x004009d4                I2C_INSTANCE_CLOCK_init
 .text.I2C_INSTANCE_init
                0x004009e8       0x2c driver_init.o
                0x004009e8                I2C_INSTANCE_init
 .text.USART_0_PORT_init
                0x00400a14       0x20 driver_init.o
                0x00400a14                USART_0_PORT_init
 .text.USART_0_CLOCK_init
                0x00400a34       0x14 driver_init.o
                0x00400a34                USART_0_CLOCK_init
 .text.USART_0_init
                0x00400a48       0x38 driver_init.o
                0x00400a48                USART_0_init
 .text.USART_1_CLOCK_init
                0x00400a80       0x14 driver_init.o
                0x00400a80                USART_1_CLOCK_init
 .text.USART_1_PORT_init
                0x00400a94       0x24 driver_init.o
                0x00400a94                USART_1_PORT_init
 .text.USART_1_init
                0x00400ab8       0x48 driver_init.o
                0x00400ab8                USART_1_init
 .text.USB_0_CLOCK_init
                0x00400b00       0x14 driver_init.o
                0x00400b00                USB_0_CLOCK_init
 .text.USB_0_init
                0x00400b14       0x18 driver_init.o
                0x00400b14                USB_0_init
 .text.system_init
                0x00400b2c       0xc0 driver_init.o
                0x00400b2c                system_init
 .text.atomic_enter_critical
                0x00400bec       0x26 hal/src/hal_atomic.o
                0x00400bec                atomic_enter_critical
 .text.atomic_leave_critical
                0x00400c12       0x24 hal/src/hal_atomic.o
                0x00400c12                atomic_leave_critical
 *fill*         0x00400c36        0x2 
 .text.dac_sync_init
                0x00400c38       0x58 hal/src/hal_dac_sync.o
                0x00400c38                dac_sync_init
 .text.ext_irq_init
                0x00400c90       0x4c hal/src/hal_ext_irq.o
                0x00400c90                ext_irq_init
 .text.process_ext_irq
                0x00400cdc       0x84 hal/src/hal_ext_irq.o
 .text.i2c_m_sync_read
                0x00400d60       0x50 hal/src/hal_i2c_m_sync.o
 .text.i2c_m_sync_write
                0x00400db0       0x50 hal/src/hal_i2c_m_sync.o
 .text.i2c_m_sync_init
                0x00400e00       0x44 hal/src/hal_i2c_m_sync.o
                0x00400e00                i2c_m_sync_init
 .text.spi_m_dma_init
                0x00400e44       0x4c hal/src/hal_spi_m_dma.o
                0x00400e44                spi_m_dma_init
 .text._spi_m_dma_io_read
                0x00400e90       0x30 hal/src/hal_spi_m_dma.o
 .text._spi_m_dma_io_write
                0x00400ec0       0x30 hal/src/hal_spi_m_dma.o
 .text.usart_async_init
                0x00400ef0       0x90 hal/src/hal_usart_async.o
                0x00400ef0                usart_async_init
 .text.usart_async_write
                0x00400f80       0x5c hal/src/hal_usart_async.o
 .text.usart_async_read
                0x00400fdc       0x7c hal/src/hal_usart_async.o
 .text.usart_process_byte_sent
                0x00401058       0x6c hal/src/hal_usart_async.o
 .text.usart_transmission_complete
                0x004010c4       0x2c hal/src/hal_usart_async.o
 .text.usart_fill_rx_buffer
                0x004010f0       0x3c hal/src/hal_usart_async.o
 .text.usart_error
                0x0040112c       0x2c hal/src/hal_usart_async.o
 .text.usart_sync_init
                0x00401158       0x48 hal/src/hal_usart_sync.o
                0x00401158                usart_sync_init
 .text.usart_sync_write
                0x004011a0       0x7c hal/src/hal_usart_sync.o
 .text.usart_sync_read
                0x0040121c       0x64 hal/src/hal_usart_sync.o
 .text._usb_d_find_ep
                0x00401280       0x80 hal/src/hal_usb_device.o
 .text._usb_d_trans
                0x00401300       0x54 hal/src/hal_usb_device.o
 .text.usb_d_dummy_cb_false
                0x00401354       0x1a hal/src/hal_usb_device.o
 *fill*         0x0040136e        0x2 
 .text.usb_d_cb_trans_setup
                0x00401370       0xc8 hal/src/hal_usb_device.o
 .text.usb_d_cb_trans_more
                0x00401438       0x50 hal/src/hal_usb_device.o
 .text.usb_d_ctrl_trans_done
                0x00401488       0xc4 hal/src/hal_usb_device.o
 .text._usb_d_cb_trans_done
                0x0040154c       0xe0 hal/src/hal_usb_device.o
 .text.usb_d_init
                0x0040162c       0xac hal/src/hal_usb_device.o
                0x0040162c                usb_d_init
 .text.ringbuffer_init
                0x004016d8       0x48 hal/utils/src/utils_ringbuffer.o
                0x004016d8                ringbuffer_init
 .text.ringbuffer_get
                0x00401720       0x4a hal/utils/src/utils_ringbuffer.o
                0x00401720                ringbuffer_get
 .text.ringbuffer_put
                0x0040176a       0x58 hal/utils/src/utils_ringbuffer.o
                0x0040176a                ringbuffer_put
 .text.ringbuffer_num
                0x004017c2       0x1e hal/utils/src/utils_ringbuffer.o
                0x004017c2                ringbuffer_num
 .text.hri_efc_write_EEFC_FMR_FWS_bf
                0x004017e0       0x38 hpl/core/hpl_init.o
 .text._fpu_enable
                0x00401818       0x44 hpl/core/hpl_init.o
 .text._init_chip
                0x0040185c       0x28 hpl/core/hpl_init.o
                0x0040185c                _init_chip
 .text.hri_dacc_write_CHDR_reg
                0x00401884       0x1c hpl/dac/hpl_dac.o
 .text.hri_dacc_write_CR_reg
                0x004018a0       0x1c hpl/dac/hpl_dac.o
 .text.hri_dacc_write_MR_reg
                0x004018bc       0x1c hpl/dac/hpl_dac.o
 .text.hri_dacc_write_TRIGR_reg
                0x004018d8       0x1c hpl/dac/hpl_dac.o
 .text.hri_dacc_write_WPMR_reg
                0x004018f4       0x1e hpl/dac/hpl_dac.o
 *fill*         0x00401912        0x2 
 .text._dac_sync_init
                0x00401914       0x28 hpl/dac/hpl_dac.o
                0x00401914                _dac_sync_init
 .text._dac_init
                0x0040193c       0x58 hpl/dac/hpl_dac.o
 .text._dac_write_protection_disable
                0x00401994       0x20 hpl/dac/hpl_dac.o
 .text.NVIC_EnableIRQ
                0x004019b4       0x34 hpl/pio/hpl_pio_ext.o
 .text.NVIC_DisableIRQ
                0x004019e8       0x34 hpl/pio/hpl_pio_ext.o
 .text.NVIC_ClearPendingIRQ
                0x00401a1c       0x34 hpl/pio/hpl_pio_ext.o
 .text.hri_pio_read_IMR_reg
                0x00401a50       0x18 hpl/pio/hpl_pio_ext.o
 .text.hri_pio_set_AIMMR_reg
                0x00401a68       0x1e hpl/pio/hpl_pio_ext.o
 .text.hri_pio_set_ELSR_reg
                0x00401a86       0x1e hpl/pio/hpl_pio_ext.o
 .text.hri_pio_clear_ELSR_reg
                0x00401aa4       0x1e hpl/pio/hpl_pio_ext.o
 .text.hri_pio_set_FRLHSR_reg
                0x00401ac2       0x1e hpl/pio/hpl_pio_ext.o
 .text.hri_pio_clear_FRLHSR_reg
                0x00401ae0       0x1e hpl/pio/hpl_pio_ext.o
 .text.hri_pio_read_ISR_reg
                0x00401afe       0x18 hpl/pio/hpl_pio_ext.o
 .text._ffs     0x00401b16       0x68 hpl/pio/hpl_pio_ext.o
 *fill*         0x00401b7e        0x2 
 .text._pio_get_hardware_index
                0x00401b80       0x24 hpl/pio/hpl_pio_ext.o
 .text._pio_get_index
                0x00401ba4       0x54 hpl/pio/hpl_pio_ext.o
 .text._ext_irq_handler
                0x00401bf8       0xf0 hpl/pio/hpl_pio_ext.o
 .text.PIOB_Handler
                0x00401ce8       0x10 hpl/pio/hpl_pio_ext.o
                0x00401ce8                PIOB_Handler
 .text._pio_init
                0x00401cf8       0xfc hpl/pio/hpl_pio_ext.o
 .text._ext_irq_init
                0x00401df4       0x2c hpl/pio/hpl_pio_ext.o
                0x00401df4                _ext_irq_init
 .text.hri_pmc_write_CKGR_UCKR_reg
                0x00401e20       0x1c hpl/pmc/hpl_pmc.o
 .text.hri_pmc_set_CKGR_MOR_reg
                0x00401e3c       0x22 hpl/pmc/hpl_pmc.o
 .text.hri_pmc_write_CKGR_MOR_reg
                0x00401e5e       0x1c hpl/pmc/hpl_pmc.o
 .text.hri_pmc_read_CKGR_MOR_reg
                0x00401e7a       0x18 hpl/pmc/hpl_pmc.o
 *fill*         0x00401e92        0x2 
 .text.hri_pmc_write_CKGR_PLLAR_MULA_bf
                0x00401e94       0x40 hpl/pmc/hpl_pmc.o
 .text.hri_pmc_write_CKGR_PLLAR_reg
                0x00401ed4       0x1c hpl/pmc/hpl_pmc.o
 .text.hri_pmc_write_MCKR_UPLLDIV2_bit
                0x00401ef0       0x38 hpl/pmc/hpl_pmc.o
 .text.hri_pmc_write_MCKR_CSS_bf
                0x00401f28       0x36 hpl/pmc/hpl_pmc.o
 .text.hri_pmc_write_MCKR_PRES_bf
                0x00401f5e       0x38 hpl/pmc/hpl_pmc.o
 .text.hri_pmc_write_MCKR_MDIV_bf
                0x00401f96       0x38 hpl/pmc/hpl_pmc.o
 .text.hri_pmc_get_SR_MOSCXTS_bit
                0x00401fce       0x26 hpl/pmc/hpl_pmc.o
 .text.hri_pmc_get_SR_LOCKA_bit
                0x00401ff4       0x26 hpl/pmc/hpl_pmc.o
 .text.hri_pmc_get_SR_MCKRDY_bit
                0x0040201a       0x26 hpl/pmc/hpl_pmc.o
 .text.hri_pmc_get_SR_LOCKU_bit
                0x00402040       0x26 hpl/pmc/hpl_pmc.o
 *fill*         0x00402066        0x2 
 .text._pmc_init_sources
                0x00402068       0xd8 hpl/pmc/hpl_pmc.o
 .text._pmc_init_master_clock
                0x00402140       0x90 hpl/pmc/hpl_pmc.o
 .text._pmc_init_program_clock
                0x004021d0        0xe hpl/pmc/hpl_pmc.o
 .text._pmc_init_fs_clock
                0x004021de        0xe hpl/pmc/hpl_pmc.o
 .text._pmc_init
                0x004021ec       0x28 hpl/pmc/hpl_pmc.o
                0x004021ec                _pmc_init
 .text.hri_spi_write_CR_reg
                0x00402214       0x1c hpl/spi/hpl_spi.o
 .text.hri_spi_write_MR_reg
                0x00402230       0x1c hpl/spi/hpl_spi.o
 .text.hri_spi_write_CSR_reg
                0x0040224c       0x26 hpl/spi/hpl_spi.o
 .text.hri_spi_get_SR_SPIENS_bit
                0x00402272       0x26 hpl/spi/hpl_spi.o
 .text._spi_get_hardware_index
                0x00402298       0x30 hpl/spi/hpl_spi.o
 .text._spi_get_tx_dma_channel
                0x004022c8       0x28 hpl/spi/hpl_spi.o
 .text._spi_get_rx_dma_channel
                0x004022f0       0x28 hpl/spi/hpl_spi.o
 .text._spi_get_regs
                0x00402318       0x60 hpl/spi/hpl_spi.o
 .text._spi_dma_rx_complete
                0x00402378       0x26 hpl/spi/hpl_spi.o
 .text._spi_dma_tx_complete
                0x0040239e       0x26 hpl/spi/hpl_spi.o
 .text._spi_dma_error_occured
                0x004023c4       0x26 hpl/spi/hpl_spi.o
 .text._spi_m_get_source_for_dma
                0x004023ea       0x18 hpl/spi/hpl_spi.o
 .text._spi_m_get_destination_for_dma
                0x00402402       0x18 hpl/spi/hpl_spi.o
 *fill*         0x0040241a        0x2 
 .text._spi_m_dma_init
                0x0040241c      0x11c hpl/spi/hpl_spi.o
                0x0040241c                _spi_m_dma_init
 .text._spi_m_dma_transfer
                0x00402538      0x124 hpl/spi/hpl_spi.o
                0x00402538                _spi_m_dma_transfer
 .text.hri_twihs_write_CR_reg
                0x0040265c       0x1c hpl/twihs/hpl_twihs.o
 .text.hri_twihs_write_THR_reg
                0x00402678       0x1c hpl/twihs/hpl_twihs.o
 .text.hri_twihs_write_MMR_reg
                0x00402694       0x1c hpl/twihs/hpl_twihs.o
 .text.hri_twihs_write_IADR_reg
                0x004026b0       0x1c hpl/twihs/hpl_twihs.o
 .text.hri_twihs_write_CWGR_reg
                0x004026cc       0x1c hpl/twihs/hpl_twihs.o
 .text.hri_twihs_write_SMBTR_reg
                0x004026e8       0x1c hpl/twihs/hpl_twihs.o
 .text.hri_twihs_write_FILTR_reg
                0x00402704       0x1c hpl/twihs/hpl_twihs.o
 .text.hri_twihs_get_SR_TXCOMP_bit
                0x00402720       0x26 hpl/twihs/hpl_twihs.o
 .text.hri_twihs_get_SR_RXRDY_bit
                0x00402746       0x26 hpl/twihs/hpl_twihs.o
 .text.hri_twihs_read_SR_reg
                0x0040276c       0x18 hpl/twihs/hpl_twihs.o
 .text.hri_twihs_read_RHR_reg
                0x00402784       0x18 hpl/twihs/hpl_twihs.o
 .text._get_i2cm_sync_cfg
                0x0040279c       0x54 hpl/twihs/hpl_twihs.o
 .text._i2c_m_sync_init
                0x004027f0       0x7c hpl/twihs/hpl_twihs.o
                0x004027f0                _i2c_m_sync_init
 .text._i2c_m_sync_transfer
                0x0040286c       0x54 hpl/twihs/hpl_twihs.o
                0x0040286c                _i2c_m_sync_transfer
 .text._i2c_m_sync_write
                0x004028c0      0x130 hpl/twihs/hpl_twihs.o
 .text._i2c_m_sync_read
                0x004029f0      0x140 hpl/twihs/hpl_twihs.o
 .text.NVIC_EnableIRQ
                0x00402b30       0x34 hpl/uart/hpl_uart.o
 .text.NVIC_DisableIRQ
                0x00402b64       0x34 hpl/uart/hpl_uart.o
 .text.NVIC_ClearPendingIRQ
                0x00402b98       0x34 hpl/uart/hpl_uart.o
 .text.hri_uart_get_IMR_RXRDY_bit
                0x00402bcc       0x26 hpl/uart/hpl_uart.o
 .text.hri_uart_set_IMR_TXRDY_bit
                0x00402bf2       0x1a hpl/uart/hpl_uart.o
 .text.hri_uart_get_IMR_TXRDY_bit
                0x00402c0c       0x28 hpl/uart/hpl_uart.o
 .text.hri_uart_clear_IMR_TXRDY_bit
                0x00402c34       0x1a hpl/uart/hpl_uart.o
 .text.hri_uart_set_IMR_TXEMPTY_bit
                0x00402c4e       0x1c hpl/uart/hpl_uart.o
 .text.hri_uart_get_IMR_TXEMPTY_bit
                0x00402c6a       0x28 hpl/uart/hpl_uart.o
 .text.hri_uart_clear_IMR_TXEMPTY_bit
                0x00402c92       0x1c hpl/uart/hpl_uart.o
 .text.hri_uart_write_CR_reg
                0x00402cae       0x1c hpl/uart/hpl_uart.o
 .text.hri_uart_write_THR_reg
                0x00402cca       0x1c hpl/uart/hpl_uart.o
 .text.hri_uart_write_MR_reg
                0x00402ce6       0x1c hpl/uart/hpl_uart.o
 .text.hri_uart_write_BRGR_reg
                0x00402d02       0x1c hpl/uart/hpl_uart.o
 .text.hri_uart_write_WPMR_reg
                0x00402d1e       0x1e hpl/uart/hpl_uart.o
 .text.hri_uart_get_SR_RXRDY_bit
                0x00402d3c       0x26 hpl/uart/hpl_uart.o
 .text.hri_uart_get_SR_TXRDY_bit
                0x00402d62       0x26 hpl/uart/hpl_uart.o
 .text.hri_uart_get_SR_TXEMPTY_bit
                0x00402d88       0x26 hpl/uart/hpl_uart.o
 .text.hri_uart_read_SR_reg
                0x00402dae       0x18 hpl/uart/hpl_uart.o
 .text.hri_uart_read_RHR_RXCHR_bf
                0x00402dc6       0x1a hpl/uart/hpl_uart.o
 .text.hri_uart_read_RHR_reg
                0x00402de0       0x18 hpl/uart/hpl_uart.o
 .text._uart_get_irq_num
                0x00402df8       0x58 hpl/uart/hpl_uart.o
 .text._uart_init_irq_param
                0x00402e50       0x2c hpl/uart/hpl_uart.o
 .text._usart_sync_init
                0x00402e7c       0x24 hpl/uart/hpl_uart.o
                0x00402e7c                _usart_sync_init
 .text._usart_async_init
                0x00402ea0       0x7c hpl/uart/hpl_uart.o
                0x00402ea0                _usart_async_init
 .text._usart_sync_write_byte
                0x00402f1c       0x28 hpl/uart/hpl_uart.o
                0x00402f1c                _usart_sync_write_byte
 .text._usart_async_write_byte
                0x00402f44       0x28 hpl/uart/hpl_uart.o
                0x00402f44                _usart_async_write_byte
 .text._usart_sync_read_byte
                0x00402f6c       0x24 hpl/uart/hpl_uart.o
                0x00402f6c                _usart_sync_read_byte
 .text._usart_sync_is_byte_sent
                0x00402f90       0x20 hpl/uart/hpl_uart.o
                0x00402f90                _usart_sync_is_byte_sent
 .text._usart_sync_is_byte_received
                0x00402fb0       0x20 hpl/uart/hpl_uart.o
                0x00402fb0                _usart_sync_is_byte_received
 .text._usart_async_enable_byte_sent_irq
                0x00402fd0       0x20 hpl/uart/hpl_uart.o
                0x00402fd0                _usart_async_enable_byte_sent_irq
 .text._usart_async_enable_tx_done_irq
                0x00402ff0       0x20 hpl/uart/hpl_uart.o
                0x00402ff0                _usart_async_enable_tx_done_irq
 .text._uart_get_hardware_index
                0x00403010       0x68 hpl/uart/hpl_uart.o
 .text._uart_get_usart_sync
                0x00403078       0x10 hpl/uart/hpl_uart.o
                0x00403078                _uart_get_usart_sync
 .text._uart_get_usart_async
                0x00403088       0x10 hpl/uart/hpl_uart.o
                0x00403088                _uart_get_usart_async
 .text._uart_interrupt_handler
                0x00403098      0x108 hpl/uart/hpl_uart.o
 .text.UART4_Handler
                0x004031a0       0x1c hpl/uart/hpl_uart.o
                0x004031a0                UART4_Handler
 .text._get_uart_index
                0x004031bc       0x50 hpl/uart/hpl_uart.o
 .text._uart_init
                0x0040320c       0x88 hpl/uart/hpl_uart.o
 .text.hri_usbhs_set_DEVIMR_SUSPE_bit
                0x00403294       0x1a hpl/usbhs/hpl_usbhs.o
 .text.hri_usbhs_clear_DEVIMR_WAKEUPE_bit
                0x004032ae       0x1a hpl/usbhs/hpl_usbhs.o
 .text.hri_usbhs_set_DEVIMR_reg
                0x004032c8       0x1c hpl/usbhs/hpl_usbhs.o
 .text.hri_usbhs_read_DEVIMR_reg
                0x004032e4       0x18 hpl/usbhs/hpl_usbhs.o
 .text.hri_usbhs_clear_DEVIMR_reg
                0x004032fc       0x1c hpl/usbhs/hpl_usbhs.o
 .text.hri_usbhs_get_DEVEPTISR_RXSTPI_bit
                0x00403318       0x32 hpl/usbhs/hpl_usbhs.o
 .text.hri_usbhs_get_DEVEPTISR_STALLEDI_bit
                0x0040334a       0x32 hpl/usbhs/hpl_usbhs.o
 .text.hri_usbhs_get_DEVEPTISR_RWALL_bit
                0x0040337c       0x32 hpl/usbhs/hpl_usbhs.o
 .text.hri_usbhs_get_DEVEPTISR_reg
                0x004033ae       0x30 hpl/usbhs/hpl_usbhs.o
 .text.hri_usbhs_read_DEVEPTISR_reg
                0x004033de       0x22 hpl/usbhs/hpl_usbhs.o
 .text.hri_usbhs_write_DEVEPTICR_reg
                0x00403400       0x26 hpl/usbhs/hpl_usbhs.o
 .text.hri_usbhs_write_DEVICR_reg
                0x00403426       0x1c hpl/usbhs/hpl_usbhs.o
 .text.hri_usbhs_write_DEVEPTIFR_reg
                0x00403442       0x26 hpl/usbhs/hpl_usbhs.o
 .text.hri_usbhs_write_DEVEPTIER_reg
                0x00403468       0x26 hpl/usbhs/hpl_usbhs.o
 .text.hri_usbhs_write_DEVEPTIDR_reg
                0x0040348e       0x26 hpl/usbhs/hpl_usbhs.o
 .text.hri_usbhs_set_DEVCTRL_ADDEN_bit
                0x004034b4       0x20 hpl/usbhs/hpl_usbhs.o
 .text.hri_usbhs_clear_DEVCTRL_ADDEN_bit
                0x004034d4       0x20 hpl/usbhs/hpl_usbhs.o
 .text.hri_usbhs_write_DEVCTRL_UADD_bf
                0x004034f4       0x36 hpl/usbhs/hpl_usbhs.o
 .text.hri_usbhs_write_DEVCTRL_reg
                0x0040352a       0x1c hpl/usbhs/hpl_usbhs.o
 .text.hri_usbhs_set_DEVEPTCFG_AUTOSW_bit
                0x00403546       0x30 hpl/usbhs/hpl_usbhs.o
 .text.hri_usbhs_clear_DEVEPTCFG_AUTOSW_bit
                0x00403576       0x30 hpl/usbhs/hpl_usbhs.o
 .text.hri_usbhs_read_DEVEPTCFG_EPTYPE_bf
                0x004035a6       0x30 hpl/usbhs/hpl_usbhs.o
 .text.hri_usbhs_get_CTRL_USBE_bit
                0x004035d6       0x32 hpl/usbhs/hpl_usbhs.o
 .text.hri_usbhs_write_CTRL_reg
                0x00403608       0x1e hpl/usbhs/hpl_usbhs.o
 .text.hri_usbhs_read_DEVISR_reg
                0x00403626       0x18 hpl/usbhs/hpl_usbhs.o
 .text.hri_usbhs_read_DEVEPTIMR_reg
                0x0040363e       0x22 hpl/usbhs/hpl_usbhs.o
 .text.hri_usbhs_write_DEVDMAADDRESS_reg
                0x00403660       0x2a hpl/usbhs/hpl_usbhs.o
 .text.hri_usbhs_write_DEVDMACONTROL_reg
                0x0040368a       0x2a hpl/usbhs/hpl_usbhs.o
 .text.hri_usbhs_get_DEVDMASTATUS_CHANN_ENB_bit
                0x004036b4       0x34 hpl/usbhs/hpl_usbhs.o
 .text.hri_usbhs_get_DEVDMASTATUS_END_TR_ST_bit
                0x004036e8       0x36 hpl/usbhs/hpl_usbhs.o
 .text.hri_usbhs_read_DEVDMASTATUS_BUFF_COUNT_bf
                0x0040371e       0x2a hpl/usbhs/hpl_usbhs.o
 .text._dummy_func_no_return
                0x00403748       0x16 hpl/usbhs/hpl_usbhs.o
 .text._dummy_func_return_false
                0x0040375e       0x18 hpl/usbhs/hpl_usbhs.o
 *fill*         0x00403776        0x2 
 .text._usbd_ep_int_ack
                0x00403778       0x28 hpl/usbhs/hpl_usbhs.o
 .text._usbd_ep_int_en
                0x004037a0       0x40 hpl/usbhs/hpl_usbhs.o
 .text._usbd_ep_int_dis
                0x004037e0       0x28 hpl/usbhs/hpl_usbhs.o
 .text._usbd_ep_is_ctrl
                0x00403808       0x30 hpl/usbhs/hpl_usbhs.o
 .text._usbd_ep_set_stall
                0x00403838       0x4c hpl/usbhs/hpl_usbhs.o
 .text._usbd_ep_is_stall_sent
                0x00403884       0x28 hpl/usbhs/hpl_usbhs.o
 .text._usbd_ep_ack_stall
                0x004038ac       0x20 hpl/usbhs/hpl_usbhs.o
 .text._usbd_ep_int_stall_en
                0x004038cc       0x3c hpl/usbhs/hpl_usbhs.o
 .text._usbd_ep_stop_setup
                0x00403908       0x28 hpl/usbhs/hpl_usbhs.o
 .text._usbd_ep_is_setup
                0x00403930       0x28 hpl/usbhs/hpl_usbhs.o
 .text._usbd_ep_ack_setup
                0x00403958       0x20 hpl/usbhs/hpl_usbhs.o
 .text._usbd_ep_reset_toggle
                0x00403978       0x2c hpl/usbhs/hpl_usbhs.o
 .text._usbd_ep_get_trans_count
                0x004039a4       0x30 hpl/usbhs/hpl_usbhs.o
 .text._usbd_ep_send_zlp_in
                0x004039d4       0x48 hpl/usbhs/hpl_usbhs.o
 .text._usbd_ep_set_in_rdy
                0x00403a1c       0x48 hpl/usbhs/hpl_usbhs.o
 .text._usbd_ep_set_out_rdy
                0x00403a64       0x48 hpl/usbhs/hpl_usbhs.o
 .text._usb_d_dev_sof
                0x00403aac       0x24 hpl/usbhs/hpl_usbhs.o
 .text._usb_d_dev_msof
                0x00403ad0       0x24 hpl/usbhs/hpl_usbhs.o
 .text._usb_d_dev_wakeup
                0x00403af4       0x44 hpl/usbhs/hpl_usbhs.o
 .text._usb_d_dev_reset
                0x00403b38       0x50 hpl/usbhs/hpl_usbhs.o
 .text._usb_d_dev_suspend
                0x00403b88       0x48 hpl/usbhs/hpl_usbhs.o
 .text._usb_d_dev_handle_nep
                0x00403bd0       0xa8 hpl/usbhs/hpl_usbhs.o
 .text._usb_d_dev_in_next
                0x00403c78      0x1c4 hpl/usbhs/hpl_usbhs.o
 .text._usb_d_dev_out_next
                0x00403e3c      0x148 hpl/usbhs/hpl_usbhs.o
 .text._usb_d_dev_dma_next
                0x00403f84      0x1b8 hpl/usbhs/hpl_usbhs.o
 .text._usb_d_dev_handle_setup
                0x0040413c       0xbc hpl/usbhs/hpl_usbhs.o
 .text._usb_d_dev_handle_stall
                0x004041f8       0x34 hpl/usbhs/hpl_usbhs.o
 .text._usb_d_dev_handle_overflow
                0x0040422c       0x54 hpl/usbhs/hpl_usbhs.o
 .text._usb_d_dev_trans_setup_isr
                0x00404280       0x40 hpl/usbhs/hpl_usbhs.o
 .text._usb_d_dev_trans_in_isr
                0x004042c0       0x4c hpl/usbhs/hpl_usbhs.o
 .text._usb_d_dev_trans_out_isr
                0x0040430c       0x64 hpl/usbhs/hpl_usbhs.o
 .text._usb_d_dev_handle_eps
                0x00404370       0xc8 hpl/usbhs/hpl_usbhs.o
 .text._usb_d_dev_handle_dma
                0x00404438       0xa4 hpl/usbhs/hpl_usbhs.o
 .text.USBHS_Handler
                0x004044dc       0xc8 hpl/usbhs/hpl_usbhs.o
                0x004044dc                USBHS_Handler
 .text._usb_d_dev_reset_epts
                0x004045a4       0x90 hpl/usbhs/hpl_usbhs.o
 .text._usb_d_dev_init
                0x00404634       0xa0 hpl/usbhs/hpl_usbhs.o
                0x00404634                _usb_d_dev_init
 .text._usb_d_dev_ep_stall_get
                0x004046d4       0x1e hpl/usbhs/hpl_usbhs.o
 *fill*         0x004046f2        0x2 
 .text._usb_d_dev_ep_stall_set
                0x004046f4       0x5c hpl/usbhs/hpl_usbhs.o
 .text._usb_d_dev_ep_stall_clr
                0x00404750       0xb4 hpl/usbhs/hpl_usbhs.o
 .text._usb_d_dev_ep_stall
                0x00404804       0x7c hpl/usbhs/hpl_usbhs.o
                0x00404804                _usb_d_dev_ep_stall
 .text._usb_d_dev_trans_done
                0x00404880       0x48 hpl/usbhs/hpl_usbhs.o
 .text._usb_d_dev_trans_stop
                0x004048c8       0x68 hpl/usbhs/hpl_usbhs.o
 .text._usb_d_dev_ep_read_req
                0x00404930       0xa4 hpl/usbhs/hpl_usbhs.o
                0x00404930                _usb_d_dev_ep_read_req
 .text._usb_d_dev_ep_trans
                0x004049d4      0x1c0 hpl/usbhs/hpl_usbhs.o
                0x004049d4                _usb_d_dev_ep_trans
 .text._usb_d_dev_register_ep_callback
                0x00404b94       0x58 hpl/usbhs/hpl_usbhs.o
                0x00404b94                _usb_d_dev_register_ep_callback
 .text.hri_xdmac_write_CSA_reg
                0x00404bec       0x28 hpl/xdmac/hpl_xdmac.o
 .text.hri_xdmac_write_CDA_reg
                0x00404c14       0x28 hpl/xdmac/hpl_xdmac.o
 .text.hri_xdmac_write_CUBC_reg
                0x00404c3c       0x28 hpl/xdmac/hpl_xdmac.o
 .text.hri_xdmac_get_CC_DWIDTH_bf
                0x00404c64       0x3a hpl/xdmac/hpl_xdmac.o
 .text.hri_xdmac_read_CC_DWIDTH_bf
                0x00404c9e       0x32 hpl/xdmac/hpl_xdmac.o
 .text.hri_xdmac_write_CC_SAM_bf
                0x00404cd0       0x4c hpl/xdmac/hpl_xdmac.o
 .text.hri_xdmac_write_CDS_MSP_SDS_MSP_bf
                0x00404d1c       0x4c hpl/xdmac/hpl_xdmac.o
 .text.hri_xdmac_read_CIS_reg
                0x00404d68       0x24 hpl/xdmac/hpl_xdmac.o
 .text.hri_xdmac_set_GS_reg
                0x00404d8c       0x1c hpl/xdmac/hpl_xdmac.o
 .text.hri_xdmac_write_GSWR_reg
                0x00404da8       0x1c hpl/xdmac/hpl_xdmac.o
 .text.hri_xdmac_read_GIS_reg
                0x00404dc4       0x18 hpl/xdmac/hpl_xdmac.o
 .text._dma_set_destination_address
                0x00404ddc       0x2c hpl/xdmac/hpl_xdmac.o
                0x00404ddc                _dma_set_destination_address
 .text._dma_set_source_address
                0x00404e08       0x2c hpl/xdmac/hpl_xdmac.o
                0x00404e08                _dma_set_source_address
 .text._dma_srcinc_enable
                0x00404e34       0x70 hpl/xdmac/hpl_xdmac.o
                0x00404e34                _dma_srcinc_enable
 .text._dma_set_data_amount
                0x00404ea4       0x44 hpl/xdmac/hpl_xdmac.o
                0x00404ea4                _dma_set_data_amount
 .text._dma_enable_transaction
                0x00404ee8       0x4c hpl/xdmac/hpl_xdmac.o
                0x00404ee8                _dma_enable_transaction
 .text._dma_get_channel_resource
                0x00404f34       0x30 hpl/xdmac/hpl_xdmac.o
                0x00404f34                _dma_get_channel_resource
 .text.XDMAC_Handler
                0x00404f64       0xa0 hpl/xdmac/hpl_xdmac.o
                0x00404f64                XDMAC_Handler
 .text.hri_pio_set_ODSR_reg
                0x00405004       0x1c main.o
 .text.hri_pio_get_ODSR_reg
                0x00405020       0x26 main.o
 .text.hri_pio_clear_ODSR_reg
                0x00405046       0x1c main.o
 *fill*         0x00405062        0x2 
 .text.port_to_reg
                0x00405064       0x24 main.o
 .text._gpio_toggle_level
                0x00405088       0x54 main.o
 .text.gpio_toggle_pin_level
                0x004050dc       0x30 main.o
 .text.glue_crash_and_burn
                0x0040510c       0x30 main.o
 .text.main     0x0040513c       0x20 main.o
                0x0040513c                main
 .text.__libc_init_array
                0x0040515c       0x48 c:/program files (x86)/atmel/studio/7.0/toolchain/arm/arm-gnu-toolchain/bin/../lib/gcc/arm-none-eabi/6.2.1/../../../../arm-none-eabi/lib/thumb/v7e-m\libc_nano.a(lib_a-init.o)
                0x0040515c                __libc_init_array
 .text.memcpy   0x004051a4       0x16 c:/program files (x86)/atmel/studio/7.0/toolchain/arm/arm-gnu-toolchain/bin/../lib/gcc/arm-none-eabi/6.2.1/../../../../arm-none-eabi/lib/thumb/v7e-m\libc_nano.a(lib_a-memcpy-stub.o)
                0x004051a4                memcpy
 .text.memset   0x004051ba       0x10 c:/program files (x86)/atmel/studio/7.0/toolchain/arm/arm-gnu-toolchain/bin/../lib/gcc/arm-none-eabi/6.2.1/../../../../arm-none-eabi/lib/thumb/v7e-m\libc_nano.a(lib_a-memset.o)
                0x004051ba                memset
 *(.glue_7t)
 .glue_7t       0x004051ca        0x0 linker stubs
 *(.glue_7)
 .glue_7        0x004051ca        0x0 linker stubs
 *(.rodata .rodata* .gnu.linkonce.r.*)
 *fill*         0x004051ca        0x2 
 .rodata        0x004051cc       0x1c hpl/pio/hpl_pio_ext.o
 .rodata        0x004051e8       0x14 hpl/spi/hpl_spi.o
 .rodata        0x004051fc       0x30 hpl/twihs/hpl_twihs.o
 .rodata        0x0040522c       0x13 hpl/usbhs/hpl_usbhs.o
 *(.ARM.extab* .gnu.linkonce.armextab.*)
                0x00405240                . = ALIGN (0x4)
 *fill*         0x0040523f        0x1 
 *(.init)
 .init          0x00405240        0x4 c:/program files (x86)/atmel/studio/7.0/toolchain/arm/arm-gnu-toolchain/bin/../lib/gcc/arm-none-eabi/6.2.1/thumb/v7e-m/crti.o
                0x00405240                _init
 .init          0x00405244        0x8 c:/program files (x86)/atmel/studio/7.0/toolchain/arm/arm-gnu-toolchain/bin/../lib/gcc/arm-none-eabi/6.2.1/thumb/v7e-m/crtn.o
                0x0040524c                . = ALIGN (0x4)
                0x0040524c                __preinit_array_start = .
 *(.preinit_array)
                0x0040524c                __preinit_array_end = .
                0x0040524c                . = ALIGN (0x4)
                0x0040524c                __init_array_start = .
 *(SORT(.init_array.*))
 *(.init_array)
 .init_array    0x0040524c        0x4 c:/program files (x86)/atmel/studio/7.0/toolchain/arm/arm-gnu-toolchain/bin/../lib/gcc/arm-none-eabi/6.2.1/thumb/v7e-m/crtbegin.o
                0x00405250                __init_array_end = .
                0x00405250                . = ALIGN (0x4)
 *crtbegin.o(.ctors)
 *(EXCLUDE_FILE(*crtend.o) .ctors)
 *(SORT(.ctors.*))
 *crtend.o(.ctors)
                0x00405250                . = ALIGN (0x4)
 *(.fini)
 .fini          0x00405250        0x4 c:/program files (x86)/atmel/studio/7.0/toolchain/arm/arm-gnu-toolchain/bin/../lib/gcc/arm-none-eabi/6.2.1/thumb/v7e-m/crti.o
                0x00405250                _fini
 .fini          0x00405254        0x8 c:/program files (x86)/atmel/studio/7.0/toolchain/arm/arm-gnu-toolchain/bin/../lib/gcc/arm-none-eabi/6.2.1/thumb/v7e-m/crtn.o
                0x0040525c                . = ALIGN (0x4)
                0x0040525c                __fini_array_start = .
 *(.fini_array)
 .fini_array    0x0040525c        0x4 c:/program files (x86)/atmel/studio/7.0/toolchain/arm/arm-gnu-toolchain/bin/../lib/gcc/arm-none-eabi/6.2.1/thumb/v7e-m/crtbegin.o
 *(SORT(.fini_array.*))
                0x00405260                __fini_array_end = .
 *crtbegin.o(.dtors)
 *(EXCLUDE_FILE(*crtend.o) .dtors)
 *(SORT(.dtors.*))
 *crtend.o(.dtors)
                0x00405260                . = ALIGN (0x4)
                0x00405260                _efixed = .
                [!provide]                PROVIDE (__exidx_start, .)

.vfp11_veneer   0x00405260        0x0
 .vfp11_veneer  0x00405260        0x0 linker stubs

.v4_bx          0x00405260        0x0
 .v4_bx         0x00405260        0x0 linker stubs

.iplt           0x00405260        0x0
 .iplt          0x00405260        0x0 c:/program files (x86)/atmel/studio/7.0/toolchain/arm/arm-gnu-toolchain/bin/../lib/gcc/arm-none-eabi/6.2.1/thumb/v7e-m/crtbegin.o

.eh_frame       0x00405260        0x0
 .eh_frame      0x00405260        0x0 c:/program files (x86)/atmel/studio/7.0/toolchain/arm/arm-gnu-toolchain/bin/../lib/gcc/arm-none-eabi/6.2.1/thumb/v7e-m/crtbegin.o

.rel.dyn        0x00405260        0x0
 .rel.iplt      0x00405260        0x0 c:/program files (x86)/atmel/studio/7.0/toolchain/arm/arm-gnu-toolchain/bin/../lib/gcc/arm-none-eabi/6.2.1/thumb/v7e-m/crtbegin.o

.jcr            0x00405260        0x0
 .jcr           0x00405260        0x0 c:/program files (x86)/atmel/studio/7.0/toolchain/arm/arm-gnu-toolchain/bin/../lib/gcc/arm-none-eabi/6.2.1/thumb/v7e-m/crtbegin.o

.igot.plt       0x00405260        0x0
 .igot.plt      0x00405260        0x0 c:/program files (x86)/atmel/studio/7.0/toolchain/arm/arm-gnu-toolchain/bin/../lib/gcc/arm-none-eabi/6.2.1/thumb/v7e-m/crtbegin.o

.ARM.exidx
 *(.ARM.exidx* .gnu.linkonce.armexidx.*)
                [!provide]                PROVIDE (__exidx_end, .)
                0x00405260                . = ALIGN (0x4)
                0x00405260                _etext = .

.relocate       0x20400000       0x20 load address 0x00405260
                0x20400000                . = ALIGN (0x4)
                0x20400000                _srelocate = .
 *(.ramfunc .ramfunc.*)
 *(.data .data.*)
 .data          0x20400000        0x8 hpl/dac/hpl_dac.o
 .data          0x20400008       0x18 hpl/uart/hpl_uart.o
                0x20400020                . = ALIGN (0x4)
                0x20400020                _erelocate = .

.bss            0x20400020      0x318 load address 0x00405280
                0x20400020                . = ALIGN (0x4)
                0x20400020                _sbss = .
                0x20400020                _szero = .
 *(.bss .bss.*)
 .bss           0x20400020       0x1c c:/program files (x86)/atmel/studio/7.0/toolchain/arm/arm-gnu-toolchain/bin/../lib/gcc/arm-none-eabi/6.2.1/thumb/v7e-m/crtbegin.o
 .bss           0x2040003c       0x10 driver_init.o
 .bss           0x2040004c        0x8 hal/src/hal_ext_irq.o
 .bss           0x20400054       0x80 hal/src/hal_usb_device.o
 .bss           0x204000d4        0x4 hpl/pio/hpl_pio_ext.o
 .bss           0x204000d8        0x4 hpl/uart/hpl_uart.o
 .bss           0x204000dc       0x64 hpl/usbhs/hpl_usbhs.o
 .bss           0x20400140      0x120 hpl/xdmac/hpl_xdmac.o
 *(COMMON)
 COMMON         0x20400260       0xd8 driver_init.o
                0x20400260                DAC_0
                0x20400274                SPI_0
                0x2040029c                USART_0
                0x204002a8                I2C_INSTANCE
                0x204002c8                USART_1
                0x20400318                I2C_0
                0x20400338                . = ALIGN (0x4)
                0x20400338                _ebss = .
                0x20400338                _ezero = .

.heap           0x20400338      0x200 load address 0x00405598
                0x20400338                . = ALIGN (0x8)
                0x20400338                _sheap = .
                0x20400538                . = (. + HEAP_SIZE)
 *fill*         0x20400338      0x200 
                0x20400538                . = ALIGN (0x8)
                0x20400538                _eheap = .

.stack          0x20400538      0x400 load address 0x00405798
                0x20400538                . = ALIGN (0x8)
                0x20400538                _sstack = .
                0x20400938                . = (. + STACK_SIZE)
 *fill*         0x20400538      0x400 
                0x20400938                . = ALIGN (0x8)
                0x20400938                _estack = .
                0x20400938                . = ALIGN (0x4)
                0x20400938                _end = .
                0x2045ffff                _ram_end_ = ((ORIGIN (ram) + LENGTH (ram)) - 0x1)
OUTPUT(BBRadio.elf elf32-littlearm)

.ARM.attributes
                0x00000000       0x2e
 .ARM.attributes
                0x00000000       0x1e c:/program files (x86)/atmel/studio/7.0/toolchain/arm/arm-gnu-toolchain/bin/../lib/gcc/arm-none-eabi/6.2.1/thumb/v7e-m/crti.o
 .ARM.attributes
                0x0000001e       0x2e c:/program files (x86)/atmel/studio/7.0/toolchain/arm/arm-gnu-toolchain/bin/../lib/gcc/arm-none-eabi/6.2.1/thumb/v7e-m/crtbegin.o
 .ARM.attributes
                0x0000004c       0x37 atmel_start.o
 .ARM.attributes
                0x00000083       0x37 Device_Startup/startup_sams70q21.o
 .ARM.attributes
                0x000000ba       0x37 driver_init.o
 .ARM.attributes
                0x000000f1       0x37 hal/src/hal_atomic.o
 .ARM.attributes
                0x00000128       0x37 hal/src/hal_dac_sync.o
 .ARM.attributes
                0x0000015f       0x37 hal/src/hal_ext_irq.o
 .ARM.attributes
                0x00000196       0x37 hal/src/hal_i2c_m_sync.o
 .ARM.attributes
                0x000001cd       0x37 hal/src/hal_spi_m_dma.o
 .ARM.attributes
                0x00000204       0x37 hal/src/hal_usart_async.o
 .ARM.attributes
                0x0000023b       0x37 hal/src/hal_usart_sync.o
 .ARM.attributes
                0x00000272       0x37 hal/src/hal_usb_device.o
 .ARM.attributes
                0x000002a9       0x37 hal/utils/src/utils_ringbuffer.o
 .ARM.attributes
                0x000002e0       0x37 hpl/core/hpl_init.o
 .ARM.attributes
                0x00000317       0x37 hpl/dac/hpl_dac.o
 .ARM.attributes
                0x0000034e       0x37 hpl/pio/hpl_pio_ext.o
 .ARM.attributes
                0x00000385       0x37 hpl/pmc/hpl_pmc.o
 .ARM.attributes
                0x000003bc       0x37 hpl/spi/hpl_spi.o
 .ARM.attributes
                0x000003f3       0x37 hpl/twihs/hpl_twihs.o
 .ARM.attributes
                0x0000042a       0x37 hpl/uart/hpl_uart.o
 .ARM.attributes
                0x00000461       0x37 hpl/usbhs/hpl_usbhs.o
 .ARM.attributes
                0x00000498       0x37 hpl/xdmac/hpl_xdmac.o
 .ARM.attributes
                0x000004cf       0x37 main.o
 .ARM.attributes
                0x00000506       0x2e c:/program files (x86)/atmel/studio/7.0/toolchain/arm/arm-gnu-toolchain/bin/../lib/gcc/arm-none-eabi/6.2.1/../../../../arm-none-eabi/lib/thumb/v7e-m\libc_nano.a(lib_a-init.o)
 .ARM.attributes
                0x00000534       0x2e c:/program files (x86)/atmel/studio/7.0/toolchain/arm/arm-gnu-toolchain/bin/../lib/gcc/arm-none-eabi/6.2.1/../../../../arm-none-eabi/lib/thumb/v7e-m\libc_nano.a(lib_a-memcpy-stub.o)
 .ARM.attributes
                0x00000562       0x2e c:/program files (x86)/atmel/studio/7.0/toolchain/arm/arm-gnu-toolchain/bin/../lib/gcc/arm-none-eabi/6.2.1/../../../../arm-none-eabi/lib/thumb/v7e-m\libc_nano.a(lib_a-memset.o)
 .ARM.attributes
                0x00000590       0x1e c:/program files (x86)/atmel/studio/7.0/toolchain/arm/arm-gnu-toolchain/bin/../lib/gcc/arm-none-eabi/6.2.1/thumb/v7e-m/crtn.o

.comment        0x00000000       0x59
 .comment       0x00000000       0x59 atmel_start.o
                                 0x5a (size before relaxing)
 .comment       0x00000059       0x5a Device_Startup/startup_sams70q21.o
 .comment       0x00000059       0x5a driver_init.o
 .comment       0x00000059       0x5a hal/src/hal_atomic.o
 .comment       0x00000059       0x5a hal/src/hal_dac_sync.o
 .comment       0x00000059       0x5a hal/src/hal_ext_irq.o
 .comment       0x00000059       0x5a hal/src/hal_i2c_m_sync.o
 .comment       0x00000059       0x5a hal/src/hal_spi_m_dma.o
 .comment       0x00000059       0x5a hal/src/hal_usart_async.o
 .comment       0x00000059       0x5a hal/src/hal_usart_sync.o
 .comment       0x00000059       0x5a hal/src/hal_usb_device.o
 .comment       0x00000059       0x5a hal/utils/src/utils_ringbuffer.o
 .comment       0x00000059       0x5a hpl/core/hpl_init.o
 .comment       0x00000059       0x5a hpl/dac/hpl_dac.o
 .comment       0x00000059       0x5a hpl/pio/hpl_pio_ext.o
 .comment       0x00000059       0x5a hpl/pmc/hpl_pmc.o
 .comment       0x00000059       0x5a hpl/spi/hpl_spi.o
 .comment       0x00000059       0x5a hpl/twihs/hpl_twihs.o
 .comment       0x00000059       0x5a hpl/uart/hpl_uart.o
 .comment       0x00000059       0x5a hpl/usbhs/hpl_usbhs.o
 .comment       0x00000059       0x5a hpl/xdmac/hpl_xdmac.o
 .comment       0x00000059       0x5a main.o

.debug_frame    0x00000000       0x74
 .debug_frame   0x00000000       0x2c c:/program files (x86)/atmel/studio/7.0/toolchain/arm/arm-gnu-toolchain/bin/../lib/gcc/arm-none-eabi/6.2.1/../../../../arm-none-eabi/lib/thumb/v7e-m\libc_nano.a(lib_a-init.o)
 .debug_frame   0x0000002c       0x28 c:/program files (x86)/atmel/studio/7.0/toolchain/arm/arm-gnu-toolchain/bin/../lib/gcc/arm-none-eabi/6.2.1/../../../../arm-none-eabi/lib/thumb/v7e-m\libc_nano.a(lib_a-memcpy-stub.o)
 .debug_frame   0x00000054       0x20 c:/program files (x86)/atmel/studio/7.0/toolchain/arm/arm-gnu-toolchain/bin/../lib/gcc/arm-none-eabi/6.2.1/../../../../arm-none-eabi/lib/thumb/v7e-m\libc_nano.a(lib_a-memset.o)
